Archive member included to satisfy reference by file (symbol)

/opt/ST/STM32CubeCLT_1.21.0/GNU-tools-for-STM32/bin/../lib/gcc/arm-none-eabi/14.3.1/../../../../arm-none-eabi/lib/thumb/v7e-m+fp/hard/libg_nano.a(libc_a-exit.o)
                              /opt/ST/STM32CubeCLT_1.21.0/GNU-tools-for-STM32/bin/../lib/gcc/arm-none-eabi/14.3.1/../../../../arm-none-eabi/lib/thumb/v7e-m+fp/hard/crt0.o (exit)
/opt/ST/STM32CubeCLT_1.21.0/GNU-tools-for-STM32/bin/../lib/gcc/arm-none-eabi/14.3.1/../../../../arm-none-eabi/lib/thumb/v7e-m+fp/hard/libg_nano.a(libc_a-findfp.o)
                              /opt/ST/STM32CubeCLT_1.21.0/GNU-tools-for-STM32/bin/../lib/gcc/arm-none-eabi/14.3.1/../../../../arm-none-eabi/lib/thumb/v7e-m+fp/hard/libg_nano.a(libc_a-exit.o) (__stdio_exit_handler)
/opt/ST/STM32CubeCLT_1.21.0/GNU-tools-for-STM32/bin/../lib/gcc/arm-none-eabi/14.3.1/../../../../arm-none-eabi/lib/thumb/v7e-m+fp/hard/libg_nano.a(libc_a-fwalk.o)
                              /opt/ST/STM32CubeCLT_1.21.0/GNU-tools-for-STM32/bin/../lib/gcc/arm-none-eabi/14.3.1/../../../../arm-none-eabi/lib/thumb/v7e-m+fp/hard/libg_nano.a(libc_a-findfp.o) (_fwalk_sglue)
/opt/ST/STM32CubeCLT_1.21.0/GNU-tools-for-STM32/bin/../lib/gcc/arm-none-eabi/14.3.1/../../../../arm-none-eabi/lib/thumb/v7e-m+fp/hard/libg_nano.a(libc_a-memset.o)
                              /opt/ST/STM32CubeCLT_1.21.0/GNU-tools-for-STM32/bin/../lib/gcc/arm-none-eabi/14.3.1/../../../../arm-none-eabi/lib/thumb/v7e-m+fp/hard/crt0.o (memset)
/opt/ST/STM32CubeCLT_1.21.0/GNU-tools-for-STM32/bin/../lib/gcc/arm-none-eabi/14.3.1/../../../../arm-none-eabi/lib/thumb/v7e-m+fp/hard/libg_nano.a(libc_a-init.o)
                              /opt/ST/STM32CubeCLT_1.21.0/GNU-tools-for-STM32/bin/../lib/gcc/arm-none-eabi/14.3.1/../../../../arm-none-eabi/lib/thumb/v7e-m+fp/hard/crt0.o (__libc_init_array)
/opt/ST/STM32CubeCLT_1.21.0/GNU-tools-for-STM32/bin/../lib/gcc/arm-none-eabi/14.3.1/../../../../arm-none-eabi/lib/thumb/v7e-m+fp/hard/libg_nano.a(libc_a-lock.o)
                              /opt/ST/STM32CubeCLT_1.21.0/GNU-tools-for-STM32/bin/../lib/gcc/arm-none-eabi/14.3.1/../../../../arm-none-eabi/lib/thumb/v7e-m+fp/hard/libg_nano.a(libc_a-findfp.o) (__retarget_lock_init_recursive)
/opt/ST/STM32CubeCLT_1.21.0/GNU-tools-for-STM32/bin/../lib/gcc/arm-none-eabi/14.3.1/../../../../arm-none-eabi/lib/thumb/v7e-m+fp/hard/libg_nano.a(libc_a-impure.o)
                              /opt/ST/STM32CubeCLT_1.21.0/GNU-tools-for-STM32/bin/../lib/gcc/arm-none-eabi/14.3.1/../../../../arm-none-eabi/lib/thumb/v7e-m+fp/hard/libg_nano.a(libc_a-findfp.o) (_impure_data)
/opt/ST/STM32CubeCLT_1.21.0/GNU-tools-for-STM32/bin/../lib/gcc/arm-none-eabi/14.3.1/../../../../arm-none-eabi/lib/thumb/v7e-m+fp/hard/libg_nano.a(libc_a-mallocr.o)
                              /opt/ST/STM32CubeCLT_1.21.0/GNU-tools-for-STM32/bin/../lib/gcc/arm-none-eabi/14.3.1/../../../../arm-none-eabi/lib/thumb/v7e-m+fp/hard/libg_nano.a(libc_a-findfp.o) (_malloc_r)
/opt/ST/STM32CubeCLT_1.21.0/GNU-tools-for-STM32/bin/../lib/gcc/arm-none-eabi/14.3.1/../../../../arm-none-eabi/lib/thumb/v7e-m+fp/hard/libg_nano.a(libc_a-fflush.o)
                              /opt/ST/STM32CubeCLT_1.21.0/GNU-tools-for-STM32/bin/../lib/gcc/arm-none-eabi/14.3.1/../../../../arm-none-eabi/lib/thumb/v7e-m+fp/hard/libg_nano.a(libc_a-findfp.o) (_fflush_r)
/opt/ST/STM32CubeCLT_1.21.0/GNU-tools-for-STM32/bin/../lib/gcc/arm-none-eabi/14.3.1/../../../../arm-none-eabi/lib/thumb/v7e-m+fp/hard/libg_nano.a(libc_a-mlock.o)
                              /opt/ST/STM32CubeCLT_1.21.0/GNU-tools-for-STM32/bin/../lib/gcc/arm-none-eabi/14.3.1/../../../../arm-none-eabi/lib/thumb/v7e-m+fp/hard/libg_nano.a(libc_a-mallocr.o) (__malloc_lock)
/opt/ST/STM32CubeCLT_1.21.0/GNU-tools-for-STM32/bin/../lib/gcc/arm-none-eabi/14.3.1/../../../../arm-none-eabi/lib/thumb/v7e-m+fp/hard/libg_nano.a(libc_a-stdio.o)
                              /opt/ST/STM32CubeCLT_1.21.0/GNU-tools-for-STM32/bin/../lib/gcc/arm-none-eabi/14.3.1/../../../../arm-none-eabi/lib/thumb/v7e-m+fp/hard/libg_nano.a(libc_a-findfp.o) (__sread)
/opt/ST/STM32CubeCLT_1.21.0/GNU-tools-for-STM32/bin/../lib/gcc/arm-none-eabi/14.3.1/../../../../arm-none-eabi/lib/thumb/v7e-m+fp/hard/libg_nano.a(libc_a-lseekr.o)
                              /opt/ST/STM32CubeCLT_1.21.0/GNU-tools-for-STM32/bin/../lib/gcc/arm-none-eabi/14.3.1/../../../../arm-none-eabi/lib/thumb/v7e-m+fp/hard/libg_nano.a(libc_a-stdio.o) (_lseek_r)
/opt/ST/STM32CubeCLT_1.21.0/GNU-tools-for-STM32/bin/../lib/gcc/arm-none-eabi/14.3.1/../../../../arm-none-eabi/lib/thumb/v7e-m+fp/hard/libg_nano.a(libc_a-readr.o)
                              /opt/ST/STM32CubeCLT_1.21.0/GNU-tools-for-STM32/bin/../lib/gcc/arm-none-eabi/14.3.1/../../../../arm-none-eabi/lib/thumb/v7e-m+fp/hard/libg_nano.a(libc_a-stdio.o) (_read_r)
/opt/ST/STM32CubeCLT_1.21.0/GNU-tools-for-STM32/bin/../lib/gcc/arm-none-eabi/14.3.1/../../../../arm-none-eabi/lib/thumb/v7e-m+fp/hard/libg_nano.a(libc_a-sbrkr.o)
[...]
Memory Configuration

Name             Origin             Length             Attributes
RAM              0x20000000         0x00020000         xrw
FLASH            0x08000000         0x00080000         xr
*default*        0x00000000         0xffffffff

Linker script and memory map

LOAD /opt/ST/STM32CubeCLT_1.21.0/GNU-tools-for-STM32/bin/../lib/gcc/arm-none-eabi/14.3.1/thumb/v7e-m+fp/hard/crti.o
LOAD /opt/ST/STM32CubeCLT_1.21.0/GNU-tools-for-STM32/bin/../lib/gcc/arm-none-eabi/14.3.1/thumb/v7e-m+fp/hard/crtbegin.o
LOAD /opt/ST/STM32CubeCLT_1.21.0/GNU-tools-for-STM32/bin/../lib/gcc/arm-none-eabi/14.3.1/../../../../arm-none-eabi/lib/thumb/v7e-m+fp/hard/crt0.o
LOAD cmake/stm32cubemx/CMakeFiles/STM32_StdPeriph.dir/__/__/Drivers/system_stm32f4xx.c.obj
LOAD cmake/stm32cubemx/CMakeFiles/STM32_StdPeriph.dir/__/__/Drivers/STM32F4xx_StdPeriph_Driver/src/misc.c.obj
LOAD cmake/stm32cubemx/CMakeFiles/STM32_StdPeriph.dir/__/__/Drivers/STM32F4xx_StdPeriph_Driver/src/stm32f4xx_rcc.c.obj
LOAD cmake/stm32cubemx/CMakeFiles/STM32_StdPeriph.dir/__/__/Drivers/STM32F4xx_StdPeriph_Driver/src/stm32f4xx_gpio.c.obj
LOAD cmake/stm32cubemx/CMakeFiles/STM32_StdPeriph.dir/__/__/Drivers/STM32F4xx_StdPeriph_Driver/src/stm32f4xx_syscfg.c.obj
LOAD cmake/stm32cubemx/CMakeFiles/STM32_StdPeriph.dir/__/__/Drivers/STM32F4xx_StdPeriph_Driver/src/stm32f4xx_exti.c.obj
LOAD cmake/stm32cubemx/CMakeFiles/STM32_StdPeriph.dir/__/__/Drivers/STM32F4xx_StdPeriph_Driver/src/stm32f4xx_usart.c.obj
LOAD CMakeFiles/cubemx_cmake_demo.dir/Core/Src/main.c.obj
LOAD CMakeFiles/cubemx_cmake_demo.dir/Core/Src/usart.c.obj
LOAD CMakeFiles/cubemx_cmake_demo.dir/Drivers/stm32f4xx_it.c.obj
LOAD CMakeFiles/cubemx_cmake_demo.dir/startup_stm32f411xe.s.obj
LOAD /opt/ST/STM32CubeCLT_1.21.0/GNU-tools-for-STM32/bin/../lib/gcc/arm-none-eabi/14.3.1/../../../../arm-none-eabi/lib/thumb/v7e-m+fp/hard/libm.a
START GROUP
LOAD /opt/ST/STM32CubeCLT_1.21.0/GNU-tools-for-STM32/bin/../lib/gcc/arm-none-eabi/14.3.1/thumb/v7e-m+fp/hard/libgcc.a
LOAD /opt/ST/STM32CubeCLT_1.21.0/GNU-tools-for-STM32/bin/../lib/gcc/arm-none-eabi/14.3.1/../../../../arm-none-eabi/lib/thumb/v7e-m+fp/hard/libg_nano.a
LOAD /opt/ST/STM32CubeCLT_1.21.0/GNU-tools-for-STM32/bin/../lib/gcc/arm-none-eabi/14.3.1/../../../../arm-none-eabi/lib/thumb/v7e-m+fp/hard/libc_nano.a
END GROUP
START GROUP
LOAD /opt/ST/STM32CubeCLT_1.21.0/GNU-tools-for-STM32/bin/../lib/gcc/arm-none-eabi/14.3.1/thumb/v7e-m+fp/hard/libgcc.a
LOAD /opt/ST/STM32CubeCLT_1.21.0/GNU-tools-for-STM32/bin/../lib/gcc/arm-none-eabi/14.3.1/../../../../arm-none-eabi/lib/thumb/v7e-m+fp/hard/libc_nano.a
END GROUP
LOAD /opt/ST/STM32CubeCLT_1.21.0/GNU-tools-for-STM32/bin/../lib/gcc/arm-none-eabi/14.3.1/thumb/v7e-m+fp/hard/crtend.o
LOAD /opt/ST/STM32CubeCLT_1.21.0/GNU-tools-for-STM32/bin/../lib/gcc/arm-none-eabi/14.3.1/thumb/v7e-m+fp/hard/crtn.o
                0x20020000                        _estack = (ORIGIN (RAM) + LENGTH (RAM))
                0x2001fc00                        _sstack = (_estack - _Min_Stack_Size)
                0x00000200                        _Min_Heap_Size = 0x200
                0x00000400                        _Min_Stack_Size = 0x400

.isr_vector     0x08000000      0x198
                0x08000000                        . = ALIGN (0x4)
 *(.isr_vector)
 .isr_vector    0x08000000      0x198 CMakeFiles/cubemx_cmake_demo.dir/startup_stm32f411xe.s.obj
                0x08000000                g_pfnVectors
                0x08000198                        . = ALIGN (0x4)

.text           0x08000198      0xcdc
                0x08000198                        . = ALIGN (0x4)
 *(.text)
 .text          0x08000198       0x40 /opt/ST/STM32CubeCLT_1.21.0/GNU-tools-for-STM32/bin/../lib/gcc/arm-none-eabi/14.3.1/thumb/v7e-m+fp/hard/crtbegin.o
 *(.text*)
 .text.SystemInit
                0x080001d8       0x6c cmake/stm32cubemx/CMakeFiles/STM32_StdPeriph.dir/__/__/Drivers/system_stm32f4xx.c.obj
                0x080001d8                SystemInit
 .text.SetSysClock
                0x08000244       0xa4 cmake/stm32cubemx/CMakeFiles/STM32_StdPeriph.dir/__/__/Drivers/system_stm32f4xx.c.obj
 .text.NVIC_Init
                0x080002e8       0xc4 cmake/stm32cubemx/CMakeFiles/STM32_StdPeriph.dir/__/__/Drivers/STM32F4xx_StdPeriph_Driver/src/misc.c.obj
                0x080002e8                NVIC_Init
 .text.RCC_GetClocksFreq
                0x080003ac      0x15c cmake/stm32cubemx/CMakeFiles/STM32_StdPeriph.dir/__/__/Drivers/STM32F4xx_StdPeriph_Driver/src/stm32f4xx_rcc.c.obj
                0x080003ac                RCC_GetClocksFreq
 .text.RCC_AHB1PeriphClockCmd
                0x08000508       0x40 cmake/stm32cubemx/CMakeFiles/STM32_StdPeriph.dir/__/__/Drivers/STM32F4xx_StdPeriph_Driver/src/stm32f4xx_rcc.c.obj
                0x08000508                RCC_AHB1PeriphClockCmd
 .text.RCC_APB2PeriphClockCmd
                0x08000548       0x40 cmake/stm32cubemx/CMakeFiles/STM32_StdPeriph.dir/__/__/Drivers/STM32F4xx_StdPeriph_Driver/src/stm32f4xx_rcc.c.obj
                0x08000548                RCC_APB2PeriphClockCmd
 .text.GPIO_Init
                0x08000588      0x11e cmake/stm32cubemx/CMakeFiles/STM32_StdPeriph.dir/__/__/Drivers/STM32F4xx_StdPeriph_Driver/src/stm32f4xx_gpio.c.obj
                0x08000588                GPIO_Init
 .text.GPIO_PinAFConfig
                0x080006a6       0x92 cmake/stm32cubemx/CMakeFiles/STM32_StdPeriph.dir/__/__/Drivers/STM32F4xx_StdPeriph_Driver/src/stm32f4xx_gpio.c.obj
                0x080006a6                GPIO_PinAFConfig
 .text.USART_Init
                0x08000738      0x174 cmake/stm32cubemx/CMakeFiles/STM32_StdPeriph.dir/__/__/Drivers/STM32F4xx_StdPeriph_Driver/src/stm32f4xx_usart.c.obj
                0x08000738                USART_Init
 .text.USART_Cmd
                0x080008ac       0x40 cmake/stm32cubemx/CMakeFiles/STM32_StdPeriph.dir/__/__/Drivers/STM32F4xx_StdPeriph_Driver/src/stm32f4xx_usart.c.obj
                0x080008ac                USART_Cmd
 .text.USART_SendData
                0x080008ec       0x24 cmake/stm32cubemx/CMakeFiles/STM32_StdPeriph.dir/__/__/Drivers/STM32F4xx_StdPeriph_Driver/src/stm32f4xx_usart.c.obj
                0x080008ec                USART_SendData
 .text.USART_ReceiveData
                0x08000910       0x20 cmake/stm32cubemx/CMakeFiles/STM32_StdPeriph.dir/__/__/Drivers/STM32F4xx_StdPeriph_Driver/src/stm32f4xx_usart.c.obj
                0x08000910                USART_ReceiveData
 .text.USART_ITConfig
                0x08000930       0x90 cmake/stm32cubemx/CMakeFiles/STM32_StdPeriph.dir/__/__/Drivers/STM32F4xx_StdPeriph_Driver/src/stm32f4xx_usart.c.obj
                0x08000930                USART_ITConfig
 .text.USART_GetFlagStatus
                0x080009c0       0x38 cmake/stm32cubemx/CMakeFiles/STM32_StdPeriph.dir/__/__/Drivers/STM32F4xx_StdPeriph_Driver/src/stm32f4xx_usart.c.obj
                0x080009c0                USART_GetFlagStatus
 .text.USART_GetITStatus
                0x080009f8       0xb6 cmake/stm32cubemx/CMakeFiles/STM32_StdPeriph.dir/__/__/Drivers/STM32F4xx_StdPeriph_Driver/src/stm32f4xx_usart.c.obj
                0x080009f8                USART_GetITStatus
 .text.USART_ClearITPendingBit
                0x08000aae       0x3a cmake/stm32cubemx/CMakeFiles/STM32_StdPeriph.dir/__/__/Drivers/STM32F4xx_StdPeriph_Driver/src/stm32f4xx_usart.c.obj
                0x08000aae                USART_ClearITPendingBit
 .text.NVIC_SetPriority
                0x08000ae8       0x54 CMakeFiles/cubemx_cmake_demo.dir/Core/Src/main.c.obj
 .text.SysTick_Config
                0x08000b3c       0x44 CMakeFiles/cubemx_cmake_demo.dir/Core/Src/main.c.obj
 .text.main     0x08000b80       0x48 CMakeFiles/cubemx_cmake_demo.dir/Core/Src/main.c.obj
                0x08000b80                main
 .text.Delay    0x08000bc8       0x2c CMakeFiles/cubemx_cmake_demo.dir/Core/Src/main.c.obj
 .text.TimingDelay_Decrement
                0x08000bf4       0x24 CMakeFiles/cubemx_cmake_demo.dir/Core/Src/main.c.obj
                0x08000bf4                TimingDelay_Decrement
 .text.USART1_Config
                0x08000c18       0xd0 CMakeFiles/cubemx_cmake_demo.dir/Core/Src/usart.c.obj
                0x08000c18                USART1_Config
 .text.USART1_SendByte
                0x08000ce8       0x34 CMakeFiles/cubemx_cmake_demo.dir/Core/Src/usart.c.obj
                0x08000ce8                USART1_SendByte
 .text.USART1_IRQHandler
                0x08000d1c       0x40 CMakeFiles/cubemx_cmake_demo.dir/Core/Src/usart.c.obj
                0x08000d1c                USART1_IRQHandler
 .text.NMI_Handler
                0x08000d5c        0xe CMakeFiles/cubemx_cmake_demo.dir/Drivers/stm32f4xx_it.c.obj
                0x08000d5c                NMI_Handler
 .text.HardFault_Handler
                0x08000d6a        0x8 CMakeFiles/cubemx_cmake_demo.dir/Drivers/stm32f4xx_it.c.obj
                0x08000d6a                HardFault_Handler
 .text.MemManage_Handler
                0x08000d72        0x8 CMakeFiles/cubemx_cmake_demo.dir/Drivers/stm32f4xx_it.c.obj
                0x08000d72                MemManage_Handler
 .text.BusFault_Handler
                0x08000d7a        0x8 CMakeFiles/cubemx_cmake_demo.dir/Drivers/stm32f4xx_it.c.obj
                0x08000d7a                BusFault_Handler
 .text.UsageFault_Handler
                0x08000d82        0x8 CMakeFiles/cubemx_cmake_demo.dir/Drivers/stm32f4xx_it.c.obj
                0x08000d82                UsageFault_Handler
 .text.SVC_Handler
                0x08000d8a        0xe CMakeFiles/cubemx_cmake_demo.dir/Drivers/stm32f4xx_it.c.obj
                0x08000d8a                SVC_Handler
 .text.DebugMon_Handler
                0x08000d98        0xe CMakeFiles/cubemx_cmake_demo.dir/Drivers/stm32f4xx_it.c.obj
                0x08000d98                DebugMon_Handler
 .text.PendSV_Handler
                0x08000da6        0xe CMakeFiles/cubemx_cmake_demo.dir/Drivers/stm32f4xx_it.c.obj
                0x08000da6                PendSV_Handler
 .text.SysTick_Handler
                0x08000db4        0xc CMakeFiles/cubemx_cmake_demo.dir/Drivers/stm32f4xx_it.c.obj
                0x08000db4                SysTick_Handler
 .text.Reset_Handler
                0x08000dc0       0x50 CMakeFiles/cubemx_cmake_demo.dir/startup_stm32f411xe.s.obj
                0x08000dc0                Reset_Handler
 .text.Default_Handler
                0x08000e10        0x2 CMakeFiles/cubemx_cmake_demo.dir/startup_stm32f411xe.s.obj
                0x08000e10                DMA1_Stream3_IRQHandler
                0x08000e10                EXTI2_IRQHandler
                0x08000e10                SPI4_IRQHandler
                0x08000e10                TIM1_CC_IRQHandler
                0x08000e10                DMA2_Stream5_IRQHandler
                0x08000e10                DMA1_Stream5_IRQHandler
                0x08000e10                PVD_IRQHandler
                0x08000e10                SDIO_IRQHandler
                0x08000e10                TAMP_STAMP_IRQHandler
                0x08000e10                EXTI3_IRQHandler
                0x08000e10                TIM1_UP_TIM10_IRQHandler
                0x08000e10                I2C3_ER_IRQHandler
                0x08000e10                EXTI0_IRQHandler
                0x08000e10                I2C2_EV_IRQHandler
                0x08000e10                DMA1_Stream2_IRQHandler
                0x08000e10                FPU_IRQHandler
                0x08000e10                DMA2_Stream2_IRQHandler
                0x08000e10                SPI1_IRQHandler
                0x08000e10                TIM1_BRK_TIM9_IRQHandler
                0x08000e10                DMA2_Stream3_IRQHandler
                0x08000e10                USART6_IRQHandler
                0x08000e10                DMA2_Stream0_IRQHandler
                0x08000e10                TIM4_IRQHandler
                0x08000e10                I2C1_EV_IRQHandler
                0x08000e10                DMA1_Stream6_IRQHandler
                0x08000e10                DMA1_Stream1_IRQHandler
                0x08000e10                TIM3_IRQHandler
                0x08000e10                RCC_IRQHandler
                0x08000e10                Default_Handler
                0x08000e10                EXTI15_10_IRQHandler
                0x08000e10                ADC_IRQHandler
                0x08000e10                DMA1_Stream7_IRQHandler
                0x08000e10                SPI5_IRQHandler
                0x08000e10                TIM5_IRQHandler
                0x08000e10                DMA2_Stream7_IRQHandler
                0x08000e10                I2C3_EV_IRQHandler
                0x08000e10                EXTI9_5_IRQHandler
                0x08000e10                RTC_WKUP_IRQHandler
                0x08000e10                SPI2_IRQHandler
                0x08000e10                DMA1_Stream0_IRQHandler
                0x08000e10                EXTI4_IRQHandler
                0x08000e10                WWDG_IRQHandler
                0x08000e10                TIM2_IRQHandler
                0x08000e10                OTG_FS_WKUP_IRQHandler
                0x08000e10                TIM1_TRG_COM_TIM11_IRQHandler
                0x08000e10                EXTI1_IRQHandler
                0x08000e10                USART2_IRQHandler
                0x08000e10                I2C2_ER_IRQHandler
                0x08000e10                DMA2_Stream1_IRQHandler
                0x08000e10                FLASH_IRQHandler
                0x08000e10                DMA2_Stream4_IRQHandler
                0x08000e10                OTG_FS_IRQHandler
                0x08000e10                SPI3_IRQHandler
                0x08000e10                DMA1_Stream4_IRQHandler
                0x08000e10                I2C1_ER_IRQHandler
                0x08000e10                DMA2_Stream6_IRQHandler
                0x08000e10                RTC_Alarm_IRQHandler
 *fill*         0x08000e12        0x2 
 .text.__libc_init_array
                0x08000e14       0x48 /opt/ST/STM32CubeCLT_1.21.0/GNU-tools-for-STM32/bin/../lib/gcc/arm-none-eabi/14.3.1/../../../../arm-none-eabi/lib/thumb/v7e-m+fp/hard/libg_nano.a(libc_a-init.o)
                0x08000e14                __libc_init_array
 *(.glue_7)
 .glue_7        0x08000e5c        0x0 linker stubs
 *(.glue_7t)
 .glue_7t       0x08000e5c        0x0 linker stubs
 *(.eh_frame)
 .eh_frame      0x08000e5c        0x0 /opt/ST/STM32CubeCLT_1.21.0/GNU-tools-for-STM32/bin/../lib/gcc/arm-none-eabi/14.3.1/thumb/v7e-m+fp/hard/crtbegin.o
 *(.init)
 .init          0x08000e5c        0x4 /opt/ST/STM32CubeCLT_1.21.0/GNU-tools-for-STM32/bin/../lib/gcc/arm-none-eabi/14.3.1/thumb/v7e-m+fp/hard/crti.o
                0x08000e5c                _init
 .init          0x08000e60        0x8 /opt/ST/STM32CubeCLT_1.21.0/GNU-tools-for-STM32/bin/../lib/gcc/arm-none-eabi/14.3.1/thumb/v7e-m+fp/hard/crtn.o
 *(.fini)
 .fini          0x08000e68        0x4 /opt/ST/STM32CubeCLT_1.21.0/GNU-tools-for-STM32/bin/../lib/gcc/arm-none-eabi/14.3.1/thumb/v7e-m+fp/hard/crti.o
                0x08000e68                _fini
 .fini          0x08000e6c        0x8 /opt/ST/STM32CubeCLT_1.21.0/GNU-tools-for-STM32/bin/../lib/gcc/arm-none-eabi/14.3.1/thumb/v7e-m+fp/hard/crtn.o
                0x08000e74                        . = ALIGN (0x4)
                0x08000e74                        _etext = .

.vfp11_veneer   0x08000e74        0x0
 .vfp11_veneer  0x08000e74        0x0 linker stubs

.v4_bx          0x08000e74        0x0
 .v4_bx         0x08000e74        0x0 linker stubs

.iplt           0x08000e74        0x0
 .iplt          0x08000e74        0x0 /opt/ST/STM32CubeCLT_1.21.0/GNU-tools-for-STM32/bin/../lib/gcc/arm-none-eabi/14.3.1/thumb/v7e-m+fp/hard/crtbegin.o

.rodata         0x08000e74       0x10
                0x08000e74                        . = ALIGN (0x4)
 *(.rodata)
 *(.rodata*)
 .rodata.APBAHBPrescTable
                0x08000e74       0x10 cmake/stm32cubemx/CMakeFiles/STM32_StdPeriph.dir/__/__/Drivers/STM32F4xx_StdPeriph_Driver/src/stm32f4xx_rcc.c.obj
                0x08000e84                        . = ALIGN (0x4)

.ARM.extab      0x08000e84        0x0
                0x08000e84                        . = ALIGN (0x4)
 *(.ARM.extab* .gnu.linkonce.armextab.*)
                0x08000e84                        . = ALIGN (0x4)

.ARM            0x08000e84        0x0
                0x08000e84                        . = ALIGN (0x4)
                0x08000e84                        __exidx_start = .
 *(.ARM.exidx*)
                0x08000e84                        __exidx_end = .
                0x08000e84                        . = ALIGN (0x4)

.preinit_array  0x08000e84        0x0
                0x08000e84                        . = ALIGN (0x4)
                0x08000e84                        PROVIDE (__preinit_array_start = .)
 *(.preinit_array*)
                0x08000e84                        PROVIDE (__preinit_array_end = .)
                0x08000e84                        . = ALIGN (0x4)

.init_array     0x08000e84        0x4
                0x08000e84                        . = ALIGN (0x4)
                0x08000e84                        PROVIDE (__init_array_start = .)
 *(SORT_BY_NAME(.init_array.*))
 *(.init_array*)
 .init_array    0x08000e84        0x4 /opt/ST/STM32CubeCLT_1.21.0/GNU-tools-for-STM32/bin/../lib/gcc/arm-none-eabi/14.3.1/thumb/v7e-m+fp/hard/crtbegin.o
                0x08000e88                        PROVIDE (__init_array_end = .)
                0x08000e88                        . = ALIGN (0x4)

.fini_array     0x08000e88        0x4
                0x08000e88                        . = ALIGN (0x4)
                [!provide]                        PROVIDE (__fini_array_start = .)
 *(SORT_BY_NAME(.fini_array.*))
 *(.fini_array*)
 .fini_array    0x08000e88        0x4 /opt/ST/STM32CubeCLT_1.21.0/GNU-tools-for-STM32/bin/../lib/gcc/arm-none-eabi/14.3.1/thumb/v7e-m+fp/hard/crtbegin.o
                [!provide]                        PROVIDE (__fini_array_end = .)
                0x08000e8c                        . = ALIGN (0x4)
                0x08000e8c                        _sidata = LOADADDR (.data)

.rel.dyn        0x08000e8c        0x0
 .rel.iplt      0x08000e8c        0x0 /opt/ST/STM32CubeCLT_1.21.0/GNU-tools-for-STM32/bin/../lib/gcc/arm-none-eabi/14.3.1/thumb/v7e-m+fp/hard/crtbegin.o

.data           0x20000000        0x0 load address 0x08000e8c
                0x20000000                        . = ALIGN (0x4)
                0x20000000                        _sdata = .
 *(.data)
 *(.data*)
 *(.RamFunc)
 *(.RamFunc*)
                0x20000000                        . = ALIGN (0x4)

.igot.plt       0x20000000        0x0 load address 0x08000e8c
 .igot.plt      0x20000000        0x0 /opt/ST/STM32CubeCLT_1.21.0/GNU-tools-for-STM32/bin/../lib/gcc/arm-none-eabi/14.3.1/thumb/v7e-m+fp/hard/crtbegin.o

.tdata          0x20000000        0x0 load address 0x08000e8c
 *(.tdata .tdata.* .gnu.linkonce.td.*)
                0x20000000                        . = ALIGN (0x4)
                0x20000000                        _edata = .
                [!provide]                        PROVIDE (__data_end = .)
                [!provide]                        PROVIDE (__tdata_end = .)
                [!provide]                        PROVIDE (__tdata_start = ADDR (.tdata))
                [!provide]                        PROVIDE (__tdata_size = (__tdata_end - __tdata_start))
                [!provide]                        PROVIDE (__data_start = ADDR (.data))
                [!provide]                        PROVIDE (__data_size = (__data_end - __data_start))
                [!provide]                        PROVIDE (__tdata_source = LOADADDR (.tdata))
                [!provide]                        PROVIDE (__tdata_source_end = (LOADADDR (.tdata) + SIZEOF (.tdata)))
                [!provide]                        PROVIDE (__tdata_source_size = (__tdata_source_end - __tdata_source))
                [!provide]                        PROVIDE (__data_source = LOADADDR (.data))
                [!provide]                        PROVIDE (__data_source_end = __tdata_source_end)
                [!provide]                        PROVIDE (__data_source_size = (__data_source_end - __data_source))

.tbss           0x20000000        0x0 load address 0x08000e8c
                0x20000000                        _sbss = .
                0x20000000                        __bss_start__ = _sbss
 *(.tbss .tbss.*)
                0x20000000                        . = ALIGN (0x4)
                [!provide]                        PROVIDE (__tbss_end = .)
                [!provide]                        PROVIDE (__tbss_start = ADDR (.tbss))
                [!provide]                        PROVIDE (__tbss_size = (__tbss_end - __tbss_start))
                [!provide]                        PROVIDE (__tbss_offset = (ADDR (.tbss) - ADDR (.tdata)))
                [!provide]                        PROVIDE (__tls_base = __tdata_start)
                [!provide]                        PROVIDE (__tls_end = __tbss_end)
                [!provide]                        PROVIDE (__tls_size = (__tls_end - __tls_base))
                [!provide]                        PROVIDE (__tls_align = MAX (ALIGNOF (.tdata), ALIGNOF (.tbss)))
                [!provide]                        PROVIDE (__tls_size_align = (((__tls_size + __tls_align) - 0x1) & ~ ((__tls_align - 0x1))))
                [!provide]                        PROVIDE (__arm32_tls_tcb_offset = MAX (0x8, __tls_align))
                [!provide]                        PROVIDE (__arm64_tls_tcb_offset = MAX (0x10, __tls_align))

.bss            0x20000000       0x30 load address 0x08000e8c
 *(.bss)
 .bss           0x20000000       0x1c /opt/ST/STM32CubeCLT_1.21.0/GNU-tools-for-STM32/bin/../lib/gcc/arm-none-eabi/14.3.1/thumb/v7e-m+fp/hard/crtbegin.o
 *(.bss*)
 .bss.uwTimingDelay
                0x2000001c        0x4 CMakeFiles/cubemx_cmake_demo.dir/Core/Src/main.c.obj
 .bss.RCC_Clocks
                0x20000020       0x10 CMakeFiles/cubemx_cmake_demo.dir/Core/Src/main.c.obj
                0x20000020                RCC_Clocks
 *(COMMON)
                0x20000030                        . = ALIGN (0x4)
                0x20000030                        _ebss = .
                0x20000030                        __bss_end__ = _ebss
                [!provide]                        PROVIDE (__bss_end = .)
                [!provide]                        PROVIDE (__non_tls_bss_start = ADDR (.bss))
                [!provide]                        PROVIDE (__bss_start = __tbss_start)
                [!provide]                        PROVIDE (__bss_size = (__bss_end - __bss_start))

._user_heap_stack
                0x20000030      0x600 load address 0x08000e8c
                0x20000030                        . = ALIGN (0x8)
                [!provide]                        PROVIDE (end = .)
                [!provide]                        PROVIDE (_end = .)
                0x20000230                        . = (. + _Min_Heap_Size)
 *fill*         0x20000030      0x200 
                0x20000630                        . = (. + _Min_Stack_Size)
 *fill*         0x20000230      0x400 
                0x20000630                        . = ALIGN (0x8)

/DISCARD/
 libc.a:*(*)
 libm.a:*(*)
 libgcc.a:*(*)
OUTPUT(cubemx_cmake_demo.elf elf32-littlearm)
LOAD linker stubs

.ARM.attributes
                0x00000000       0x30
 .ARM.attributes
                0x00000000       0x22 /opt/ST/STM32CubeCLT_1.21.0/GNU-tools-for-STM32/bin/../lib/gcc/arm-none-eabi/14.3.1/thumb/v7e-m+fp/hard/crti.o
 .ARM.attributes
                0x00000022       0x34 /opt/ST/STM32CubeCLT_1.21.0/GNU-tools-for-STM32/bin/../lib/gcc/arm-none-eabi/14.3.1/thumb/v7e-m+fp/hard/crtbegin.o
 .ARM.attributes
                0x00000056       0x34 cmake/stm32cubemx/CMakeFiles/STM32_StdPeriph.dir/__/__/Drivers/system_stm32f4xx.c.obj
 .ARM.attributes
                0x0000008a       0x34 cmake/stm32cubemx/CMakeFiles/STM32_StdPeriph.dir/__/__/Drivers/STM32F4xx_StdPeriph_Driver/src/misc.c.obj
 .ARM.attributes
                0x000000be       0x34 cmake/stm32cubemx/CMakeFiles/STM32_StdPeriph.dir/__/__/Drivers/STM32F4xx_StdPeriph_Driver/src/stm32f4xx_rcc.c.obj
 .ARM.attributes
                0x000000f2       0x34 cmake/stm32cubemx/CMakeFiles/STM32_StdPeriph.dir/__/__/Drivers/STM32F4xx_StdPeriph_Driver/src/stm32f4xx_gpio.c.obj
 .ARM.attributes
                0x00000126       0x34 cmake/stm32cubemx/CMakeFiles/STM32_StdPeriph.dir/__/__/Drivers/STM32F4xx_StdPeriph_Driver/src/stm32f4xx_usart.c.obj
 .ARM.attributes
                0x0000015a       0x34 CMakeFiles/cubemx_cmake_demo.dir/Core/Src/main.c.obj
 .ARM.attributes
                0x0000018e       0x34 CMakeFiles/cubemx_cmake_demo.dir/Core/Src/usart.c.obj
 .ARM.attributes
                0x000001c2       0x34 CMakeFiles/cubemx_cmake_demo.dir/Drivers/stm32f4xx_it.c.obj
 .ARM.attributes
                0x000001f6       0x21 CMakeFiles/cubemx_cmake_demo.dir/startup_stm32f411xe.s.obj
 .ARM.attributes
                0x00000217       0x34 /opt/ST/STM32CubeCLT_1.21.0/GNU-tools-for-STM32/bin/../lib/gcc/arm-none-eabi/14.3.1/../../../../arm-none-eabi/lib/thumb/v7e-m+fp/hard/libg_nano.a(libc_a-init.o)
 .ARM.attributes
                0x0000024b       0x22 /opt/ST/STM32CubeCLT_1.21.0/GNU-tools-for-STM32/bin/../lib/gcc/arm-none-eabi/14.3.1/thumb/v7e-m+fp/hard/crtn.o

.comment        0x00000000       0x43
 .comment       0x00000000       0x43 cmake/stm32cubemx/CMakeFiles/STM32_StdPeriph.dir/__/__/Drivers/system_stm32f4xx.c.obj
                                 0x44 (size before relaxing)
 .comment       0x00000043       0x44 cmake/stm32cubemx/CMakeFiles/STM32_StdPeriph.dir/__/__/Drivers/STM32F4xx_StdPeriph_Driver/src/misc.c.obj
 .comment       0x00000043       0x44 cmake/stm32cubemx/CMakeFiles/STM32_StdPeriph.dir/__/__/Drivers/STM32F4xx_StdPeriph_Driver/src/stm32f4xx_rcc.c.obj
 .comment       0x00000043       0x44 cmake/stm32cubemx/CMakeFiles/STM32_StdPeriph.dir/__/__/Drivers/STM32F4xx_StdPeriph_Driver/src/stm32f4xx_gpio.c.obj
 .comment       0x00000043       0x44 cmake/stm32cubemx/CMakeFiles/STM32_StdPeriph.dir/__/__/Drivers/STM32F4xx_StdPeriph_Driver/src/stm32f4xx_usart.c.obj
 .comment       0x00000043       0x44 CMakeFiles/cubemx_cmake_demo.dir/Core/Src/main.c.obj
 .comment       0x00000043       0x44 CMakeFiles/cubemx_cmake_demo.dir/Core/Src/usart.c.obj
 .comment       0x00000043       0x44 CMakeFiles/cubemx_cmake_demo.dir/Drivers/stm32f4xx_it.c.obj
 .comment       0x00000043       0x44 /opt/ST/STM32CubeCLT_1.21.0/GNU-tools-for-STM32/bin/../lib/gcc/arm-none-eabi/14.3.1/../../../../arm-none-eabi/lib/thumb/v7e-m+fp/hard/libg_nano.a(libc_a-init.o)

.debug_info     0x00000000     0x3813
 .debug_info    0x00000000      0x596 cmake/stm32cubemx/CMakeFiles/STM32_StdPeriph.dir/__/__/Drivers/system_stm32f4xx.c.obj
 .debug_info    0x00000596      0x4fa cmake/stm32cubemx/CMakeFiles/STM32_StdPeriph.dir/__/__/Drivers/STM32F4xx_StdPeriph_Driver/src/misc.c.obj
 .debug_info    0x00000a90      0xcef cmake/stm32cubemx/CMakeFiles/STM32_StdPeriph.dir/__/__/Drivers/STM32F4xx_StdPeriph_Driver/src/stm32f4xx_rcc.c.obj
 .debug_info    0x0000177f      0x5fb cmake/stm32cubemx/CMakeFiles/STM32_StdPeriph.dir/__/__/Drivers/STM32F4xx_StdPeriph_Driver/src/stm32f4xx_gpio.c.obj
 .debug_info    0x00001d7a      0x9c2 cmake/stm32cubemx/CMakeFiles/STM32_StdPeriph.dir/__/__/Drivers/STM32F4xx_StdPeriph_Driver/src/stm32f4xx_usart.c.obj
 .debug_info    0x0000273c      0x6d7 CMakeFiles/cubemx_cmake_demo.dir/Core/Src/main.c.obj
 .debug_info    0x00002e13      0x7ba CMakeFiles/cubemx_cmake_demo.dir/Core/Src/usart.c.obj
 .debug_info    0x000035cd      0x10b CMakeFiles/cubemx_cmake_demo.dir/Drivers/stm32f4xx_it.c.obj
 .debug_info    0x000036d8       0x30 CMakeFiles/cubemx_cmake_demo.dir/startup_stm32f411xe.s.obj
 .debug_info    0x00003708      0x10b /opt/ST/STM32CubeCLT_1.21.0/GNU-tools-for-STM32/bin/../lib/gcc/arm-none-eabi/14.3.1/../../../../arm-none-eabi/lib/thumb/v7e-m+fp/hard/libg_nano.a(libc_a-init.o)

.debug_abbrev   0x00000000      0xddb
 .debug_abbrev  0x00000000      0x144 cmake/stm32cubemx/CMakeFiles/STM32_StdPeriph.dir/__/__/Drivers/system_stm32f4xx.c.obj
 .debug_abbrev  0x00000144      0x17f cmake/stm32cubemx/CMakeFiles/STM32_StdPeriph.dir/__/__/Drivers/STM32F4xx_StdPeriph_Driver/src/misc.c.obj
 .debug_abbrev  0x000002c3      0x1e1 cmake/stm32cubemx/CMakeFiles/STM32_StdPeriph.dir/__/__/Drivers/STM32F4xx_StdPeriph_Driver/src/stm32f4xx_rcc.c.obj
 .debug_abbrev  0x000004a4      0x1ee cmake/stm32cubemx/CMakeFiles/STM32_StdPeriph.dir/__/__/Drivers/STM32F4xx_StdPeriph_Driver/src/stm32f4xx_gpio.c.obj
 .debug_abbrev  0x00000692      0x1b1 cmake/stm32cubemx/CMakeFiles/STM32_StdPeriph.dir/__/__/Drivers/STM32F4xx_StdPeriph_Driver/src/stm32f4xx_usart.c.obj
 .debug_abbrev  0x00000843      0x261 CMakeFiles/cubemx_cmake_demo.dir/Core/Src/main.c.obj
 .debug_abbrev  0x00000aa4      0x1d7 CMakeFiles/cubemx_cmake_demo.dir/Core/Src/usart.c.obj
 .debug_abbrev  0x00000c7b       0x73 CMakeFiles/cubemx_cmake_demo.dir/Drivers/stm32f4xx_it.c.obj
 .debug_abbrev  0x00000cee       0x24 CMakeFiles/cubemx_cmake_demo.dir/startup_stm32f411xe.s.obj
 .debug_abbrev  0x00000d12       0xc9 /opt/ST/STM32CubeCLT_1.21.0/GNU-tools-for-STM32/bin/../lib/gcc/arm-none-eabi/14.3.1/../../../../arm-none-eabi/lib/thumb/v7e-m+fp/hard/libg_nano.a(libc_a-init.o)

.debug_aranges  0x00000000      0x4b8
 .debug_aranges
                0x00000000       0x30 cmake/stm32cubemx/CMakeFiles/STM32_StdPeriph.dir/__/__/Drivers/system_stm32f4xx.c.obj
 .debug_aranges
                0x00000030       0x40 cmake/stm32cubemx/CMakeFiles/STM32_StdPeriph.dir/__/__/Drivers/STM32F4xx_StdPeriph_Driver/src/misc.c.obj
 .debug_aranges
                0x00000070      0x198 cmake/stm32cubemx/CMakeFiles/STM32_StdPeriph.dir/__/__/Drivers/STM32F4xx_StdPeriph_Driver/src/stm32f4xx_rcc.c.obj
 .debug_aranges
                0x00000208       0x88 cmake/stm32cubemx/CMakeFiles/STM32_StdPeriph.dir/__/__/Drivers/STM32F4xx_StdPeriph_Driver/src/stm32f4xx_gpio.c.obj
 .debug_aranges
                0x00000290      0x100 cmake/stm32cubemx/CMakeFiles/STM32_StdPeriph.dir/__/__/Drivers/STM32F4xx_StdPeriph_Driver/src/stm32f4xx_usart.c.obj
 .debug_aranges
                0x00000390       0x48 CMakeFiles/cubemx_cmake_demo.dir/Core/Src/main.c.obj
 .debug_aranges
                0x000003d8       0x38 CMakeFiles/cubemx_cmake_demo.dir/Core/Src/usart.c.obj
 .debug_aranges
                0x00000410       0x60 CMakeFiles/cubemx_cmake_demo.dir/Drivers/stm32f4xx_it.c.obj
 .debug_aranges
                0x00000470       0x28 CMakeFiles/cubemx_cmake_demo.dir/startup_stm32f411xe.s.obj
 .debug_aranges
                0x00000498       0x20 /opt/ST/STM32CubeCLT_1.21.0/GNU-tools-for-STM32/bin/../lib/gcc/arm-none-eabi/14.3.1/../../../../arm-none-eabi/lib/thumb/v7e-m+fp/hard/libg_nano.a(libc_a-init.o)

.debug_rnglists
                0x00000000      0x364
 .debug_rnglists
                0x00000000       0x21 cmake/stm32cubemx/CMakeFiles/STM32_StdPeriph.dir/__/__/Drivers/system_stm32f4xx.c.obj
 .debug_rnglists
                0x00000021       0x2c cmake/stm32cubemx/CMakeFiles/STM32_StdPeriph.dir/__/__/Drivers/STM32F4xx_StdPeriph_Driver/src/misc.c.obj
 .debug_rnglists
                0x0000004d      0x12e cmake/stm32cubemx/CMakeFiles/STM32_StdPeriph.dir/__/__/Drivers/STM32F4xx_StdPeriph_Driver/src/stm32f4xx_rcc.c.obj
 .debug_rnglists
                0x0000017b       0x64 cmake/stm32cubemx/CMakeFiles/STM32_StdPeriph.dir/__/__/Drivers/STM32F4xx_StdPeriph_Driver/src/stm32f4xx_gpio.c.obj
 .debug_rnglists
                0x000001df       0xbf cmake/stm32cubemx/CMakeFiles/STM32_StdPeriph.dir/__/__/Drivers/STM32F4xx_StdPeriph_Driver/src/stm32f4xx_usart.c.obj
 .debug_rnglists
                0x0000029e       0x31 CMakeFiles/cubemx_cmake_demo.dir/Core/Src/main.c.obj
 .debug_rnglists
                0x000002cf       0x26 CMakeFiles/cubemx_cmake_demo.dir/Core/Src/usart.c.obj
 .debug_rnglists
                0x000002f5       0x43 CMakeFiles/cubemx_cmake_demo.dir/Drivers/stm32f4xx_it.c.obj
 .debug_rnglists
                0x00000338       0x19 CMakeFiles/cubemx_cmake_demo.dir/startup_stm32f411xe.s.obj
 .debug_rnglists
                0x00000351       0x13 /opt/ST/STM32CubeCLT_1.21.0/GNU-tools-for-STM32/bin/../lib/gcc/arm-none-eabi/14.3.1/../../../../arm-none-eabi/lib/thumb/v7e-m+fp/hard/libg_nano.a(libc_a-init.o)

.debug_macro    0x00000000     0xea97
 .debug_macro   0x00000000      0x1a5 cmake/stm32cubemx/CMakeFiles/STM32_StdPeriph.dir/__/__/Drivers/system_stm32f4xx.c.obj
 .debug_macro   0x000001a5      0xad8 cmake/stm32cubemx/CMakeFiles/STM32_StdPeriph.dir/__/__/Drivers/system_stm32f4xx.c.obj
 .debug_macro   0x00000c7d       0x65 cmake/stm32cubemx/CMakeFiles/STM32_StdPeriph.dir/__/__/Drivers/system_stm32f4xx.c.obj
 .debug_macro   0x00000ce2       0x3b cmake/stm32cubemx/CMakeFiles/STM32_StdPeriph.dir/__/__/Drivers/system_stm32f4xx.c.obj
 .debug_macro   0x00000d1d       0x22 cmake/stm32cubemx/CMakeFiles/STM32_StdPeriph.dir/__/__/Drivers/system_stm32f4xx.c.obj
 .debug_macro   0x00000d3f       0x8e cmake/stm32cubemx/CMakeFiles/STM32_StdPeriph.dir/__/__/Drivers/system_stm32f4xx.c.obj
 .debug_macro   0x00000dcd       0x51 cmake/stm32cubemx/CMakeFiles/STM32_StdPeriph.dir/__/__/Drivers/system_stm32f4xx.c.obj
 .debug_macro   0x00000e1e      0x103 cmake/stm32cubemx/CMakeFiles/STM32_StdPeriph.dir/__/__/Drivers/system_stm32f4xx.c.obj
 .debug_macro   0x00000f21       0x6a cmake/stm32cubemx/CMakeFiles/STM32_StdPeriph.dir/__/__/Drivers/system_stm32f4xx.c.obj
 .debug_macro   0x00000f8b      0x1df cmake/stm32cubemx/CMakeFiles/STM32_StdPeriph.dir/__/__/Drivers/system_stm32f4xx.c.obj
 .debug_macro   0x0000116a       0x34 cmake/stm32cubemx/CMakeFiles/STM32_StdPeriph.dir/__/__/Drivers/system_stm32f4xx.c.obj
 .debug_macro   0x0000119e       0x26 cmake/stm32cubemx/CMakeFiles/STM32_StdPeriph.dir/__/__/Drivers/system_stm32f4xx.c.obj
 .debug_macro   0x000011c4      0xe43 cmake/stm32cubemx/CMakeFiles/STM32_StdPeriph.dir/__/__/Drivers/system_stm32f4xx.c.obj
 .debug_macro   0x00002007     0x7fd2 cmake/stm32cubemx/CMakeFiles/STM32_StdPeriph.dir/__/__/Drivers/system_stm32f4xx.c.obj
 .debug_macro   0x00009fd9      0x44e cmake/stm32cubemx/CMakeFiles/STM32_StdPeriph.dir/__/__/Drivers/system_stm32f4xx.c.obj
 .debug_macro   0x0000a427       0xb2 cmake/stm32cubemx/CMakeFiles/STM32_StdPeriph.dir/__/__/Drivers/system_stm32f4xx.c.obj
 .debug_macro   0x0000a4d9      0x477 cmake/stm32cubemx/CMakeFiles/STM32_StdPeriph.dir/__/__/Drivers/system_stm32f4xx.c.obj
 .debug_macro   0x0000a950       0xb2 cmake/stm32cubemx/CMakeFiles/STM32_StdPeriph.dir/__/__/Drivers/system_stm32f4xx.c.obj
 .debug_macro   0x0000aa02      0x418 cmake/stm32cubemx/CMakeFiles/STM32_StdPeriph.dir/__/__/Drivers/system_stm32f4xx.c.obj
 .debug_macro   0x0000ae1a      0x2f4 cmake/stm32cubemx/CMakeFiles/STM32_StdPeriph.dir/__/__/Drivers/system_stm32f4xx.c.obj
 .debug_macro   0x0000b10e      0x2ba cmake/stm32cubemx/CMakeFiles/STM32_StdPeriph.dir/__/__/Drivers/system_stm32f4xx.c.obj
 .debug_macro   0x0000b3c8       0x64 cmake/stm32cubemx/CMakeFiles/STM32_StdPeriph.dir/__/__/Drivers/system_stm32f4xx.c.obj
 .debug_macro   0x0000b42c       0xeb cmake/stm32cubemx/CMakeFiles/STM32_StdPeriph.dir/__/__/Drivers/system_stm32f4xx.c.obj
 .debug_macro   0x0000b517      0x646 cmake/stm32cubemx/CMakeFiles/STM32_StdPeriph.dir/__/__/Drivers/system_stm32f4xx.c.obj
 .debug_macro   0x0000bb5d      0x59c cmake/stm32cubemx/CMakeFiles/STM32_StdPeriph.dir/__/__/Drivers/system_stm32f4xx.c.obj
 .debug_macro   0x0000c0f9      0x341 cmake/stm32cubemx/CMakeFiles/STM32_StdPeriph.dir/__/__/Drivers/system_stm32f4xx.c.obj
 .debug_macro   0x0000c43a      0x36c cmake/stm32cubemx/CMakeFiles/STM32_StdPeriph.dir/__/__/Drivers/system_stm32f4xx.c.obj
 .debug_macro   0x0000c7a6      0x10d cmake/stm32cubemx/CMakeFiles/STM32_StdPeriph.dir/__/__/Drivers/system_stm32f4xx.c.obj
 .debug_macro   0x0000c8b3      0x73b cmake/stm32cubemx/CMakeFiles/STM32_StdPeriph.dir/__/__/Drivers/system_stm32f4xx.c.obj
 .debug_macro   0x0000cfee      0x220 cmake/stm32cubemx/CMakeFiles/STM32_StdPeriph.dir/__/__/Drivers/system_stm32f4xx.c.obj
 .debug_macro   0x0000d20e       0x34 cmake/stm32cubemx/CMakeFiles/STM32_StdPeriph.dir/__/__/Drivers/system_stm32f4xx.c.obj
 .debug_macro   0x0000d242       0x7f cmake/stm32cubemx/CMakeFiles/STM32_StdPeriph.dir/__/__/Drivers/system_stm32f4xx.c.obj
 .debug_macro   0x0000d2c1       0x10 cmake/stm32cubemx/CMakeFiles/STM32_StdPeriph.dir/__/__/Drivers/system_stm32f4xx.c.obj
 .debug_macro   0x0000d2d1       0x35 cmake/stm32cubemx/CMakeFiles/STM32_StdPeriph.dir/__/__/Drivers/system_stm32f4xx.c.obj
 .debug_macro   0x0000d306      0x191 cmake/stm32cubemx/CMakeFiles/STM32_StdPeriph.dir/__/__/Drivers/STM32F4xx_StdPeriph_Driver/src/misc.c.obj
 .debug_macro   0x0000d497       0x79 cmake/stm32cubemx/CMakeFiles/STM32_StdPeriph.dir/__/__/Drivers/STM32F4xx_StdPeriph_Driver/src/misc.c.obj
 .debug_macro   0x0000d510      0x25c cmake/stm32cubemx/CMakeFiles/STM32_StdPeriph.dir/__/__/Drivers/STM32F4xx_StdPeriph_Driver/src/stm32f4xx_rcc.c.obj
 .debug_macro   0x0000d76c      0x640 cmake/stm32cubemx/CMakeFiles/STM32_StdPeriph.dir/__/__/Drivers/STM32F4xx_StdPeriph_Driver/src/stm32f4xx_rcc.c.obj
 .debug_macro   0x0000ddac      0x18b cmake/stm32cubemx/CMakeFiles/STM32_StdPeriph.dir/__/__/Drivers/STM32F4xx_StdPeriph_Driver/src/stm32f4xx_gpio.c.obj
 .debug_macro   0x0000df37      0x2ee cmake/stm32cubemx/CMakeFiles/STM32_StdPeriph.dir/__/__/Drivers/STM32F4xx_StdPeriph_Driver/src/stm32f4xx_gpio.c.obj
 .debug_macro   0x0000e225      0x1a3 cmake/stm32cubemx/CMakeFiles/STM32_StdPeriph.dir/__/__/Drivers/STM32F4xx_StdPeriph_Driver/src/stm32f4xx_usart.c.obj
 .debug_macro   0x0000e3c8      0x21a cmake/stm32cubemx/CMakeFiles/STM32_StdPeriph.dir/__/__/Drivers/STM32F4xx_StdPeriph_Driver/src/stm32f4xx_usart.c.obj
 .debug_macro   0x0000e5e2      0x195 CMakeFiles/cubemx_cmake_demo.dir/Core/Src/main.c.obj
 .debug_macro   0x0000e777      0x18b CMakeFiles/cubemx_cmake_demo.dir/Core/Src/usart.c.obj
 .debug_macro   0x0000e902      0x195 CMakeFiles/cubemx_cmake_demo.dir/Drivers/stm32f4xx_it.c.obj

.debug_line     0x00000000     0x44fa
 .debug_line    0x00000000      0x6b2 cmake/stm32cubemx/CMakeFiles/STM32_StdPeriph.dir/__/__/Drivers/system_stm32f4xx.c.obj
 .debug_line    0x000006b2      0x696 cmake/stm32cubemx/CMakeFiles/STM32_StdPeriph.dir/__/__/Drivers/STM32F4xx_StdPeriph_Driver/src/misc.c.obj
 .debug_line    0x00000d48      0xde5 cmake/stm32cubemx/CMakeFiles/STM32_StdPeriph.dir/__/__/Drivers/STM32F4xx_StdPeriph_Driver/src/stm32f4xx_rcc.c.obj
 .debug_line    0x00001b2d      0x8ad cmake/stm32cubemx/CMakeFiles/STM32_StdPeriph.dir/__/__/Drivers/STM32F4xx_StdPeriph_Driver/src/stm32f4xx_gpio.c.obj
 .debug_line    0x000023da      0xb36 cmake/stm32cubemx/CMakeFiles/STM32_StdPeriph.dir/__/__/Drivers/STM32F4xx_StdPeriph_Driver/src/stm32f4xx_usart.c.obj
 .debug_line    0x00002f10      0x6da CMakeFiles/cubemx_cmake_demo.dir/Core/Src/main.c.obj
 .debug_line    0x000035ea      0x69c CMakeFiles/cubemx_cmake_demo.dir/Core/Src/usart.c.obj
 .debug_line    0x00003c86      0x692 CMakeFiles/cubemx_cmake_demo.dir/Drivers/stm32f4xx_it.c.obj
 .debug_line    0x00004318       0x7a CMakeFiles/cubemx_cmake_demo.dir/startup_stm32f411xe.s.obj
 .debug_line    0x00004392      0x168 /opt/ST/STM32CubeCLT_1.21.0/GNU-tools-for-STM32/bin/../lib/gcc/arm-none-eabi/14.3.1/../../../../arm-none-eabi/lib/thumb/v7e-m+fp/hard/libg_nano.a(libc_a-init.o)

.debug_str      0x00000000    0x5512c
 .debug_str     0x00000000    0x5512c cmake/stm32cubemx/CMakeFiles/STM32_StdPeriph.dir/__/__/Drivers/system_stm32f4xx.c.obj
                              0x5333c (size before relaxing)
 .debug_str     0x0005512c    0x53372 cmake/stm32cubemx/CMakeFiles/STM32_StdPeriph.dir/__/__/Drivers/STM32F4xx_StdPeriph_Driver/src/misc.c.obj
 .debug_str     0x0005512c    0x53e79 cmake/stm32cubemx/CMakeFiles/STM32_StdPeriph.dir/__/__/Drivers/STM32F4xx_StdPeriph_Driver/src/stm32f4xx_rcc.c.obj
 .debug_str     0x0005512c    0x5343a cmake/stm32cubemx/CMakeFiles/STM32_StdPeriph.dir/__/__/Drivers/STM32F4xx_StdPeriph_Driver/src/stm32f4xx_gpio.c.obj
 .debug_str     0x0005512c    0x5376d cmake/stm32cubemx/CMakeFiles/STM32_StdPeriph.dir/__/__/Drivers/STM32F4xx_StdPeriph_Driver/src/stm32f4xx_usart.c.obj
 .debug_str     0x0005512c    0x53698 CMakeFiles/cubemx_cmake_demo.dir/Core/Src/main.c.obj
 .debug_str     0x0005512c    0x538fd CMakeFiles/cubemx_cmake_demo.dir/Core/Src/usart.c.obj
 .debug_str     0x0005512c    0x5318d CMakeFiles/cubemx_cmake_demo.dir/Drivers/stm32f4xx_it.c.obj
 .debug_str     0x0005512c       0xbe CMakeFiles/cubemx_cmake_demo.dir/startup_stm32f411xe.s.obj
 .debug_str     0x0005512c      0x272 /opt/ST/STM32CubeCLT_1.21.0/GNU-tools-for-STM32/bin/../lib/gcc/arm-none-eabi/14.3.1/../../../../arm-none-eabi/lib/thumb/v7e-m+fp/hard/libg_nano.a(libc_a-init.o)

.debug_frame    0x00000000     0x10b8
 .debug_frame   0x00000000       0x6c cmake/stm32cubemx/CMakeFiles/STM32_StdPeriph.dir/__/__/Drivers/system_stm32f4xx.c.obj
 .debug_frame   0x0000006c       0xc4 cmake/stm32cubemx/CMakeFiles/STM32_StdPeriph.dir/__/__/Drivers/STM32F4xx_StdPeriph_Driver/src/misc.c.obj
 .debug_frame   0x00000130      0x6b8 cmake/stm32cubemx/CMakeFiles/STM32_StdPeriph.dir/__/__/Drivers/STM32F4xx_StdPeriph_Driver/src/stm32f4xx_rcc.c.obj
 .debug_frame   0x000007e8      0x208 cmake/stm32cubemx/CMakeFiles/STM32_StdPeriph.dir/__/__/Drivers/STM32F4xx_StdPeriph_Driver/src/stm32f4xx_gpio.c.obj
 .debug_frame   0x000009f0      0x424 cmake/stm32cubemx/CMakeFiles/STM32_StdPeriph.dir/__/__/Drivers/STM32F4xx_StdPeriph_Driver/src/stm32f4xx_usart.c.obj
 .debug_frame   0x00000e14       0xdc CMakeFiles/cubemx_cmake_demo.dir/Core/Src/main.c.obj
 .debug_frame   0x00000ef0       0xa0 CMakeFiles/cubemx_cmake_demo.dir/Core/Src/usart.c.obj
 .debug_frame   0x00000f90       0xfc CMakeFiles/cubemx_cmake_demo.dir/Drivers/stm32f4xx_it.c.obj
 .debug_frame   0x0000108c       0x2c /opt/ST/STM32CubeCLT_1.21.0/GNU-tools-for-STM32/bin/../lib/gcc/arm-none-eabi/14.3.1/../../../../arm-none-eabi/lib/thumb/v7e-m+fp/hard/libg_nano.a(libc_a-init.o)

.debug_line_str
                0x00000000       0xa2
 .debug_line_str
                0x00000000       0xa2 CMakeFiles/cubemx_cmake_demo.dir/startup_stm32f411xe.s.obj

.debug_loclists
                0x00000000       0x54
 .debug_loclists
                0x00000000       0x54 /opt/ST/STM32CubeCLT_1.21.0/GNU-tools-for-STM32/bin/../lib/gcc/arm-none-eabi/14.3.1/../../../../arm-none-eabi/lib/thumb/v7e-m+fp/hard/libg_nano.a(libc_a-init.o)
