Archive member included to satisfy reference by file (symbol)

/opt/ST/STM32CubeCLT_1.21.0/GNU-tools-for-STM32/bin/../lib/gcc/arm-none-eabi/14.3.1/thumb/v7e-m+fp/hard/libgcc.a(_arm_truncdfsf2.o)
                              CMakeFiles/watch.dir/Middlewares/RTT/SEGGER_RTT_printf.c.obj (__aeabi_d2f)
/opt/ST/STM32CubeCLT_1.21.0/GNU-tools-for-STM32/bin/../lib/gcc/arm-none-eabi/14.3.1/../../../../arm-none-eabi/lib/thumb/v7e-m+fp/hard/libg_nano.a(libc_a-exit.o)
                              /opt/ST/STM32CubeCLT_1.21.0/GNU-tools-for-STM32/bin/../lib/gcc/arm-none-eabi/14.3.1/../../../../arm-none-eabi/lib/thumb/v7e-m+fp/hard/crt0.o (exit)
/opt/ST/STM32CubeCLT_1.21.0/GNU-tools-for-STM32/bin/../lib/gcc/arm-none-eabi/14.3.1/../../../../arm-none-eabi/lib/thumb/v7e-m+fp/hard/libg_nano.a(libc_a-malloc.o)
                              CMakeFiles/watch.dir/Core/Src/FreeRTOS_tasks.c.obj (malloc)
/opt/ST/STM32CubeCLT_1.21.0/GNU-tools-for-STM32/bin/../lib/gcc/arm-none-eabi/14.3.1/../../../../arm-none-eabi/lib/thumb/v7e-m+fp/hard/libg_nano.a(libc_a-mallocr.o)
                              /opt/ST/STM32CubeCLT_1.21.0/GNU-tools-for-STM32/bin/../lib/gcc/arm-none-eabi/14.3.1/../../../../arm-none-eabi/lib/thumb/v7e-m+fp/hard/libg_nano.a(libc_a-malloc.o) (_malloc_r)
/opt/ST/STM32CubeCLT_1.21.0/GNU-tools-for-STM32/bin/../lib/gcc/arm-none-eabi/14.3.1/../../../../arm-none-eabi/lib/thumb/v7e-m+fp/hard/libg_nano.a(libc_a-snprintf.o)
                              CMakeFiles/watch.dir/Middlewares/easylogger/src/elog.c.obj (snprintf)
/opt/ST/STM32CubeCLT_1.21.0/GNU-tools-for-STM32/bin/../lib/gcc/arm-none-eabi/14.3.1/../../../../arm-none-eabi/lib/thumb/v7e-m+fp/hard/libg_nano.a(libc_a-mlock.o)
                              /opt/ST/STM32CubeCLT_1.21.0/GNU-tools-for-STM32/bin/../lib/gcc/arm-none-eabi/14.3.1/../../../../arm-none-eabi/lib/thumb/v7e-m+fp/hard/libg_nano.a(libc_a-mallocr.o) (__malloc_lock)
/opt/ST/STM32CubeCLT_1.21.0/GNU-tools-for-STM32/bin/../lib/gcc/arm-none-eabi/14.3.1/../../../../arm-none-eabi/lib/thumb/v7e-m+fp/hard/libg_nano.a(libc_a-findfp.o)
                              /opt/ST/STM32CubeCLT_1.21.0/GNU-tools-for-STM32/bin/../lib/gcc/arm-none-eabi/14.3.1/../../../../arm-none-eabi/lib/thumb/v7e-m+fp/hard/libg_nano.a(libc_a-exit.o) (__stdio_exit_handler)
/opt/ST/STM32CubeCLT_1.21.0/GNU-tools-for-STM32/bin/../lib/gcc/arm-none-eabi/14.3.1/../../../../arm-none-eabi/lib/thumb/v7e-m+fp/hard/libg_nano.a(libc_a-vsnprintf.o)
                              CMakeFiles/watch.dir/Middlewares/easylogger/src/elog.c.obj (vsnprintf)
/opt/ST/STM32CubeCLT_1.21.0/GNU-tools-for-STM32/bin/../lib/gcc/arm-none-eabi/14.3.1/../../../../arm-none-eabi/lib/thumb/v7e-m+fp/hard/libg_nano.a(libc_a-fwalk.o)
                              /opt/ST/STM32CubeCLT_1.21.0/GNU-tools-for-STM32/bin/../lib/gcc/arm-none-eabi/14.3.1/../../../../arm-none-eabi/lib/thumb/v7e-m+fp/hard/libg_nano.a(libc_a-findfp.o) (_fwalk_sglue)
/opt/ST/STM32CubeCLT_1.21.0/GNU-tools-for-STM32/bin/../lib/gcc/arm-none-eabi/14.3.1/../../../../arm-none-eabi/lib/thumb/v7e-m+fp/hard/libg_nano.a(libc_a-printf.o)
                              CMakeFiles/watch.dir/Middlewares/easylogger/port/elog_port.c.obj (printf)
/opt/ST/STM32CubeCLT_1.21.0/GNU-tools-for-STM32/bin/../lib/gcc/arm-none-eabi/14.3.1/../../../../arm-none-eabi/lib/thumb/v7e-m+fp/hard/libg_nano.a(libc_a-puts.o)
                              CMakeFiles/watch.dir/Core/Src/main.c.obj (puts)
/opt/ST/STM32CubeCLT_1.21.0/GNU-tools-for-STM32/bin/../lib/gcc/arm-none-eabi/14.3.1/../../../../arm-none-eabi/lib/thumb/v7e-m+fp/hard/libg_nano.a(libc_a-memset.o)
                              /opt/ST/STM32CubeCLT_1.21.0/GNU-tools-for-STM32/bin/../lib/gcc/arm-none-eabi/14.3.1/../../../../arm-none-eabi/lib/thumb/v7e-m+fp/hard/crt0.o (memset)
/opt/ST/STM32CubeCLT_1.21.0/GNU-tools-for-STM32/bin/../lib/gcc/arm-none-eabi/14.3.1/../../../../arm-none-eabi/lib/thumb/v7e-m+fp/hard/libg_nano.a(libc_a-strncmp.o)
                              CMakeFiles/watch.dir/Middlewares/easylogger/src/elog.c.obj (strncmp)
/opt/ST/STM32CubeCLT_1.21.0/GNU-tools-for-STM32/bin/../lib/gcc/arm-none-eabi/14.3.1/../../../../arm-none-eabi/lib/thumb/v7e-m+fp/hard/libg_nano.a(libc_a-strncpy.o)
                              CMakeFiles/watch.dir/Middlewares/easylogger/src/elog.c.obj (strncpy)
/opt/ST/STM32CubeCLT_1.21.0/GNU-tools-for-STM32/bin/../lib/gcc/arm-none-eabi/14.3.1/../../../../arm-none-eabi/lib/thumb/v7e-m+fp/hard/libg_nano.a(libc_a-strstr.o)
                              CMakeFiles/watch.dir/Middlewares/easylogger/src/elog.c.obj (strstr)
/opt/ST/STM32CubeCLT_1.21.0/GNU-tools-for-STM32/bin/../lib/gcc/arm-none-eabi/14.3.1/../../../../arm-none-eabi/lib/thumb/v7e-m+fp/hard/libg_nano.a(libc_a-sbrkr.o)
                              /opt/ST/STM32CubeCLT_1.21.0/GNU-tools-for-STM32/bin/../lib/gcc/arm-none-eabi/14.3.1/../../../../arm-none-eabi/lib/thumb/v7e-m+fp/hard/libg_nano.a(libc_a-mallocr.o) (_sbrk_r)
[...]
Memory Configuration

Name             Origin             Length             Attributes
RAM              0x20000000         0x00020000         xrw
FLASH            0x08000000         0x00080000         xr
*default*        0x00000000         0xffffffff

Linker script and memory map

LOAD /opt/ST/STM32CubeCLT_1.21.0/GNU-tools-for-STM32/bin/../lib/gcc/arm-none-eabi/14.3.1/thumb/v7e-m+fp/hard/crti.o
LOAD /opt/ST/STM32CubeCLT_1.21.0/GNU-tools-for-STM32/bin/../lib/gcc/arm-none-eabi/14.3.1/thumb/v7e-m+fp/hard/crtbegin.o
LOAD /opt/ST/STM32CubeCLT_1.21.0/GNU-tools-for-STM32/bin/../lib/gcc/arm-none-eabi/14.3.1/../../../../arm-none-eabi/lib/thumb/v7e-m+fp/hard/crt0.o
LOAD cmake/stm32cubemx/CMakeFiles/STM32_StdPeriph.dir/__/__/startup_stm32f411xe.s.obj
LOAD cmake/stm32cubemx/CMakeFiles/STM32_StdPeriph.dir/__/__/Drivers/stm32f4xx_it.c.obj
LOAD cmake/stm32cubemx/CMakeFiles/STM32_StdPeriph.dir/__/__/Drivers/system_stm32f4xx.c.obj
LOAD cmake/stm32cubemx/CMakeFiles/STM32_StdPeriph.dir/__/__/Drivers/STM32F4xx_StdPeriph_Driver/src/misc.c.obj
LOAD cmake/stm32cubemx/CMakeFiles/STM32_StdPeriph.dir/__/__/Drivers/STM32F4xx_StdPeriph_Driver/src/stm32f4xx_rcc.c.obj
LOAD cmake/stm32cubemx/CMakeFiles/STM32_StdPeriph.dir/__/__/Drivers/STM32F4xx_StdPeriph_Driver/src/stm32f4xx_gpio.c.obj
LOAD cmake/stm32cubemx/CMakeFiles/STM32_StdPeriph.dir/__/__/Drivers/STM32F4xx_StdPeriph_Driver/src/stm32f4xx_syscfg.c.obj
LOAD cmake/stm32cubemx/CMakeFiles/STM32_StdPeriph.dir/__/__/Drivers/STM32F4xx_StdPeriph_Driver/src/stm32f4xx_exti.c.obj
LOAD cmake/stm32cubemx/CMakeFiles/STM32_StdPeriph.dir/__/__/Drivers/STM32F4xx_StdPeriph_Driver/src/stm32f4xx_usart.c.obj
LOAD cmake/stm32cubemx/CMakeFiles/STM32_StdPeriph.dir/__/__/Drivers/STM32F4xx_StdPeriph_Driver/src/stm32f4xx_flash.c.obj
LOAD cmake/stm32cubemx/CMakeFiles/STM32_StdPeriph.dir/__/__/Drivers/STM32F4xx_StdPeriph_Driver/src/stm32f4xx_tim.c.obj
LOAD cmake/stm32cubemx/CMakeFiles/STM32_StdPeriph.dir/__/__/Drivers/STM32F4xx_StdPeriph_Driver/src/stm32f4xx_dma.c.obj
LOAD cmake/stm32cubemx/CMakeFiles/STM32_StdPeriph.dir/__/__/Drivers/STM32F4xx_StdPeriph_Driver/src/stm32f4xx_adc.c.obj
LOAD cmake/stm32cubemx/CMakeFiles/FreeRTOS_lib.dir/__/__/OS/port/heap_4.c.obj
LOAD cmake/stm32cubemx/CMakeFiles/FreeRTOS_lib.dir/__/__/OS/port/port.c.obj
LOAD cmake/stm32cubemx/CMakeFiles/FreeRTOS_lib.dir/__/__/OS/src/croutine.c.obj
LOAD cmake/stm32cubemx/CMakeFiles/FreeRTOS_lib.dir/__/__/OS/src/event_groups.c.obj
LOAD cmake/stm32cubemx/CMakeFiles/FreeRTOS_lib.dir/__/__/OS/src/list.c.obj
LOAD cmake/stm32cubemx/CMakeFiles/FreeRTOS_lib.dir/__/__/OS/src/queue.c.obj
LOAD cmake/stm32cubemx/CMakeFiles/FreeRTOS_lib.dir/__/__/OS/src/stream_buffer.c.obj
LOAD cmake/stm32cubemx/CMakeFiles/FreeRTOS_lib.dir/__/__/OS/src/tasks.c.obj
LOAD cmake/stm32cubemx/CMakeFiles/FreeRTOS_lib.dir/__/__/OS/src/timers.c.obj
LOAD CMakeFiles/watch.dir/Middlewares/RTT/SEGGER_RTT.c.obj
LOAD CMakeFiles/watch.dir/Middlewares/RTT/SEGGER_RTT_printf.c.obj
LOAD CMakeFiles/watch.dir/Middlewares/easylogger/src/elog.c.obj
LOAD CMakeFiles/watch.dir/Middlewares/easylogger/src/elog_utils.c.obj
LOAD CMakeFiles/watch.dir/Middlewares/easylogger/src/elog_buf.c.obj
LOAD CMakeFiles/watch.dir/Middlewares/easylogger/src/elog_async.c.obj
LOAD CMakeFiles/watch.dir/Middlewares/easylogger/port/elog_port.c.obj
LOAD CMakeFiles/watch.dir/Core/Src/main.c.obj
LOAD CMakeFiles/watch.dir/Core/Src/syscalls.c.obj
LOAD CMakeFiles/watch.dir/Core/Src/sysmem.c.obj
LOAD CMakeFiles/watch.dir/Core/Src/usart.c.obj
LOAD CMakeFiles/watch.dir/Core/Src/gpio.c.obj
LOAD CMakeFiles/watch.dir/Core/Src/timer.c.obj
LOAD CMakeFiles/watch.dir/Core/Src/FreeRTOS_tasks.c.obj
LOAD CMakeFiles/watch.dir/BSP/KEY/bsp_key.c.obj
LOAD CMakeFiles/watch.dir/BSP/LED/bsp_led.c.obj
LOAD CMakeFiles/watch.dir/BSP/ADC/bsp_adc.c.obj
LOAD CMakeFiles/watch.dir/BSP/USART/bsp_usart_driver.c.obj
LOAD CMakeFiles/watch.dir/BSP/USART/mid_circular_buffer.c.obj
LOAD CMakeFiles/watch.dir/BSP/USART/usart_parse.c.obj
LOAD /opt/ST/STM32CubeCLT_1.21.0/GNU-tools-for-STM32/bin/../lib/gcc/arm-none-eabi/14.3.1/../../../../arm-none-eabi/lib/thumb/v7e-m+fp/hard/libm.a
START GROUP
LOAD /opt/ST/STM32CubeCLT_1.21.0/GNU-tools-for-STM32/bin/../lib/gcc/arm-none-eabi/14.3.1/thumb/v7e-m+fp/hard/libgcc.a
LOAD /opt/ST/STM32CubeCLT_1.21.0/GNU-tools-for-STM32/bin/../lib/gcc/arm-none-eabi/14.3.1/../../../../arm-none-eabi/lib/thumb/v7e-m+fp/hard/libg_nano.a
LOAD /opt/ST/STM32CubeCLT_1.21.0/GNU-tools-for-STM32/bin/../lib/gcc/arm-none-eabi/14.3.1/../../../../arm-none-eabi/lib/thumb/v7e-m+fp/hard/libc_nano.a
END GROUP
START GROUP
LOAD /opt/ST/STM32CubeCLT_1.21.0/GNU-tools-for-STM32/bin/../lib/gcc/arm-none-eabi/14.3.1/thumb/v7e-m+fp/hard/libgcc.a
LOAD /opt/ST/STM32CubeCLT_1.21.0/GNU-tools-for-STM32/bin/../lib/gcc/arm-none-eabi/14.3.1/../../../../arm-none-eabi/lib/thumb/v7e-m+fp/hard/libc_nano.a
END GROUP
LOAD /opt/ST/STM32CubeCLT_1.21.0/GNU-tools-for-STM32/bin/../lib/gcc/arm-none-eabi/14.3.1/thumb/v7e-m+fp/hard/crtend.o
LOAD /opt/ST/STM32CubeCLT_1.21.0/GNU-tools-for-STM32/bin/../lib/gcc/arm-none-eabi/14.3.1/thumb/v7e-m+fp/hard/crtn.o
                0x20020000                        _estack = (ORIGIN (RAM) + LENGTH (RAM))
                0x2001fc00                        _sstack = (_estack - _Min_Stack_Size)
                0x00000200                        _Min_Heap_Size = 0x200
                0x00000400                        _Min_Stack_Size = 0x400

.isr_vector     0x08000000      0x198
                0x08000000                        . = ALIGN (0x4)
 *(.isr_vector)
 .isr_vector    0x08000000      0x198 cmake/stm32cubemx/CMakeFiles/STM32_StdPeriph.dir/__/__/startup_stm32f411xe.s.obj
                0x08000000                g_pfnVectors
                0x08000198                        . = ALIGN (0x4)

.text           0x080001a0     0x8540
                0x080001a0                        . = ALIGN (0x4)
 *(.text)
 .text          0x080001a0       0x40 /opt/ST/STM32CubeCLT_1.21.0/GNU-tools-for-STM32/bin/../lib/gcc/arm-none-eabi/14.3.1/thumb/v7e-m+fp/hard/crtbegin.o
 .text          0x080001e0       0xa0 /opt/ST/STM32CubeCLT_1.21.0/GNU-tools-for-STM32/bin/../lib/gcc/arm-none-eabi/14.3.1/thumb/v7e-m+fp/hard/libgcc.a(_arm_truncdfsf2.o)
                0x080001e0                __aeabi_d2f
                0x080001e0                __truncdfsf2
 .text          0x08000280       0xa0 /opt/ST/STM32CubeCLT_1.21.0/GNU-tools-for-STM32/bin/../lib/gcc/arm-none-eabi/14.3.1/../../../../arm-none-eabi/lib/thumb/v7e-m+fp/hard/libg_nano.a(libc_a-memchr.o)
                0x08000280                memchr
 .text          0x08000320       0x10 /opt/ST/STM32CubeCLT_1.21.0/GNU-tools-for-STM32/bin/../lib/gcc/arm-none-eabi/14.3.1/../../../../arm-none-eabi/lib/thumb/v7e-m+fp/hard/libg_nano.a(libc_a-strlen.o)
                0x08000320                strlen
 *(.text*)
 .text.Reset_Handler
                0x08000330       0x50 cmake/stm32cubemx/CMakeFiles/STM32_StdPeriph.dir/__/__/startup_stm32f411xe.s.obj
                0x08000330                Reset_Handler
 .text.Default_Handler
                0x08000380        0x2 cmake/stm32cubemx/CMakeFiles/STM32_StdPeriph.dir/__/__/startup_stm32f411xe.s.obj
                0x08000380                DMA1_Stream3_IRQHandler
                0x08000380                EXTI2_IRQHandler
                0x08000380                SPI4_IRQHandler
                0x08000380                TIM1_CC_IRQHandler
                0x08000380                DMA2_Stream5_IRQHandler
                0x08000380                DMA1_Stream5_IRQHandler
                0x08000380                PVD_IRQHandler
                0x08000380                SDIO_IRQHandler
                0x08000380                TAMP_STAMP_IRQHandler
                0x08000380                EXTI3_IRQHandler
                0x08000380                TIM1_UP_TIM10_IRQHandler
                0x08000380                I2C3_ER_IRQHandler
                0x08000380                I2C2_EV_IRQHandler
                0x08000380                DMA1_Stream2_IRQHandler
                0x08000380                FPU_IRQHandler
                0x08000380                SPI1_IRQHandler
                0x08000380                TIM1_BRK_TIM9_IRQHandler
                0x08000380                DMA2_Stream3_IRQHandler
                0x08000380                USART6_IRQHandler
                0x08000380                TIM4_IRQHandler
                0x08000380                I2C1_EV_IRQHandler
                0x08000380                DMA1_Stream6_IRQHandler
                0x08000380                DMA1_Stream1_IRQHandler
                0x08000380                TIM3_IRQHandler
                0x08000380                RCC_IRQHandler
                0x08000380                Default_Handler
                0x08000380                EXTI15_10_IRQHandler
                0x08000380                ADC_IRQHandler
                0x08000380                DMA1_Stream7_IRQHandler
                0x08000380                SPI5_IRQHandler
                0x08000380                DMA2_Stream7_IRQHandler
                0x08000380                I2C3_EV_IRQHandler
                0x08000380                EXTI9_5_IRQHandler
                0x08000380                RTC_WKUP_IRQHandler
                0x08000380                SPI2_IRQHandler
                0x08000380                DMA1_Stream0_IRQHandler
                0x08000380                EXTI4_IRQHandler
                0x08000380                WWDG_IRQHandler
                0x08000380                TIM2_IRQHandler
                0x08000380                OTG_FS_WKUP_IRQHandler
                0x08000380                TIM1_TRG_COM_TIM11_IRQHandler
                0x08000380                EXTI1_IRQHandler
                0x08000380                USART2_IRQHandler
                0x08000380                I2C2_ER_IRQHandler
                0x08000380                DMA2_Stream1_IRQHandler
                0x08000380                FLASH_IRQHandler
                0x08000380                DMA2_Stream4_IRQHandler
                0x08000380                OTG_FS_IRQHandler
                0x08000380                SPI3_IRQHandler
                0x08000380                DMA1_Stream4_IRQHandler
                0x08000380                I2C1_ER_IRQHandler
                0x08000380                DMA2_Stream6_IRQHandler
                0x08000380                RTC_Alarm_IRQHandler
 .text.NMI_Handler
                0x08000382        0xe cmake/stm32cubemx/CMakeFiles/STM32_StdPeriph.dir/__/__/Drivers/stm32f4xx_it.c.obj
                0x08000382                NMI_Handler
 .text.HardFault_Handler
                0x08000390        0x8 cmake/stm32cubemx/CMakeFiles/STM32_StdPeriph.dir/__/__/Drivers/stm32f4xx_it.c.obj
                0x08000390                HardFault_Handler
 .text.MemManage_Handler
                0x08000398        0x8 cmake/stm32cubemx/CMakeFiles/STM32_StdPeriph.dir/__/__/Drivers/stm32f4xx_it.c.obj
                0x08000398                MemManage_Handler
 .text.BusFault_Handler
                0x080003a0        0x8 cmake/stm32cubemx/CMakeFiles/STM32_StdPeriph.dir/__/__/Drivers/stm32f4xx_it.c.obj
                0x080003a0                BusFault_Handler
 .text.UsageFault_Handler
                0x080003a8        0x8 cmake/stm32cubemx/CMakeFiles/STM32_StdPeriph.dir/__/__/Drivers/stm32f4xx_it.c.obj
                0x080003a8                UsageFault_Handler
 .text.DebugMon_Handler
                0x080003b0        0xe cmake/stm32cubemx/CMakeFiles/STM32_StdPeriph.dir/__/__/Drivers/stm32f4xx_it.c.obj
                0x080003b0                DebugMon_Handler
 .text.SysTick_Handler
                0x080003be       0x1a cmake/stm32cubemx/CMakeFiles/STM32_StdPeriph.dir/__/__/Drivers/stm32f4xx_it.c.obj
                0x080003be                SysTick_Handler
 .text.SystemInit
                0x080003d8       0x6c cmake/stm32cubemx/CMakeFiles/STM32_StdPeriph.dir/__/__/Drivers/system_stm32f4xx.c.obj
                0x080003d8                SystemInit
 .text.SetSysClock
                0x08000444       0xa4 cmake/stm32cubemx/CMakeFiles/STM32_StdPeriph.dir/__/__/Drivers/system_stm32f4xx.c.obj
 .text.NVIC_PriorityGroupConfig
                0x080004e8       0x28 cmake/stm32cubemx/CMakeFiles/STM32_StdPeriph.dir/__/__/Drivers/STM32F4xx_StdPeriph_Driver/src/misc.c.obj
                0x080004e8                NVIC_PriorityGroupConfig
 .text.NVIC_Init
                0x08000510       0xc4 cmake/stm32cubemx/CMakeFiles/STM32_StdPeriph.dir/__/__/Drivers/STM32F4xx_StdPeriph_Driver/src/misc.c.obj
                0x08000510                NVIC_Init
 .text.RCC_DeInit
                0x080005d4       0x64 cmake/stm32cubemx/CMakeFiles/STM32_StdPeriph.dir/__/__/Drivers/STM32F4xx_StdPeriph_Driver/src/stm32f4xx_rcc.c.obj
                0x080005d4                RCC_DeInit
 .text.RCC_HSEConfig
                0x08000638       0x28 cmake/stm32cubemx/CMakeFiles/STM32_StdPeriph.dir/__/__/Drivers/STM32F4xx_StdPeriph_Driver/src/stm32f4xx_rcc.c.obj
                0x08000638                RCC_HSEConfig
 .text.RCC_WaitForHSEStartUp
                0x08000660       0x50 cmake/stm32cubemx/CMakeFiles/STM32_StdPeriph.dir/__/__/Drivers/STM32F4xx_StdPeriph_Driver/src/stm32f4xx_rcc.c.obj
                0x08000660                RCC_WaitForHSEStartUp
 .text.RCC_PLLConfig
                0x080006b0       0x40 cmake/stm32cubemx/CMakeFiles/STM32_StdPeriph.dir/__/__/Drivers/STM32F4xx_StdPeriph_Driver/src/stm32f4xx_rcc.c.obj
                0x080006b0                RCC_PLLConfig
 .text.RCC_PLLCmd
                0x080006f0       0x20 cmake/stm32cubemx/CMakeFiles/STM32_StdPeriph.dir/__/__/Drivers/STM32F4xx_StdPeriph_Driver/src/stm32f4xx_rcc.c.obj
                0x080006f0                RCC_PLLCmd
 .text.RCC_SYSCLKConfig
                0x08000710       0x38 cmake/stm32cubemx/CMakeFiles/STM32_StdPeriph.dir/__/__/Drivers/STM32F4xx_StdPeriph_Driver/src/stm32f4xx_rcc.c.obj
                0x08000710                RCC_SYSCLKConfig
 .text.RCC_GetSYSCLKSource
                0x08000748       0x20 cmake/stm32cubemx/CMakeFiles/STM32_StdPeriph.dir/__/__/Drivers/STM32F4xx_StdPeriph_Driver/src/stm32f4xx_rcc.c.obj
                0x08000748                RCC_GetSYSCLKSource
 .text.RCC_HCLKConfig
                0x08000768       0x38 cmake/stm32cubemx/CMakeFiles/STM32_StdPeriph.dir/__/__/Drivers/STM32F4xx_StdPeriph_Driver/src/stm32f4xx_rcc.c.obj
                0x08000768                RCC_HCLKConfig
 .text.RCC_PCLK1Config
                0x080007a0       0x38 cmake/stm32cubemx/CMakeFiles/STM32_StdPeriph.dir/__/__/Drivers/STM32F4xx_StdPeriph_Driver/src/stm32f4xx_rcc.c.obj
                0x080007a0                RCC_PCLK1Config
 .text.RCC_PCLK2Config
                0x080007d8       0x3c cmake/stm32cubemx/CMakeFiles/STM32_StdPeriph.dir/__/__/Drivers/STM32F4xx_StdPeriph_Driver/src/stm32f4xx_rcc.c.obj
                0x080007d8                RCC_PCLK2Config
 .text.RCC_GetClocksFreq
                0x08000814      0x15c cmake/stm32cubemx/CMakeFiles/STM32_StdPeriph.dir/__/__/Drivers/STM32F4xx_StdPeriph_Driver/src/stm32f4xx_rcc.c.obj
                0x08000814                RCC_GetClocksFreq
 .text.RCC_AHB1PeriphClockCmd
                0x08000970       0x40 cmake/stm32cubemx/CMakeFiles/STM32_StdPeriph.dir/__/__/Drivers/STM32F4xx_StdPeriph_Driver/src/stm32f4xx_rcc.c.obj
                0x08000970                RCC_AHB1PeriphClockCmd
 .text.RCC_APB2PeriphClockCmd
                0x080009b0       0x40 cmake/stm32cubemx/CMakeFiles/STM32_StdPeriph.dir/__/__/Drivers/STM32F4xx_StdPeriph_Driver/src/stm32f4xx_rcc.c.obj
                0x080009b0                RCC_APB2PeriphClockCmd
 .text.RCC_APB1PeriphResetCmd
                0x080009f0       0x40 cmake/stm32cubemx/CMakeFiles/STM32_StdPeriph.dir/__/__/Drivers/STM32F4xx_StdPeriph_Driver/src/stm32f4xx_rcc.c.obj
                0x080009f0                RCC_APB1PeriphResetCmd
 .text.RCC_APB2PeriphResetCmd
                0x08000a30       0x40 cmake/stm32cubemx/CMakeFiles/STM32_StdPeriph.dir/__/__/Drivers/STM32F4xx_StdPeriph_Driver/src/stm32f4xx_rcc.c.obj
                0x08000a30                RCC_APB2PeriphResetCmd
 .text.RCC_GetFlagStatus
                0x08000a70       0x74 cmake/stm32cubemx/CMakeFiles/STM32_StdPeriph.dir/__/__/Drivers/STM32F4xx_StdPeriph_Driver/src/stm32f4xx_rcc.c.obj
                0x08000a70                RCC_GetFlagStatus
 .text.GPIO_Init
                0x08000ae4      0x11e cmake/stm32cubemx/CMakeFiles/STM32_StdPeriph.dir/__/__/Drivers/STM32F4xx_StdPeriph_Driver/src/stm32f4xx_gpio.c.obj
                0x08000ae4                GPIO_Init
 .text.GPIO_SetBits
                0x08000c02       0x1e cmake/stm32cubemx/CMakeFiles/STM32_StdPeriph.dir/__/__/Drivers/STM32F4xx_StdPeriph_Driver/src/stm32f4xx_gpio.c.obj
                0x08000c02                GPIO_SetBits
 .text.GPIO_ResetBits
                0x08000c20       0x20 cmake/stm32cubemx/CMakeFiles/STM32_StdPeriph.dir/__/__/Drivers/STM32F4xx_StdPeriph_Driver/src/stm32f4xx_gpio.c.obj
                0x08000c20                GPIO_ResetBits
 .text.GPIO_PinAFConfig
                0x08000c40       0x92 cmake/stm32cubemx/CMakeFiles/STM32_StdPeriph.dir/__/__/Drivers/STM32F4xx_StdPeriph_Driver/src/stm32f4xx_gpio.c.obj
                0x08000c40                GPIO_PinAFConfig
 *fill*         0x08000cd2        0x2 
 .text.EXTI_Init
                0x08000cd4       0xe4 cmake/stm32cubemx/CMakeFiles/STM32_StdPeriph.dir/__/__/Drivers/STM32F4xx_StdPeriph_Driver/src/stm32f4xx_exti.c.obj
                0x08000cd4                EXTI_Init
 .text.EXTI_GetITStatus
                0x08000db8       0x34 cmake/stm32cubemx/CMakeFiles/STM32_StdPeriph.dir/__/__/Drivers/STM32F4xx_StdPeriph_Driver/src/stm32f4xx_exti.c.obj
                0x08000db8                EXTI_GetITStatus
 .text.EXTI_ClearITPendingBit
                0x08000dec       0x20 cmake/stm32cubemx/CMakeFiles/STM32_StdPeriph.dir/__/__/Drivers/STM32F4xx_StdPeriph_Driver/src/stm32f4xx_exti.c.obj
                0x08000dec                EXTI_ClearITPendingBit
 .text.USART_DeInit
                0x08000e0c      0x118 cmake/stm32cubemx/CMakeFiles/STM32_StdPeriph.dir/__/__/Drivers/STM32F4xx_StdPeriph_Driver/src/stm32f4xx_usart.c.obj
                0x08000e0c                USART_DeInit
 .text.USART_Init
                0x08000f24      0x174 cmake/stm32cubemx/CMakeFiles/STM32_StdPeriph.dir/__/__/Drivers/STM32F4xx_StdPeriph_Driver/src/stm32f4xx_usart.c.obj
                0x08000f24                USART_Init
 .text.USART_Cmd
                0x08001098       0x40 cmake/stm32cubemx/CMakeFiles/STM32_StdPeriph.dir/__/__/Drivers/STM32F4xx_StdPeriph_Driver/src/stm32f4xx_usart.c.obj
                0x08001098                USART_Cmd
 .text.USART_SendData
                0x080010d8       0x24 cmake/stm32cubemx/CMakeFiles/STM32_StdPeriph.dir/__/__/Drivers/STM32F4xx_StdPeriph_Driver/src/stm32f4xx_usart.c.obj
                0x080010d8                USART_SendData
 .text.USART_DMACmd
                0x080010fc       0x48 cmake/stm32cubemx/CMakeFiles/STM32_StdPeriph.dir/__/__/Drivers/STM32F4xx_StdPeriph_Driver/src/stm32f4xx_usart.c.obj
                0x080010fc                USART_DMACmd
 .text.USART_ITConfig
                0x08001144       0x90 cmake/stm32cubemx/CMakeFiles/STM32_StdPeriph.dir/__/__/Drivers/STM32F4xx_StdPeriph_Driver/src/stm32f4xx_usart.c.obj
                0x08001144                USART_ITConfig
 .text.USART_GetFlagStatus
                0x080011d4       0x38 cmake/stm32cubemx/CMakeFiles/STM32_StdPeriph.dir/__/__/Drivers/STM32F4xx_StdPeriph_Driver/src/stm32f4xx_usart.c.obj
                0x080011d4                USART_GetFlagStatus
 .text.USART_GetITStatus
                0x0800120c       0xb6 cmake/stm32cubemx/CMakeFiles/STM32_StdPeriph.dir/__/__/Drivers/STM32F4xx_StdPeriph_Driver/src/stm32f4xx_usart.c.obj
                0x0800120c                USART_GetITStatus
 .text.TIM_GetITStatus
                0x080012c2       0x54 cmake/stm32cubemx/CMakeFiles/STM32_StdPeriph.dir/__/__/Drivers/STM32F4xx_StdPeriph_Driver/src/stm32f4xx_tim.c.obj
                0x080012c2                TIM_GetITStatus
 .text.TIM_ClearITPendingBit
                0x08001316       0x22 cmake/stm32cubemx/CMakeFiles/STM32_StdPeriph.dir/__/__/Drivers/STM32F4xx_StdPeriph_Driver/src/stm32f4xx_tim.c.obj
                0x08001316                TIM_ClearITPendingBit
 .text.DMA_DeInit
                0x08001338      0x1a8 cmake/stm32cubemx/CMakeFiles/STM32_StdPeriph.dir/__/__/Drivers/STM32F4xx_StdPeriph_Driver/src/stm32f4xx_dma.c.obj
                0x08001338                DMA_DeInit
 .text.DMA_Init
                0x080014e0       0xb0 cmake/stm32cubemx/CMakeFiles/STM32_StdPeriph.dir/__/__/Drivers/STM32F4xx_StdPeriph_Driver/src/stm32f4xx_dma.c.obj
                0x080014e0                DMA_Init
 .text.DMA_Cmd  0x08001590       0x38 cmake/stm32cubemx/CMakeFiles/STM32_StdPeriph.dir/__/__/Drivers/STM32F4xx_StdPeriph_Driver/src/stm32f4xx_dma.c.obj
                0x08001590                DMA_Cmd
 .text.DMA_GetCurrDataCounter
                0x080015c8       0x1a cmake/stm32cubemx/CMakeFiles/STM32_StdPeriph.dir/__/__/Drivers/STM32F4xx_StdPeriph_Driver/src/stm32f4xx_dma.c.obj
                0x080015c8                DMA_GetCurrDataCounter
 .text.DMA_GetCmdStatus
                0x080015e2       0x30 cmake/stm32cubemx/CMakeFiles/STM32_StdPeriph.dir/__/__/Drivers/STM32F4xx_StdPeriph_Driver/src/stm32f4xx_dma.c.obj
                0x080015e2                DMA_GetCmdStatus
 .text.DMA_ITConfig
                0x08001612       0x74 cmake/stm32cubemx/CMakeFiles/STM32_StdPeriph.dir/__/__/Drivers/STM32F4xx_StdPeriph_Driver/src/stm32f4xx_dma.c.obj
                0x08001612                DMA_ITConfig
 *fill*         0x08001686        0x2 
 .text.DMA_GetITStatus
                0x08001688       0xb0 cmake/stm32cubemx/CMakeFiles/STM32_StdPeriph.dir/__/__/Drivers/STM32F4xx_StdPeriph_Driver/src/stm32f4xx_dma.c.obj
                0x08001688                DMA_GetITStatus
 .text.DMA_ClearITPendingBit
                0x08001738       0x5c cmake/stm32cubemx/CMakeFiles/STM32_StdPeriph.dir/__/__/Drivers/STM32F4xx_StdPeriph_Driver/src/stm32f4xx_dma.c.obj
                0x08001738                DMA_ClearITPendingBit
 .text.pvPortMalloc
                0x08001794      0x264 cmake/stm32cubemx/CMakeFiles/FreeRTOS_lib.dir/__/__/OS/port/heap_4.c.obj
                0x08001794                pvPortMalloc
 .text.vPortFree
                0x080019f8       0xec cmake/stm32cubemx/CMakeFiles/FreeRTOS_lib.dir/__/__/OS/port/heap_4.c.obj
                0x080019f8                vPortFree
 .text.prvHeapInit
                0x08001ae4       0xb4 cmake/stm32cubemx/CMakeFiles/FreeRTOS_lib.dir/__/__/OS/port/heap_4.c.obj
 .text.prvInsertBlockIntoFreeList
                0x08001b98       0xf4 cmake/stm32cubemx/CMakeFiles/FreeRTOS_lib.dir/__/__/OS/port/heap_4.c.obj
 .text.pxPortInitialiseStack
                0x08001c8c       0x68 cmake/stm32cubemx/CMakeFiles/FreeRTOS_lib.dir/__/__/OS/port/port.c.obj
                0x08001c8c                pxPortInitialiseStack
 .text.prvTaskExitError
                0x08001cf4       0x5c cmake/stm32cubemx/CMakeFiles/FreeRTOS_lib.dir/__/__/OS/port/port.c.obj
 .text.SVC_Handler
                0x08001d50       0x28 cmake/stm32cubemx/CMakeFiles/FreeRTOS_lib.dir/__/__/OS/port/port.c.obj
                0x08001d50                SVC_Handler
 .text.prvPortStartFirstTask
                0x08001d78       0x2c cmake/stm32cubemx/CMakeFiles/FreeRTOS_lib.dir/__/__/OS/port/port.c.obj
 .text.xPortStartScheduler
                0x08001da4      0x1e0 cmake/stm32cubemx/CMakeFiles/FreeRTOS_lib.dir/__/__/OS/port/port.c.obj
                0x08001da4                xPortStartScheduler
 .text.vPortEnterCritical
                0x08001f84       0x64 cmake/stm32cubemx/CMakeFiles/FreeRTOS_lib.dir/__/__/OS/port/port.c.obj
                0x08001f84                vPortEnterCritical
 .text.vPortExitCritical
                0x08001fe8       0x54 cmake/stm32cubemx/CMakeFiles/FreeRTOS_lib.dir/__/__/OS/port/port.c.obj
                0x08001fe8                vPortExitCritical
 *fill*         0x0800203c        0x4 
 .text.PendSV_Handler
                0x08002040       0x68 cmake/stm32cubemx/CMakeFiles/FreeRTOS_lib.dir/__/__/OS/port/port.c.obj
                0x08002040                PendSV_Handler
 .text.xPortSysTickHandler
                0x080020a8       0x44 cmake/stm32cubemx/CMakeFiles/FreeRTOS_lib.dir/__/__/OS/port/port.c.obj
                0x080020a8                xPortSysTickHandler
 .text.vPortSetupTimerInterrupt
                0x080020ec       0x48 cmake/stm32cubemx/CMakeFiles/FreeRTOS_lib.dir/__/__/OS/port/port.c.obj
                0x080020ec                vPortSetupTimerInterrupt
 .text.vPortEnableVFP
                0x08002134       0x18 cmake/stm32cubemx/CMakeFiles/FreeRTOS_lib.dir/__/__/OS/port/port.c.obj
 .text.vPortValidateInterruptPriority
                0x0800214c       0x84 cmake/stm32cubemx/CMakeFiles/FreeRTOS_lib.dir/__/__/OS/port/port.c.obj
                0x0800214c                vPortValidateInterruptPriority
 .text.vListInitialise
                0x080021d0       0x40 cmake/stm32cubemx/CMakeFiles/FreeRTOS_lib.dir/__/__/OS/src/list.c.obj
                0x080021d0                vListInitialise
 .text.vListInitialiseItem
                0x08002210       0x1a cmake/stm32cubemx/CMakeFiles/FreeRTOS_lib.dir/__/__/OS/src/list.c.obj
                0x08002210                vListInitialiseItem
 .text.vListInsert
                0x0800222a       0x72 cmake/stm32cubemx/CMakeFiles/FreeRTOS_lib.dir/__/__/OS/src/list.c.obj
                0x0800222a                vListInsert
 .text.uxListRemove
                0x0800229c       0x54 cmake/stm32cubemx/CMakeFiles/FreeRTOS_lib.dir/__/__/OS/src/list.c.obj
                0x0800229c                uxListRemove
 .text.xQueueGenericReset
                0x080022f0      0x124 cmake/stm32cubemx/CMakeFiles/FreeRTOS_lib.dir/__/__/OS/src/queue.c.obj
                0x080022f0                xQueueGenericReset
 .text.xQueueGenericCreate
                0x08002414       0x9e cmake/stm32cubemx/CMakeFiles/FreeRTOS_lib.dir/__/__/OS/src/queue.c.obj
                0x08002414                xQueueGenericCreate
 .text.prvInitialiseNewQueue
                0x080024b2       0x46 cmake/stm32cubemx/CMakeFiles/FreeRTOS_lib.dir/__/__/OS/src/queue.c.obj
 .text.xQueueGenericSend
                0x080024f8      0x204 cmake/stm32cubemx/CMakeFiles/FreeRTOS_lib.dir/__/__/OS/src/queue.c.obj
                0x080024f8                xQueueGenericSend
 .text.xQueueGenericSendFromISR
                0x080026fc      0x16c cmake/stm32cubemx/CMakeFiles/FreeRTOS_lib.dir/__/__/OS/src/queue.c.obj
                0x080026fc                xQueueGenericSendFromISR
 .text.xQueueReceive
                0x08002868      0x1c4 cmake/stm32cubemx/CMakeFiles/FreeRTOS_lib.dir/__/__/OS/src/queue.c.obj
                0x08002868                xQueueReceive
 .text.prvCopyDataToQueue
                0x08002a2c       0xd4 cmake/stm32cubemx/CMakeFiles/FreeRTOS_lib.dir/__/__/OS/src/queue.c.obj
 .text.prvCopyDataFromQueue
                0x08002b00       0x4c cmake/stm32cubemx/CMakeFiles/FreeRTOS_lib.dir/__/__/OS/src/queue.c.obj
 .text.prvUnlockQueue
                0x08002b4c       0xa4 cmake/stm32cubemx/CMakeFiles/FreeRTOS_lib.dir/__/__/OS/src/queue.c.obj
 .text.prvIsQueueEmpty
                0x08002bf0       0x2c cmake/stm32cubemx/CMakeFiles/FreeRTOS_lib.dir/__/__/OS/src/queue.c.obj
 .text.prvIsQueueFull
                0x08002c1c       0x30 cmake/stm32cubemx/CMakeFiles/FreeRTOS_lib.dir/__/__/OS/src/queue.c.obj
 .text.vQueueAddToRegistry
                0x08002c4c       0xa0 cmake/stm32cubemx/CMakeFiles/FreeRTOS_lib.dir/__/__/OS/src/queue.c.obj
                0x08002c4c                vQueueAddToRegistry
 .text.vQueueWaitForMessageRestricted
                0x08002cec       0x68 cmake/stm32cubemx/CMakeFiles/FreeRTOS_lib.dir/__/__/OS/src/queue.c.obj
                0x08002cec                vQueueWaitForMessageRestricted
 .text.prvCreateTask
                0x08002d54       0x78 cmake/stm32cubemx/CMakeFiles/FreeRTOS_lib.dir/__/__/OS/src/tasks.c.obj
 .text.xTaskCreate
                0x08002dcc       0x46 cmake/stm32cubemx/CMakeFiles/FreeRTOS_lib.dir/__/__/OS/src/tasks.c.obj
                0x08002dcc                xTaskCreate
 .text.prvInitialiseNewTask
                0x08002e12      0x120 cmake/stm32cubemx/CMakeFiles/FreeRTOS_lib.dir/__/__/OS/src/tasks.c.obj
 *fill*         0x08002f32        0x2 
 .text.prvAddNewTaskToReadyList
                0x08002f34      0x130 cmake/stm32cubemx/CMakeFiles/FreeRTOS_lib.dir/__/__/OS/src/tasks.c.obj
 .text.vTaskDelay
                0x08003064       0x6c cmake/stm32cubemx/CMakeFiles/FreeRTOS_lib.dir/__/__/OS/src/tasks.c.obj
                0x08003064                vTaskDelay
 .text.prvCreateIdleTasks
                0x080030d0       0x94 cmake/stm32cubemx/CMakeFiles/FreeRTOS_lib.dir/__/__/OS/src/tasks.c.obj
 .text.vTaskStartScheduler
                0x08003164       0x88 cmake/stm32cubemx/CMakeFiles/FreeRTOS_lib.dir/__/__/OS/src/tasks.c.obj
                0x08003164                vTaskStartScheduler
 .text.vTaskSuspendAll
                0x080031ec       0x1c cmake/stm32cubemx/CMakeFiles/FreeRTOS_lib.dir/__/__/OS/src/tasks.c.obj
                0x080031ec                vTaskSuspendAll
 .text.xTaskResumeAll
                0x08003208      0x210 cmake/stm32cubemx/CMakeFiles/FreeRTOS_lib.dir/__/__/OS/src/tasks.c.obj
                0x08003208                xTaskResumeAll
 .text.xTaskGetTickCount
                0x08003418       0x20 cmake/stm32cubemx/CMakeFiles/FreeRTOS_lib.dir/__/__/OS/src/tasks.c.obj
                0x08003418                xTaskGetTickCount
 .text.uxTaskGetNumberOfTasks
                0x08003438       0x18 cmake/stm32cubemx/CMakeFiles/FreeRTOS_lib.dir/__/__/OS/src/tasks.c.obj
                0x08003438                uxTaskGetNumberOfTasks
 .text.xTaskIncrementTick
                0x08003450      0x234 cmake/stm32cubemx/CMakeFiles/FreeRTOS_lib.dir/__/__/OS/src/tasks.c.obj
                0x08003450                xTaskIncrementTick
 .text.vTaskSwitchContext
                0x08003684       0xbc cmake/stm32cubemx/CMakeFiles/FreeRTOS_lib.dir/__/__/OS/src/tasks.c.obj
                0x08003684                vTaskSwitchContext
 .text.vTaskPlaceOnEventList
                0x08003740       0x4c cmake/stm32cubemx/CMakeFiles/FreeRTOS_lib.dir/__/__/OS/src/tasks.c.obj
                0x08003740                vTaskPlaceOnEventList
 .text.vTaskPlaceOnEventListRestricted
                0x0800378c       0x8c cmake/stm32cubemx/CMakeFiles/FreeRTOS_lib.dir/__/__/OS/src/tasks.c.obj
                0x0800378c                vTaskPlaceOnEventListRestricted
 .text.xTaskRemoveFromEventList
                0x08003818      0x1b4 cmake/stm32cubemx/CMakeFiles/FreeRTOS_lib.dir/__/__/OS/src/tasks.c.obj
                0x08003818                xTaskRemoveFromEventList
 .text.vTaskInternalSetTimeOutState
                0x080039cc       0x2c cmake/stm32cubemx/CMakeFiles/FreeRTOS_lib.dir/__/__/OS/src/tasks.c.obj
                0x080039cc                vTaskInternalSetTimeOutState
 .text.xTaskCheckForTimeOut
                0x080039f8       0xd0 cmake/stm32cubemx/CMakeFiles/FreeRTOS_lib.dir/__/__/OS/src/tasks.c.obj
                0x080039f8                xTaskCheckForTimeOut
 .text.vTaskMissedYield
                0x08003ac8       0x18 cmake/stm32cubemx/CMakeFiles/FreeRTOS_lib.dir/__/__/OS/src/tasks.c.obj
                0x08003ac8                vTaskMissedYield
 .text.prvIdleTask
                0x08003ae0       0x30 cmake/stm32cubemx/CMakeFiles/FreeRTOS_lib.dir/__/__/OS/src/tasks.c.obj
 .text.prvInitialiseTaskLists
                0x08003b10       0x80 cmake/stm32cubemx/CMakeFiles/FreeRTOS_lib.dir/__/__/OS/src/tasks.c.obj
 .text.prvCheckTasksWaitingTermination
                0x08003b90       0x5c cmake/stm32cubemx/CMakeFiles/FreeRTOS_lib.dir/__/__/OS/src/tasks.c.obj
 .text.prvDeleteTCB
                0x08003bec       0x20 cmake/stm32cubemx/CMakeFiles/FreeRTOS_lib.dir/__/__/OS/src/tasks.c.obj
 .text.prvResetNextTaskUnblockTime
                0x08003c0c       0x38 cmake/stm32cubemx/CMakeFiles/FreeRTOS_lib.dir/__/__/OS/src/tasks.c.obj
 .text.xTaskGetSchedulerState
                0x08003c44       0x3c cmake/stm32cubemx/CMakeFiles/FreeRTOS_lib.dir/__/__/OS/src/tasks.c.obj
                0x08003c44                xTaskGetSchedulerState
 .text.xTaskPriorityDisinherit
                0x08003c80      0x150 cmake/stm32cubemx/CMakeFiles/FreeRTOS_lib.dir/__/__/OS/src/tasks.c.obj
                0x08003c80                xTaskPriorityDisinherit
 .text.xTaskGenericNotifyFromISR
                0x08003dd0      0x2c4 cmake/stm32cubemx/CMakeFiles/FreeRTOS_lib.dir/__/__/OS/src/tasks.c.obj
                0x08003dd0                xTaskGenericNotifyFromISR
 .text.prvAddCurrentTaskToDelayedList
                0x08004094      0x104 cmake/stm32cubemx/CMakeFiles/FreeRTOS_lib.dir/__/__/OS/src/tasks.c.obj
 .text.xTimerCreateTimerTask
                0x08004198       0x68 cmake/stm32cubemx/CMakeFiles/FreeRTOS_lib.dir/__/__/OS/src/timers.c.obj
                0x08004198                xTimerCreateTimerTask
 .text.prvReloadTimer
                0x08004200       0x42 cmake/stm32cubemx/CMakeFiles/FreeRTOS_lib.dir/__/__/OS/src/timers.c.obj
 *fill*         0x08004242        0x2 
 .text.prvProcessExpiredTimer
                0x08004244       0x60 cmake/stm32cubemx/CMakeFiles/FreeRTOS_lib.dir/__/__/OS/src/timers.c.obj
 .text.prvTimerTask
                0x080042a4       0x26 cmake/stm32cubemx/CMakeFiles/FreeRTOS_lib.dir/__/__/OS/src/timers.c.obj
 *fill*         0x080042ca        0x2 
 .text.prvProcessTimerOrBlockTask
                0x080042cc       0x9c cmake/stm32cubemx/CMakeFiles/FreeRTOS_lib.dir/__/__/OS/src/timers.c.obj
 .text.prvGetNextExpireTime
                0x08004368       0x48 cmake/stm32cubemx/CMakeFiles/FreeRTOS_lib.dir/__/__/OS/src/timers.c.obj
 .text.prvSampleTimeNow
                0x080043b0       0x40 cmake/stm32cubemx/CMakeFiles/FreeRTOS_lib.dir/__/__/OS/src/timers.c.obj
 .text.prvInsertTimerInActiveList
                0x080043f0       0x84 cmake/stm32cubemx/CMakeFiles/FreeRTOS_lib.dir/__/__/OS/src/timers.c.obj
 .text.prvProcessReceivedCommands
                0x08004474      0x190 cmake/stm32cubemx/CMakeFiles/FreeRTOS_lib.dir/__/__/OS/src/timers.c.obj
 .text.prvSwitchTimerLists
                0x08004604       0x4c cmake/stm32cubemx/CMakeFiles/FreeRTOS_lib.dir/__/__/OS/src/timers.c.obj
 .text.prvCheckForValidListAndQueue
                0x08004650       0x6c cmake/stm32cubemx/CMakeFiles/FreeRTOS_lib.dir/__/__/OS/src/timers.c.obj
 .text._DoInit  0x080046bc       0xb4 CMakeFiles/watch.dir/Middlewares/RTT/SEGGER_RTT.c.obj
 .text._WriteBlocking
                0x08004770       0xba CMakeFiles/watch.dir/Middlewares/RTT/SEGGER_RTT.c.obj
 .text._WriteNoCheck
                0x0800482a       0x90 CMakeFiles/watch.dir/Middlewares/RTT/SEGGER_RTT.c.obj
 .text._GetAvailWriteSpace
                0x080048ba       0x46 CMakeFiles/watch.dir/Middlewares/RTT/SEGGER_RTT.c.obj
 .text.SEGGER_RTT_WriteNoLock
                0x08004900       0xa0 CMakeFiles/watch.dir/Middlewares/RTT/SEGGER_RTT.c.obj
                0x08004900                SEGGER_RTT_WriteNoLock
 .text.SEGGER_RTT_Write
                0x080049a0       0x4c CMakeFiles/watch.dir/Middlewares/RTT/SEGGER_RTT.c.obj
                0x080049a0                SEGGER_RTT_Write
 .text._StoreChar
                0x080049ec       0x7c CMakeFiles/watch.dir/Middlewares/RTT/SEGGER_RTT_printf.c.obj
 .text._PrintUnsigned
                0x08004a68      0x158 CMakeFiles/watch.dir/Middlewares/RTT/SEGGER_RTT_printf.c.obj
 .text._PrintInt
                0x08004bc0      0x14e CMakeFiles/watch.dir/Middlewares/RTT/SEGGER_RTT_printf.c.obj
 *fill*         0x08004d0e        0x2 
 .text.SEGGER_RTT_vprintf
                0x08004d10      0x53c CMakeFiles/watch.dir/Middlewares/RTT/SEGGER_RTT_printf.c.obj
                0x08004d10                SEGGER_RTT_vprintf
 .text.SEGGER_RTT_printf
                0x0800524c       0x30 CMakeFiles/watch.dir/Middlewares/RTT/SEGGER_RTT_printf.c.obj
                0x0800524c                SEGGER_RTT_printf
 .text.elog_init
                0x0800527c       0x68 CMakeFiles/watch.dir/Middlewares/easylogger/src/elog.c.obj
                0x0800527c                elog_init
 .text.elog_start
                0x080052e4       0x40 CMakeFiles/watch.dir/Middlewares/easylogger/src/elog.c.obj
                0x080052e4                elog_start
 .text.elog_set_output_enabled
                0x08005324       0x80 CMakeFiles/watch.dir/Middlewares/easylogger/src/elog.c.obj
                0x08005324                elog_set_output_enabled
 .text.elog_set_text_color_enabled
                0x080053a4       0x24 CMakeFiles/watch.dir/Middlewares/easylogger/src/elog.c.obj
                0x080053a4                elog_set_text_color_enabled
 .text.elog_set_fmt
                0x080053c8       0x80 CMakeFiles/watch.dir/Middlewares/easylogger/src/elog.c.obj
                0x080053c8                elog_set_fmt
 .text.elog_set_filter_lvl
                0x08005448       0x78 CMakeFiles/watch.dir/Middlewares/easylogger/src/elog.c.obj
                0x08005448                elog_set_filter_lvl
 .text.elog_output_lock
                0x080054c0       0x2c CMakeFiles/watch.dir/Middlewares/easylogger/src/elog.c.obj
                0x080054c0                elog_output_lock
 .text.elog_output_unlock
                0x080054ec       0x2c CMakeFiles/watch.dir/Middlewares/easylogger/src/elog.c.obj
                0x080054ec                elog_output_unlock
 .text.elog_set_filter_tag_lvl_default
                0x08005518       0x68 CMakeFiles/watch.dir/Middlewares/easylogger/src/elog.c.obj
 .text.elog_get_filter_tag_lvl
                0x08005580       0xf0 CMakeFiles/watch.dir/Middlewares/easylogger/src/elog.c.obj
                0x08005580                elog_get_filter_tag_lvl
 .text.elog_output
                0x08005670      0x554 CMakeFiles/watch.dir/Middlewares/easylogger/src/elog.c.obj
                0x08005670                elog_output
 .text.get_fmt_enabled
                0x08005bc4       0x8c CMakeFiles/watch.dir/Middlewares/easylogger/src/elog.c.obj
 .text.elog_output_lock_enabled
                0x08005c50       0x68 CMakeFiles/watch.dir/Middlewares/easylogger/src/elog.c.obj
                0x08005c50                elog_output_lock_enabled
 .text.elog_strcpy
                0x08005cb8       0xe0 CMakeFiles/watch.dir/Middlewares/easylogger/src/elog_utils.c.obj
                0x08005cb8                elog_strcpy
 .text.elog_port_init
                0x08005d98       0x18 CMakeFiles/watch.dir/Middlewares/easylogger/port/elog_port.c.obj
                0x08005d98                elog_port_init
 .text.elog_port_output
                0x08005db0       0x20 CMakeFiles/watch.dir/Middlewares/easylogger/port/elog_port.c.obj
                0x08005db0                elog_port_output
 .text.elog_port_output_lock
                0x08005dd0        0xe CMakeFiles/watch.dir/Middlewares/easylogger/port/elog_port.c.obj
                0x08005dd0                elog_port_output_lock
 .text.elog_port_output_unlock
                0x08005dde        0xe CMakeFiles/watch.dir/Middlewares/easylogger/port/elog_port.c.obj
                0x08005dde                elog_port_output_unlock
 .text.elog_port_get_time
                0x08005dec       0x10 CMakeFiles/watch.dir/Middlewares/easylogger/port/elog_port.c.obj
                0x08005dec                elog_port_get_time
 .text.elog_port_get_p_info
                0x08005dfc       0x10 CMakeFiles/watch.dir/Middlewares/easylogger/port/elog_port.c.obj
                0x08005dfc                elog_port_get_p_info
 .text.elog_port_get_t_info
                0x08005e0c       0x10 CMakeFiles/watch.dir/Middlewares/easylogger/port/elog_port.c.obj
                0x08005e0c                elog_port_get_t_info
 .text.main     0x08005e1c       0xb0 CMakeFiles/watch.dir/Core/Src/main.c.obj
                0x08005e1c                main
 .text.easylogger_config
                0x08005ecc       0x30 CMakeFiles/watch.dir/Core/Src/main.c.obj
                0x08005ecc                easylogger_config
 .text.__io_putchar
                0x08005efc       0x1c CMakeFiles/watch.dir/Core/Src/main.c.obj
                0x08005efc                __io_putchar
 .text.Delay    0x08005f18       0x2c CMakeFiles/watch.dir/Core/Src/main.c.obj
 .text.TimingDelay_Decrement
                0x08005f44       0x24 CMakeFiles/watch.dir/Core/Src/main.c.obj
                0x08005f44                TimingDelay_Decrement
 .text.SystemClock_Config
                0x08005f68       0x74 CMakeFiles/watch.dir/Core/Src/main.c.obj
                0x08005f68                SystemClock_Config
 .text.get_clock_info
                0x08005fdc       0x50 CMakeFiles/watch.dir/Core/Src/main.c.obj
                0x08005fdc                get_clock_info
 .text._read    0x0800602c       0x3a CMakeFiles/watch.dir/Core/Src/syscalls.c.obj
                0x0800602c                _read
 .text._write   0x08006066       0x38 CMakeFiles/watch.dir/Core/Src/syscalls.c.obj
                0x08006066                _write
 .text._close   0x0800609e       0x18 CMakeFiles/watch.dir/Core/Src/syscalls.c.obj
                0x0800609e                _close
 .text._fstat   0x080060b6       0x20 CMakeFiles/watch.dir/Core/Src/syscalls.c.obj
                0x080060b6                _fstat
 .text._isatty  0x080060d6       0x16 CMakeFiles/watch.dir/Core/Src/syscalls.c.obj
                0x080060d6                _isatty
 .text._lseek   0x080060ec       0x1a CMakeFiles/watch.dir/Core/Src/syscalls.c.obj
                0x080060ec                _lseek
 *fill*         0x08006106        0x2 
 .text._sbrk    0x08006108       0x6c CMakeFiles/watch.dir/Core/Src/sysmem.c.obj
                0x08006108                _sbrk
 .text.UART_RegisterRxEventCallback
                0x08006174       0x38 CMakeFiles/watch.dir/Core/Src/usart.c.obj
                0x08006174                UART_RegisterRxEventCallback
 .text.USART1_DMA2_Stream2_Init
                0x080061ac      0x1a4 CMakeFiles/watch.dir/Core/Src/usart.c.obj
                0x080061ac                USART1_DMA2_Stream2_Init
 .text.DMA2_Stream2_IRQHandler
                0x08006350       0xb4 CMakeFiles/watch.dir/Core/Src/usart.c.obj
                0x08006350                DMA2_Stream2_IRQHandler
 .text.USART1_SendByte
                0x08006404       0x34 CMakeFiles/watch.dir/Core/Src/usart.c.obj
                0x08006404                USART1_SendByte
 .text.USART1_Config
                0x08006438       0xc4 CMakeFiles/watch.dir/Core/Src/usart.c.obj
                0x08006438                USART1_Config
 .text.USART1_IRQHandler
                0x080064fc       0x88 CMakeFiles/watch.dir/Core/Src/usart.c.obj
                0x080064fc                USART1_IRQHandler
 .text.gpio_init
                0x08006584       0x10 CMakeFiles/watch.dir/Core/Src/gpio.c.obj
                0x08006584                gpio_init
 .text.TIM5_IRQHandler
                0x08006594       0x28 CMakeFiles/watch.dir/Core/Src/timer.c.obj
                0x08006594                TIM5_IRQHandler
 .text.DMA2_Stream0_IRQHandler
                0x080065bc       0x70 CMakeFiles/watch.dir/Core/Src/FreeRTOS_tasks.c.obj
                0x080065bc                DMA2_Stream0_IRQHandler
 .text.usart_dma_init
                0x0800662c       0x9c CMakeFiles/watch.dir/Core/Src/FreeRTOS_tasks.c.obj
                0x0800662c                usart_dma_init
 .text.app_task_create
                0x080066c8        0xc CMakeFiles/watch.dir/Core/Src/FreeRTOS_tasks.c.obj
                0x080066c8                app_task_create
 .text.EXTI0_IRQHandler
                0x080066d4      0x118 CMakeFiles/watch.dir/BSP/KEY/bsp_key.c.obj
                0x080066d4                EXTI0_IRQHandler
 .text.led_on   0x080067ec       0x18 CMakeFiles/watch.dir/BSP/LED/bsp_led.c.obj
 .text.led_off  0x08006804       0x18 CMakeFiles/watch.dir/BSP/LED/bsp_led.c.obj
 .text.led_off_on_irq
                0x0800681c       0x4c CMakeFiles/watch.dir/BSP/LED/bsp_led.c.obj
                0x0800681c                led_off_on_irq
 .text.uart_driver_func
                0x08006868      0x1c0 CMakeFiles/watch.dir/BSP/USART/bsp_usart_driver.c.obj
                0x08006868                uart_driver_func
 .text.get_ring_buffer_point
                0x08006a28       0x44 CMakeFiles/watch.dir/BSP/USART/bsp_usart_driver.c.obj
                0x08006a28                get_ring_buffer_point
 .text.dma_half_irq_callback
                0x08006a6c      0x11c CMakeFiles/watch.dir/BSP/USART/bsp_usart_driver.c.obj
                0x08006a6c                dma_half_irq_callback
 .text.dma_comp_irq_callback
                0x08006b88      0x11c CMakeFiles/watch.dir/BSP/USART/bsp_usart_driver.c.obj
                0x08006b88                dma_comp_irq_callback
 .text.uart_idle_irq_callback
                0x08006ca4      0x11c CMakeFiles/watch.dir/BSP/USART/bsp_usart_driver.c.obj
                0x08006ca4                uart_idle_irq_callback
 .text.create_empty_circular_buffer
                0x08006dc0       0x58 CMakeFiles/watch.dir/BSP/USART/mid_circular_buffer.c.obj
                0x08006dc0                create_empty_circular_buffer
 .text.ring_is_empty
                0x08006e18       0x50 CMakeFiles/watch.dir/BSP/USART/mid_circular_buffer.c.obj
                0x08006e18                ring_is_empty
 .text.ring_pop_tail
                0x08006e68       0x98 CMakeFiles/watch.dir/BSP/USART/mid_circular_buffer.c.obj
                0x08006e68                ring_pop_tail
 .text.get_head_pos
                0x08006f00       0x2a CMakeFiles/watch.dir/BSP/USART/mid_circular_buffer.c.obj
                0x08006f00                get_head_pos
 *fill*         0x08006f2a        0x2 
 .text.head_pos_increment
                0x08006f2c       0xd8 CMakeFiles/watch.dir/BSP/USART/mid_circular_buffer.c.obj
                0x08006f2c                head_pos_increment
 .text.usart1_parse_task
                0x08007004      0x304 CMakeFiles/watch.dir/BSP/USART/usart_parse.c.obj
                0x08007004                usart1_parse_task
 .text.malloc   0x08007308       0x10 /opt/ST/STM32CubeCLT_1.21.0/GNU-tools-for-STM32/bin/../lib/gcc/arm-none-eabi/14.3.1/../../../../arm-none-eabi/lib/thumb/v7e-m+fp/hard/libg_nano.a(libc_a-malloc.o)
                0x08007308                malloc
 .text.sbrk_aligned
                0x08007318       0x44 /opt/ST/STM32CubeCLT_1.21.0/GNU-tools-for-STM32/bin/../lib/gcc/arm-none-eabi/14.3.1/../../../../arm-none-eabi/lib/thumb/v7e-m+fp/hard/libg_nano.a(libc_a-mallocr.o)
 .text._malloc_r
                0x0800735c      0x100 /opt/ST/STM32CubeCLT_1.21.0/GNU-tools-for-STM32/bin/../lib/gcc/arm-none-eabi/14.3.1/../../../../arm-none-eabi/lib/thumb/v7e-m+fp/hard/libg_nano.a(libc_a-mallocr.o)
                0x0800735c                _malloc_r
 .text.snprintf
                0x0800745c       0x6c /opt/ST/STM32CubeCLT_1.21.0/GNU-tools-for-STM32/bin/../lib/gcc/arm-none-eabi/14.3.1/../../../../arm-none-eabi/lib/thumb/v7e-m+fp/hard/libg_nano.a(libc_a-snprintf.o)
                0x0800745c                snprintf
                0x0800745c                sniprintf
 .text.__malloc_lock
                0x080074c8        0xc /opt/ST/STM32CubeCLT_1.21.0/GNU-tools-for-STM32/bin/../lib/gcc/arm-none-eabi/14.3.1/../../../../arm-none-eabi/lib/thumb/v7e-m+fp/hard/libg_nano.a(libc_a-mlock.o)
                0x080074c8                __malloc_lock
 .text.__malloc_unlock
                0x080074d4        0xc /opt/ST/STM32CubeCLT_1.21.0/GNU-tools-for-STM32/bin/../lib/gcc/arm-none-eabi/14.3.1/../../../../arm-none-eabi/lib/thumb/v7e-m+fp/hard/libg_nano.a(libc_a-mlock.o)
                0x080074d4                __malloc_unlock
 .text.std      0x080074e0       0x6c /opt/ST/STM32CubeCLT_1.21.0/GNU-tools-for-STM32/bin/../lib/gcc/arm-none-eabi/14.3.1/../../../../arm-none-eabi/lib/thumb/v7e-m+fp/hard/libg_nano.a(libc_a-findfp.o)
 .text.stdio_exit_handler
                0x0800754c       0x18 /opt/ST/STM32CubeCLT_1.21.0/GNU-tools-for-STM32/bin/../lib/gcc/arm-none-eabi/14.3.1/../../../../arm-none-eabi/lib/thumb/v7e-m+fp/hard/libg_nano.a(libc_a-findfp.o)
 .text.cleanup_stdio
                0x08007564       0x40 /opt/ST/STM32CubeCLT_1.21.0/GNU-tools-for-STM32/bin/../lib/gcc/arm-none-eabi/14.3.1/../../../../arm-none-eabi/lib/thumb/v7e-m+fp/hard/libg_nano.a(libc_a-findfp.o)
 .text.global_stdio_init.part.0
                0x080075a4       0x40 /opt/ST/STM32CubeCLT_1.21.0/GNU-tools-for-STM32/bin/../lib/gcc/arm-none-eabi/14.3.1/../../../../arm-none-eabi/lib/thumb/v7e-m+fp/hard/libg_nano.a(libc_a-findfp.o)
 .text.__sfp_lock_acquire
                0x080075e4        0xc /opt/ST/STM32CubeCLT_1.21.0/GNU-tools-for-STM32/bin/../lib/gcc/arm-none-eabi/14.3.1/../../../../arm-none-eabi/lib/thumb/v7e-m+fp/hard/libg_nano.a(libc_a-findfp.o)
                0x080075e4                __sfp_lock_acquire
 .text.__sfp_lock_release
                0x080075f0        0xc /opt/ST/STM32CubeCLT_1.21.0/GNU-tools-for-STM32/bin/../lib/gcc/arm-none-eabi/14.3.1/../../../../arm-none-eabi/lib/thumb/v7e-m+fp/hard/libg_nano.a(libc_a-findfp.o)
                0x080075f0                __sfp_lock_release
 .text.__sinit  0x080075fc       0x30 /opt/ST/STM32CubeCLT_1.21.0/GNU-tools-for-STM32/bin/../lib/gcc/arm-none-eabi/14.3.1/../../../../arm-none-eabi/lib/thumb/v7e-m+fp/hard/libg_nano.a(libc_a-findfp.o)
                0x080075fc                __sinit
 .text._vsnprintf_r
                0x0800762c       0x5c /opt/ST/STM32CubeCLT_1.21.0/GNU-tools-for-STM32/bin/../lib/gcc/arm-none-eabi/14.3.1/../../../../arm-none-eabi/lib/thumb/v7e-m+fp/hard/libg_nano.a(libc_a-vsnprintf.o)
                0x0800762c                _vsnprintf_r
                0x0800762c                _vsniprintf_r
 .text.vsnprintf
                0x08007688       0x1c /opt/ST/STM32CubeCLT_1.21.0/GNU-tools-for-STM32/bin/../lib/gcc/arm-none-eabi/14.3.1/../../../../arm-none-eabi/lib/thumb/v7e-m+fp/hard/libg_nano.a(libc_a-vsnprintf.o)
                0x08007688                vsnprintf
                0x08007688                vsniprintf
 .text._fwalk_sglue
                0x080076a4       0x3c /opt/ST/STM32CubeCLT_1.21.0/GNU-tools-for-STM32/bin/../lib/gcc/arm-none-eabi/14.3.1/../../../../arm-none-eabi/lib/thumb/v7e-m+fp/hard/libg_nano.a(libc_a-fwalk.o)
                0x080076a4                _fwalk_sglue
 .text.printf   0x080076e0       0x24 /opt/ST/STM32CubeCLT_1.21.0/GNU-tools-for-STM32/bin/../lib/gcc/arm-none-eabi/14.3.1/../../../../arm-none-eabi/lib/thumb/v7e-m+fp/hard/libg_nano.a(libc_a-printf.o)
                0x080076e0                printf
                0x080076e0                iprintf
 .text._puts_r  0x08007704       0xaa /opt/ST/STM32CubeCLT_1.21.0/GNU-tools-for-STM32/bin/../lib/gcc/arm-none-eabi/14.3.1/../../../../arm-none-eabi/lib/thumb/v7e-m+fp/hard/libg_nano.a(libc_a-puts.o)
                0x08007704                _puts_r
 *fill*         0x080077ae        0x2 
 .text.puts     0x080077b0       0x10 /opt/ST/STM32CubeCLT_1.21.0/GNU-tools-for-STM32/bin/../lib/gcc/arm-none-eabi/14.3.1/../../../../arm-none-eabi/lib/thumb/v7e-m+fp/hard/libg_nano.a(libc_a-puts.o)
                0x080077b0                puts
 .text.memset   0x080077c0       0x10 /opt/ST/STM32CubeCLT_1.21.0/GNU-tools-for-STM32/bin/../lib/gcc/arm-none-eabi/14.3.1/../../../../arm-none-eabi/lib/thumb/v7e-m+fp/hard/libg_nano.a(libc_a-memset.o)
                0x080077c0                memset
 .text.strncmp  0x080077d0       0x24 /opt/ST/STM32CubeCLT_1.21.0/GNU-tools-for-STM32/bin/../lib/gcc/arm-none-eabi/14.3.1/../../../../arm-none-eabi/lib/thumb/v7e-m+fp/hard/libg_nano.a(libc_a-strncmp.o)
                0x080077d0                strncmp
 .text.strstr   0x080077f4       0x2c /opt/ST/STM32CubeCLT_1.21.0/GNU-tools-for-STM32/bin/../lib/gcc/arm-none-eabi/14.3.1/../../../../arm-none-eabi/lib/thumb/v7e-m+fp/hard/libg_nano.a(libc_a-strstr.o)
                0x080077f4                strstr
 .text._sbrk_r  0x08007820       0x20 /opt/ST/STM32CubeCLT_1.21.0/GNU-tools-for-STM32/bin/../lib/gcc/arm-none-eabi/14.3.1/../../../../arm-none-eabi/lib/thumb/v7e-m+fp/hard/libg_nano.a(libc_a-sbrkr.o)
                0x08007820                _sbrk_r
 .text.__errno  0x08007840        0xc /opt/ST/STM32CubeCLT_1.21.0/GNU-tools-for-STM32/bin/../lib/gcc/arm-none-eabi/14.3.1/../../../../arm-none-eabi/lib/thumb/v7e-m+fp/hard/libg_nano.a(libc_a-errno.o)
                0x08007840                __errno
 .text.__libc_init_array
                0x0800784c       0x48 /opt/ST/STM32CubeCLT_1.21.0/GNU-tools-for-STM32/bin/../lib/gcc/arm-none-eabi/14.3.1/../../../../arm-none-eabi/lib/thumb/v7e-m+fp/hard/libg_nano.a(libc_a-init.o)
                0x0800784c                __libc_init_array
 .text.__retarget_lock_init_recursive
                0x08007894        0x2 /opt/ST/STM32CubeCLT_1.21.0/GNU-tools-for-STM32/bin/../lib/gcc/arm-none-eabi/14.3.1/../../../../arm-none-eabi/lib/thumb/v7e-m+fp/hard/libg_nano.a(libc_a-lock.o)
                0x08007894                __retarget_lock_init_recursive
 .text.__retarget_lock_acquire_recursive
                0x08007896        0x2 /opt/ST/STM32CubeCLT_1.21.0/GNU-tools-for-STM32/bin/../lib/gcc/arm-none-eabi/14.3.1/../../../../arm-none-eabi/lib/thumb/v7e-m+fp/hard/libg_nano.a(libc_a-lock.o)
                0x08007896                __retarget_lock_acquire_recursive
 .text.__retarget_lock_release_recursive
                0x08007898        0x2 /opt/ST/STM32CubeCLT_1.21.0/GNU-tools-for-STM32/bin/../lib/gcc/arm-none-eabi/14.3.1/../../../../arm-none-eabi/lib/thumb/v7e-m+fp/hard/libg_nano.a(libc_a-lock.o)
                0x08007898                __retarget_lock_release_recursive
 .text.memcpy   0x0800789a       0x1c /opt/ST/STM32CubeCLT_1.21.0/GNU-tools-for-STM32/bin/../lib/gcc/arm-none-eabi/14.3.1/../../../../arm-none-eabi/lib/thumb/v7e-m+fp/hard/libg_nano.a(libc_a-memcpy-stub.o)
                0x0800789a                memcpy
 *fill*         0x080078b6        0x2 
 .text._free_r  0x080078b8       0x94 /opt/ST/STM32CubeCLT_1.21.0/GNU-tools-for-STM32/bin/../lib/gcc/arm-none-eabi/14.3.1/../../../../arm-none-eabi/lib/thumb/v7e-m+fp/hard/libg_nano.a(libc_a-freer.o)
                0x080078b8                _free_r
 .text.__ssputs_r
                0x0800794c       0xc0 /opt/ST/STM32CubeCLT_1.21.0/GNU-tools-for-STM32/bin/../lib/gcc/arm-none-eabi/14.3.1/../../../../arm-none-eabi/lib/thumb/v7e-m+fp/hard/libg_nano.a(libc_a-nano-svfprintf.o)
                0x0800794c                __ssputs_r
 .text._svfprintf_r
                0x08007a0c      0x1f0 /opt/ST/STM32CubeCLT_1.21.0/GNU-tools-for-STM32/bin/../lib/gcc/arm-none-eabi/14.3.1/../../../../arm-none-eabi/lib/thumb/v7e-m+fp/hard/libg_nano.a(libc_a-nano-svfprintf.o)
                0x08007a0c                _svfprintf_r
                0x08007a0c                _svfiprintf_r
 .text.__sfputc_r
                0x08007bfc       0x2e /opt/ST/STM32CubeCLT_1.21.0/GNU-tools-for-STM32/bin/../lib/gcc/arm-none-eabi/14.3.1/../../../../arm-none-eabi/lib/thumb/v7e-m+fp/hard/libg_nano.a(libc_a-nano-vfprintf.o)
 .text.__sfputs_r
                0x08007c2a       0x24 /opt/ST/STM32CubeCLT_1.21.0/GNU-tools-for-STM32/bin/../lib/gcc/arm-none-eabi/14.3.1/../../../../arm-none-eabi/lib/thumb/v7e-m+fp/hard/libg_nano.a(libc_a-nano-vfprintf.o)
                0x08007c2a                __sfputs_r
 *fill*         0x08007c4e        0x2 
 .text._vfprintf_r
                0x08007c50      0x228 /opt/ST/STM32CubeCLT_1.21.0/GNU-tools-for-STM32/bin/../lib/gcc/arm-none-eabi/14.3.1/../../../../arm-none-eabi/lib/thumb/v7e-m+fp/hard/libg_nano.a(libc_a-nano-vfprintf.o)
                0x08007c50                _vfiprintf_r
                0x08007c50                _vfprintf_r
 .text._printf_common
                0x08007e78       0xda /opt/ST/STM32CubeCLT_1.21.0/GNU-tools-for-STM32/bin/../lib/gcc/arm-none-eabi/14.3.1/../../../../arm-none-eabi/lib/thumb/v7e-m+fp/hard/libg_nano.a(libc_a-nano-vfprintf_i.o)
                0x08007e78                _printf_common
 *fill*         0x08007f52        0x2 
 .text._printf_i
                0x08007f54      0x24c /opt/ST/STM32CubeCLT_1.21.0/GNU-tools-for-STM32/bin/../lib/gcc/arm-none-eabi/14.3.1/../../../../arm-none-eabi/lib/thumb/v7e-m+fp/hard/libg_nano.a(libc_a-nano-vfprintf_i.o)
                0x08007f54                _printf_i
 .text.__sflush_r
                0x080081a0      0x104 /opt/ST/STM32CubeCLT_1.21.0/GNU-tools-for-STM32/bin/../lib/gcc/arm-none-eabi/14.3.1/../../../../arm-none-eabi/lib/thumb/v7e-m+fp/hard/libg_nano.a(libc_a-fflush.o)
                0x080081a0                __sflush_r
 .text._fflush_r
                0x080082a4       0x50 /opt/ST/STM32CubeCLT_1.21.0/GNU-tools-for-STM32/bin/../lib/gcc/arm-none-eabi/14.3.1/../../../../arm-none-eabi/lib/thumb/v7e-m+fp/hard/libg_nano.a(libc_a-fflush.o)
                0x080082a4                _fflush_r
 .text.__sread  0x080082f4       0x22 /opt/ST/STM32CubeCLT_1.21.0/GNU-tools-for-STM32/bin/../lib/gcc/arm-none-eabi/14.3.1/../../../../arm-none-eabi/lib/thumb/v7e-m+fp/hard/libg_nano.a(libc_a-stdio.o)
                0x080082f4                __sread
 .text.__swrite
                0x08008316       0x38 /opt/ST/STM32CubeCLT_1.21.0/GNU-tools-for-STM32/bin/../lib/gcc/arm-none-eabi/14.3.1/../../../../arm-none-eabi/lib/thumb/v7e-m+fp/hard/libg_nano.a(libc_a-stdio.o)
                0x08008316                __swrite
 .text.__sseek  0x0800834e       0x26 /opt/ST/STM32CubeCLT_1.21.0/GNU-tools-for-STM32/bin/../lib/gcc/arm-none-eabi/14.3.1/../../../../arm-none-eabi/lib/thumb/v7e-m+fp/hard/libg_nano.a(libc_a-stdio.o)
                0x0800834e                __sseek
 .text.__sclose
                0x08008374        0x8 /opt/ST/STM32CubeCLT_1.21.0/GNU-tools-for-STM32/bin/../lib/gcc/arm-none-eabi/14.3.1/../../../../arm-none-eabi/lib/thumb/v7e-m+fp/hard/libg_nano.a(libc_a-stdio.o)
                0x08008374                __sclose
 .text._realloc_r
                0x0800837c       0x5c /opt/ST/STM32CubeCLT_1.21.0/GNU-tools-for-STM32/bin/../lib/gcc/arm-none-eabi/14.3.1/../../../../arm-none-eabi/lib/thumb/v7e-m+fp/hard/libg_nano.a(libc_a-reallocr.o)
                0x0800837c                _realloc_r
 .text.__swbuf_r
                0x080083d8       0x7c /opt/ST/STM32CubeCLT_1.21.0/GNU-tools-for-STM32/bin/../lib/gcc/arm-none-eabi/14.3.1/../../../../arm-none-eabi/lib/thumb/v7e-m+fp/hard/libg_nano.a(libc_a-wbuf.o)
                0x080083d8                __swbuf_r
 .text.__swsetup_r
                0x08008454       0xa8 /opt/ST/STM32CubeCLT_1.21.0/GNU-tools-for-STM32/bin/../lib/gcc/arm-none-eabi/14.3.1/../../../../arm-none-eabi/lib/thumb/v7e-m+fp/hard/libg_nano.a(libc_a-wsetup.o)
                0x08008454                __swsetup_r
 .text.__swhatbuf_r
                0x080084fc       0x48 /opt/ST/STM32CubeCLT_1.21.0/GNU-tools-for-STM32/bin/../lib/gcc/arm-none-eabi/14.3.1/../../../../arm-none-eabi/lib/thumb/v7e-m+fp/hard/libg_nano.a(libc_a-makebuf.o)
                0x080084fc                __swhatbuf_r
 .text.__smakebuf_r
                0x08008544       0x72 /opt/ST/STM32CubeCLT_1.21.0/GNU-tools-for-STM32/bin/../lib/gcc/arm-none-eabi/14.3.1/../../../../arm-none-eabi/lib/thumb/v7e-m+fp/hard/libg_nano.a(libc_a-makebuf.o)
                0x08008544                __smakebuf_r
 .text.memmove  0x080085b6       0x32 /opt/ST/STM32CubeCLT_1.21.0/GNU-tools-for-STM32/bin/../lib/gcc/arm-none-eabi/14.3.1/../../../../arm-none-eabi/lib/thumb/v7e-m+fp/hard/libg_nano.a(libc_a-memmove.o)
                0x080085b6                memmove
 .text._isatty_r
                0x080085e8       0x20 /opt/ST/STM32CubeCLT_1.21.0/GNU-tools-for-STM32/bin/../lib/gcc/arm-none-eabi/14.3.1/../../../../arm-none-eabi/lib/thumb/v7e-m+fp/hard/libg_nano.a(libc_a-isattyr.o)
                0x080085e8                _isatty_r
 .text._lseek_r
                0x08008608       0x24 /opt/ST/STM32CubeCLT_1.21.0/GNU-tools-for-STM32/bin/../lib/gcc/arm-none-eabi/14.3.1/../../../../arm-none-eabi/lib/thumb/v7e-m+fp/hard/libg_nano.a(libc_a-lseekr.o)
                0x08008608                _lseek_r
 .text._read_r  0x0800862c       0x24 /opt/ST/STM32CubeCLT_1.21.0/GNU-tools-for-STM32/bin/../lib/gcc/arm-none-eabi/14.3.1/../../../../arm-none-eabi/lib/thumb/v7e-m+fp/hard/libg_nano.a(libc_a-readr.o)
                0x0800862c                _read_r
 .text._write_r
                0x08008650       0x24 /opt/ST/STM32CubeCLT_1.21.0/GNU-tools-for-STM32/bin/../lib/gcc/arm-none-eabi/14.3.1/../../../../arm-none-eabi/lib/thumb/v7e-m+fp/hard/libg_nano.a(libc_a-writer.o)
                0x08008650                _write_r
 .text._close_r
                0x08008674       0x20 /opt/ST/STM32CubeCLT_1.21.0/GNU-tools-for-STM32/bin/../lib/gcc/arm-none-eabi/14.3.1/../../../../arm-none-eabi/lib/thumb/v7e-m+fp/hard/libg_nano.a(libc_a-closer.o)
                0x08008674                _close_r
 .text._fstat_r
                0x08008694       0x24 /opt/ST/STM32CubeCLT_1.21.0/GNU-tools-for-STM32/bin/../lib/gcc/arm-none-eabi/14.3.1/../../../../arm-none-eabi/lib/thumb/v7e-m+fp/hard/libg_nano.a(libc_a-fstatr.o)
                0x08008694                _fstat_r
 .text._malloc_usable_size_r
                0x080086b8       0x10 /opt/ST/STM32CubeCLT_1.21.0/GNU-tools-for-STM32/bin/../lib/gcc/arm-none-eabi/14.3.1/../../../../arm-none-eabi/lib/thumb/v7e-m+fp/hard/libg_nano.a(libc_a-msizer.o)
                0x080086b8                _malloc_usable_size_r
 *(.glue_7)
 .glue_7        0x080086c8        0x0 linker stubs
 *(.glue_7t)
 .glue_7t       0x080086c8        0x0 linker stubs
 *(.eh_frame)
 .eh_frame      0x080086c8        0x0 /opt/ST/STM32CubeCLT_1.21.0/GNU-tools-for-STM32/bin/../lib/gcc/arm-none-eabi/14.3.1/thumb/v7e-m+fp/hard/crtbegin.o
 *(.init)
 .init          0x080086c8        0x4 /opt/ST/STM32CubeCLT_1.21.0/GNU-tools-for-STM32/bin/../lib/gcc/arm-none-eabi/14.3.1/thumb/v7e-m+fp/hard/crti.o
                0x080086c8                _init
 .init          0x080086cc        0x8 /opt/ST/STM32CubeCLT_1.21.0/GNU-tools-for-STM32/bin/../lib/gcc/arm-none-eabi/14.3.1/thumb/v7e-m+fp/hard/crtn.o
 *(.fini)
 .fini          0x080086d4        0x4 /opt/ST/STM32CubeCLT_1.21.0/GNU-tools-for-STM32/bin/../lib/gcc/arm-none-eabi/14.3.1/thumb/v7e-m+fp/hard/crti.o
                0x080086d4                _fini
 .fini          0x080086d8        0x8 /opt/ST/STM32CubeCLT_1.21.0/GNU-tools-for-STM32/bin/../lib/gcc/arm-none-eabi/14.3.1/thumb/v7e-m+fp/hard/crtn.o
                0x080086e0                        . = ALIGN (0x4)
                0x080086e0                        _etext = .

.vfp11_veneer   0x080086e0        0x0
 .vfp11_veneer  0x080086e0        0x0 linker stubs

.v4_bx          0x080086e0        0x0
 .v4_bx         0x080086e0        0x0 linker stubs

.iplt           0x080086e0        0x0
 .iplt          0x080086e0        0x0 /opt/ST/STM32CubeCLT_1.21.0/GNU-tools-for-STM32/bin/../lib/gcc/arm-none-eabi/14.3.1/thumb/v7e-m+fp/hard/crtbegin.o

.rodata         0x080086e0     0x1304
                0x080086e0                        . = ALIGN (0x4)
 *(.rodata)
 .rodata        0x080086e0        0x5 cmake/stm32cubemx/CMakeFiles/FreeRTOS_lib.dir/__/__/OS/src/tasks.c.obj
 *fill*         0x080086e5        0x3 
 .rodata        0x080086e8        0xd cmake/stm32cubemx/CMakeFiles/FreeRTOS_lib.dir/__/__/OS/src/timers.c.obj
 *fill*         0x080086f5        0x3 
 .rodata        0x080086f8        0x9 CMakeFiles/watch.dir/Middlewares/RTT/SEGGER_RTT.c.obj
 *fill*         0x08008701        0x3 
 .rodata        0x08008704        0x7 CMakeFiles/watch.dir/Middlewares/RTT/SEGGER_RTT_printf.c.obj
 *fill*         0x0800870b        0x1 
 .rodata        0x0800870c      0x347 CMakeFiles/watch.dir/Middlewares/easylogger/src/elog.c.obj
 *fill*         0x08008a53        0x1 
 .rodata        0x08008a54       0xa7 CMakeFiles/watch.dir/Middlewares/easylogger/src/elog_utils.c.obj
 *fill*         0x08008afb        0x1 
 .rodata        0x08008afc        0x5 CMakeFiles/watch.dir/Middlewares/easylogger/port/elog_port.c.obj
 *fill*         0x08008b01        0x3 
 .rodata        0x08008b04      0x106 CMakeFiles/watch.dir/Core/Src/main.c.obj
 *fill*         0x08008c0a        0x2 
 .rodata        0x08008c0c       0x97 CMakeFiles/watch.dir/Core/Src/usart.c.obj
 *fill*         0x08008ca3        0x1 
 .rodata        0x08008ca4      0x18d CMakeFiles/watch.dir/Core/Src/FreeRTOS_tasks.c.obj
 *fill*         0x08008e31        0x3 
 .rodata        0x08008e34      0x3a4 CMakeFiles/watch.dir/BSP/KEY/bsp_key.c.obj
 .rodata        0x080091d8      0x2d8 CMakeFiles/watch.dir/BSP/USART/bsp_usart_driver.c.obj
 .rodata        0x080094b0      0x12f CMakeFiles/watch.dir/BSP/USART/mid_circular_buffer.c.obj
 *fill*         0x080095df        0x1 
 .rodata        0x080095e0      0x1ed CMakeFiles/watch.dir/BSP/USART/usart_parse.c.obj
 *(.rodata*)
 *fill*         0x080097cd        0x3 
 .rodata.APBAHBPrescTable
                0x080097d0       0x10 cmake/stm32cubemx/CMakeFiles/STM32_StdPeriph.dir/__/__/Drivers/STM32F4xx_StdPeriph_Driver/src/stm32f4xx_rcc.c.obj
 .rodata.uxTopUsedPriority
                0x080097e0        0x4 cmake/stm32cubemx/CMakeFiles/FreeRTOS_lib.dir/__/__/OS/src/tasks.c.obj
 .rodata._aInitStr.0
                0x080097e4       0x11 CMakeFiles/watch.dir/Middlewares/RTT/SEGGER_RTT.c.obj
 *fill*         0x080097f5        0x3 
 .rodata._aV2C.0
                0x080097f8       0x10 CMakeFiles/watch.dir/Middlewares/RTT/SEGGER_RTT_printf.c.obj
 .rodata.__FUNCTION__.10
                0x08009808        0xb CMakeFiles/watch.dir/Middlewares/easylogger/src/elog.c.obj
 *fill*         0x08009813        0x1 
 .rodata.__FUNCTION__.9
                0x08009814       0x18 CMakeFiles/watch.dir/Middlewares/easylogger/src/elog.c.obj
 .rodata.__FUNCTION__.8
                0x0800982c        0xd CMakeFiles/watch.dir/Middlewares/easylogger/src/elog.c.obj
 *fill*         0x08009839        0x3 
 .rodata.__FUNCTION__.6
                0x0800983c       0x14 CMakeFiles/watch.dir/Middlewares/easylogger/src/elog.c.obj
 .rodata.__FUNCTION__.4
                0x08009850       0x18 CMakeFiles/watch.dir/Middlewares/easylogger/src/elog.c.obj
 .rodata.__FUNCTION__.3
                0x08009868        0xc CMakeFiles/watch.dir/Middlewares/easylogger/src/elog.c.obj
 .rodata.__FUNCTION__.2
                0x08009874       0x10 CMakeFiles/watch.dir/Middlewares/easylogger/src/elog.c.obj
 .rodata.__FUNCTION__.2
                0x08009884        0xc CMakeFiles/watch.dir/Middlewares/easylogger/src/elog_utils.c.obj
 .rodata.__FUNCTION__.0
                0x08009890        0x5 CMakeFiles/watch.dir/Core/Src/main.c.obj
 *fill*         0x08009895        0x3 
 .rodata.__FUNCTION__.1
                0x08009898       0x18 CMakeFiles/watch.dir/Core/Src/usart.c.obj
 .rodata.__FUNCTION__.0
                0x080098b0       0x12 CMakeFiles/watch.dir/Core/Src/usart.c.obj
 *fill*         0x080098c2        0x2 
 .rodata.__FUNCTION__.0
                0x080098c4        0xf CMakeFiles/watch.dir/Core/Src/FreeRTOS_tasks.c.obj
 *fill*         0x080098d3        0x1 
 .rodata.__FUNCTION__.4
                0x080098d4       0x11 CMakeFiles/watch.dir/BSP/USART/bsp_usart_driver.c.obj
 *fill*         0x080098e5        0x3 
 .rodata.__FUNCTION__.3
                0x080098e8       0x16 CMakeFiles/watch.dir/BSP/USART/bsp_usart_driver.c.obj
 *fill*         0x080098fe        0x2 
 .rodata.__FUNCTION__.2
                0x08009900       0x16 CMakeFiles/watch.dir/BSP/USART/bsp_usart_driver.c.obj
 *fill*         0x08009916        0x2 
 .rodata.__FUNCTION__.1
                0x08009918       0x16 CMakeFiles/watch.dir/BSP/USART/bsp_usart_driver.c.obj
 *fill*         0x0800992e        0x2 
 .rodata.__FUNCTION__.0
                0x08009930       0x17 CMakeFiles/watch.dir/BSP/USART/bsp_usart_driver.c.obj
 *fill*         0x08009947        0x1 
 .rodata.__FUNCTION__.5
                0x08009948       0x1d CMakeFiles/watch.dir/BSP/USART/mid_circular_buffer.c.obj
 *fill*         0x08009965        0x3 
 .rodata.__FUNCTION__.4
                0x08009968        0xe CMakeFiles/watch.dir/BSP/USART/mid_circular_buffer.c.obj
 *fill*         0x08009976        0x2 
 .rodata.__FUNCTION__.1
                0x08009978        0xe CMakeFiles/watch.dir/BSP/USART/mid_circular_buffer.c.obj
 *fill*         0x08009986        0x2 
 .rodata.__FUNCTION__.0
                0x08009988       0x13 CMakeFiles/watch.dir/BSP/USART/mid_circular_buffer.c.obj
 *fill*         0x0800999b        0x1 
 .rodata.__FUNCTION__.3
                0x0800999c       0x12 CMakeFiles/watch.dir/BSP/USART/usart_parse.c.obj
 .rodata._svfprintf_r.str1.1
                0x080099ae       0x33 /opt/ST/STM32CubeCLT_1.21.0/GNU-tools-for-STM32/bin/../lib/gcc/arm-none-eabi/14.3.1/../../../../arm-none-eabi/lib/thumb/v7e-m+fp/hard/libg_nano.a(libc_a-nano-svfprintf.o)
                                 0x11 (size before relaxing)
 .rodata._vfprintf_r.str1.1
                0x080099e1       0x11 /opt/ST/STM32CubeCLT_1.21.0/GNU-tools-for-STM32/bin/../lib/gcc/arm-none-eabi/14.3.1/../../../../arm-none-eabi/lib/thumb/v7e-m+fp/hard/libg_nano.a(libc_a-nano-vfprintf.o)
 .rodata._printf_i.str1.1
                0x080099e1       0x22 /opt/ST/STM32CubeCLT_1.21.0/GNU-tools-for-STM32/bin/../lib/gcc/arm-none-eabi/14.3.1/../../../../arm-none-eabi/lib/thumb/v7e-m+fp/hard/libg_nano.a(libc_a-nano-vfprintf_i.o)
                0x08009a04                        . = ALIGN (0x4)
 *fill*         0x080099e1        0x3 

.ARM.extab      0x080099e4        0x0
                0x080099e4                        . = ALIGN (0x4)
 *(.ARM.extab* .gnu.linkonce.armextab.*)
                0x080099e4                        . = ALIGN (0x4)

.ARM            0x080099e4        0x8
                0x080099e4                        . = ALIGN (0x4)
                0x080099e4                        __exidx_start = .
 *(.ARM.exidx*)
 .ARM.exidx     0x080099e4        0x8 /opt/ST/STM32CubeCLT_1.21.0/GNU-tools-for-STM32/bin/../lib/gcc/arm-none-eabi/14.3.1/../../../../arm-none-eabi/lib/thumb/v7e-m+fp/hard/libg_nano.a(libc_a-memchr.o)
 .ARM.exidx     0x080099ec        0x0 /opt/ST/STM32CubeCLT_1.21.0/GNU-tools-for-STM32/bin/../lib/gcc/arm-none-eabi/14.3.1/../../../../arm-none-eabi/lib/thumb/v7e-m+fp/hard/libg_nano.a(libc_a-strlen.o)
                                  0x8 (size before relaxing)
                0x080099ec                        __exidx_end = .
                0x080099ec                        . = ALIGN (0x4)

.preinit_array  0x080099ec        0x0
                0x080099ec                        . = ALIGN (0x4)
                0x080099ec                        PROVIDE (__preinit_array_start = .)
 *(.preinit_array*)
                0x080099ec                        PROVIDE (__preinit_array_end = .)
                0x080099ec                        . = ALIGN (0x4)

.init_array     0x080099ec        0x4
                0x080099ec                        . = ALIGN (0x4)
                0x080099ec                        PROVIDE (__init_array_start = .)
 *(SORT_BY_NAME(.init_array.*))
 *(.init_array*)
 .init_array    0x080099ec        0x4 /opt/ST/STM32CubeCLT_1.21.0/GNU-tools-for-STM32/bin/../lib/gcc/arm-none-eabi/14.3.1/thumb/v7e-m+fp/hard/crtbegin.o
                0x080099f0                        PROVIDE (__init_array_end = .)
                0x080099f0                        . = ALIGN (0x4)

.fini_array     0x080099f0        0x4
                0x080099f0                        . = ALIGN (0x4)
                [!provide]                        PROVIDE (__fini_array_start = .)
 *(SORT_BY_NAME(.fini_array.*))
 *(.fini_array*)
 .fini_array    0x080099f0        0x4 /opt/ST/STM32CubeCLT_1.21.0/GNU-tools-for-STM32/bin/../lib/gcc/arm-none-eabi/14.3.1/thumb/v7e-m+fp/hard/crtbegin.o
                [!provide]                        PROVIDE (__fini_array_end = .)
                0x080099f4                        . = ALIGN (0x4)
                0x080099f4                        _sidata = LOADADDR (.data)

.rel.dyn        0x080099f4        0x0
 .rel.iplt      0x080099f4        0x0 /opt/ST/STM32CubeCLT_1.21.0/GNU-tools-for-STM32/bin/../lib/gcc/arm-none-eabi/14.3.1/thumb/v7e-m+fp/hard/crtbegin.o

.data           0x20000000       0xac load address 0x080099f4
                0x20000000                        . = ALIGN (0x4)
                0x20000000                        _sdata = .
 *(.data)
 *(.data*)
 .data.SystemCoreClock
                0x20000000        0x4 cmake/stm32cubemx/CMakeFiles/STM32_StdPeriph.dir/__/__/Drivers/system_stm32f4xx.c.obj
                0x20000000                SystemCoreClock
 .data.uxCriticalNesting
                0x20000004        0x4 cmake/stm32cubemx/CMakeFiles/FreeRTOS_lib.dir/__/__/OS/port/port.c.obj
 .data.level_output_info
                0x20000008       0x18 CMakeFiles/watch.dir/Middlewares/easylogger/src/elog.c.obj
 .data.color_output_info
                0x20000020       0x18 CMakeFiles/watch.dir/Middlewares/easylogger/src/elog.c.obj
 .data.usart1_state
                0x20000038        0xc CMakeFiles/watch.dir/Core/Src/usart.c.obj
 .data.key_press_event.1
                0x20000044        0x8 CMakeFiles/watch.dir/BSP/KEY/bsp_key.c.obj
 .data.status.2
                0x2000004c        0x4 CMakeFiles/watch.dir/BSP/USART/usart_parse.c.obj
 .data.__sglue  0x20000050        0xc /opt/ST/STM32CubeCLT_1.21.0/GNU-tools-for-STM32/bin/../lib/gcc/arm-none-eabi/14.3.1/../../../../arm-none-eabi/lib/thumb/v7e-m+fp/hard/libg_nano.a(libc_a-findfp.o)
                0x20000050                __sglue
 .data._impure_ptr
                0x2000005c        0x4 /opt/ST/STM32CubeCLT_1.21.0/GNU-tools-for-STM32/bin/../lib/gcc/arm-none-eabi/14.3.1/../../../../arm-none-eabi/lib/thumb/v7e-m+fp/hard/libg_nano.a(libc_a-impure.o)
                0x2000005c                _impure_ptr
 .data._impure_data
                0x20000060       0x4c /opt/ST/STM32CubeCLT_1.21.0/GNU-tools-for-STM32/bin/../lib/gcc/arm-none-eabi/14.3.1/../../../../arm-none-eabi/lib/thumb/v7e-m+fp/hard/libg_nano.a(libc_a-impure.o)
                0x20000060                _impure_data
 *(.RamFunc)
 *(.RamFunc*)
                0x200000ac                        . = ALIGN (0x4)

.igot.plt       0x200000ac        0x0 load address 0x08009aa0
 .igot.plt      0x200000ac        0x0 /opt/ST/STM32CubeCLT_1.21.0/GNU-tools-for-STM32/bin/../lib/gcc/arm-none-eabi/14.3.1/thumb/v7e-m+fp/hard/crtbegin.o

.tdata          0x200000ac        0x0 load address 0x08009aa0
 *(.tdata .tdata.* .gnu.linkonce.td.*)
                0x200000ac                        . = ALIGN (0x4)
                0x200000ac                        _edata = .
                [!provide]                        PROVIDE (__data_end = .)
                [!provide]                        PROVIDE (__tdata_end = .)
                [!provide]                        PROVIDE (__tdata_start = ADDR (.tdata))
                [!provide]                        PROVIDE (__tdata_size = (__tdata_end - __tdata_start))
                [!provide]                        PROVIDE (__data_start = ADDR (.data))
                [!provide]                        PROVIDE (__data_size = (__data_end - __data_start))
                [!provide]                        PROVIDE (__tdata_source = LOADADDR (.tdata))
                [!provide]                        PROVIDE (__tdata_source_end = (LOADADDR (.tdata) + SIZEOF (.tdata)))
                [!provide]                        PROVIDE (__tdata_source_size = (__tdata_source_end - __tdata_source))
                [!provide]                        PROVIDE (__data_source = LOADADDR (.data))
                [!provide]                        PROVIDE (__data_source_end = __tdata_source_end)
                [!provide]                        PROVIDE (__data_source_size = (__data_source_end - __data_source))

.tbss           0x200000ac        0x0 load address 0x08009aa0
                0x200000ac                        _sbss = .
                0x200000ac                        __bss_start__ = _sbss
 *(.tbss .tbss.*)
                0x200000ac                        . = ALIGN (0x4)
                [!provide]                        PROVIDE (__tbss_end = .)
                [!provide]                        PROVIDE (__tbss_start = ADDR (.tbss))
                [!provide]                        PROVIDE (__tbss_size = (__tbss_end - __tbss_start))
                [!provide]                        PROVIDE (__tbss_offset = (ADDR (.tbss) - ADDR (.tdata)))
                [!provide]                        PROVIDE (__tls_base = __tdata_start)
                [!provide]                        PROVIDE (__tls_end = __tbss_end)
                [!provide]                        PROVIDE (__tls_size = (__tls_end - __tls_base))
                [!provide]                        PROVIDE (__tls_align = MAX (ALIGNOF (.tdata), ALIGNOF (.tbss)))
                [!provide]                        PROVIDE (__tls_size_align = (((__tls_size + __tls_align) - 0x1) & ~ ((__tls_align - 0x1))))
                [!provide]                        PROVIDE (__arm32_tls_tcb_offset = MAX (0x8, __tls_align))
                [!provide]                        PROVIDE (__arm64_tls_tcb_offset = MAX (0x10, __tls_align))

.bss            0x200000ac    0x13910 load address 0x08009aa0
 *(.bss)
 .bss           0x200000ac       0x1c /opt/ST/STM32CubeCLT_1.21.0/GNU-tools-for-STM32/bin/../lib/gcc/arm-none-eabi/14.3.1/thumb/v7e-m+fp/hard/crtbegin.o
 *(.bss*)
 .bss.ucHeap    0x200000c8    0x12c00 cmake/stm32cubemx/CMakeFiles/FreeRTOS_lib.dir/__/__/OS/port/heap_4.c.obj
 .bss.xStart    0x20012cc8        0x8 cmake/stm32cubemx/CMakeFiles/FreeRTOS_lib.dir/__/__/OS/port/heap_4.c.obj
 .bss.pxEnd     0x20012cd0        0x4 cmake/stm32cubemx/CMakeFiles/FreeRTOS_lib.dir/__/__/OS/port/heap_4.c.obj
 .bss.xFreeBytesRemaining
                0x20012cd4        0x4 cmake/stm32cubemx/CMakeFiles/FreeRTOS_lib.dir/__/__/OS/port/heap_4.c.obj
 .bss.xMinimumEverFreeBytesRemaining
                0x20012cd8        0x4 cmake/stm32cubemx/CMakeFiles/FreeRTOS_lib.dir/__/__/OS/port/heap_4.c.obj
 .bss.xNumberOfSuccessfulAllocations
                0x20012cdc        0x4 cmake/stm32cubemx/CMakeFiles/FreeRTOS_lib.dir/__/__/OS/port/heap_4.c.obj
 .bss.xNumberOfSuccessfulFrees
                0x20012ce0        0x4 cmake/stm32cubemx/CMakeFiles/FreeRTOS_lib.dir/__/__/OS/port/heap_4.c.obj
 .bss.ucMaxSysCallPriority
                0x20012ce4        0x1 cmake/stm32cubemx/CMakeFiles/FreeRTOS_lib.dir/__/__/OS/port/port.c.obj
 *fill*         0x20012ce5        0x3 
 .bss.ulMaxPRIGROUPValue
                0x20012ce8        0x4 cmake/stm32cubemx/CMakeFiles/FreeRTOS_lib.dir/__/__/OS/port/port.c.obj
 .bss.xQueueRegistry
                0x20012cec       0x40 cmake/stm32cubemx/CMakeFiles/FreeRTOS_lib.dir/__/__/OS/src/queue.c.obj
                0x20012cec                xQueueRegistry
 .bss.pxCurrentTCB
                0x20012d2c        0x4 cmake/stm32cubemx/CMakeFiles/FreeRTOS_lib.dir/__/__/OS/src/tasks.c.obj
                0x20012d2c                pxCurrentTCB
 .bss.pxReadyTasksLists
                0x20012d30       0x64 cmake/stm32cubemx/CMakeFiles/FreeRTOS_lib.dir/__/__/OS/src/tasks.c.obj
 .bss.xDelayedTaskList1
                0x20012d94       0x14 cmake/stm32cubemx/CMakeFiles/FreeRTOS_lib.dir/__/__/OS/src/tasks.c.obj
 .bss.xDelayedTaskList2
                0x20012da8       0x14 cmake/stm32cubemx/CMakeFiles/FreeRTOS_lib.dir/__/__/OS/src/tasks.c.obj
 .bss.pxDelayedTaskList
                0x20012dbc        0x4 cmake/stm32cubemx/CMakeFiles/FreeRTOS_lib.dir/__/__/OS/src/tasks.c.obj
 .bss.pxOverflowDelayedTaskList
                0x20012dc0        0x4 cmake/stm32cubemx/CMakeFiles/FreeRTOS_lib.dir/__/__/OS/src/tasks.c.obj
 .bss.xPendingReadyList
                0x20012dc4       0x14 cmake/stm32cubemx/CMakeFiles/FreeRTOS_lib.dir/__/__/OS/src/tasks.c.obj
 .bss.xTasksWaitingTermination
                0x20012dd8       0x14 cmake/stm32cubemx/CMakeFiles/FreeRTOS_lib.dir/__/__/OS/src/tasks.c.obj
 .bss.uxDeletedTasksWaitingCleanUp
                0x20012dec        0x4 cmake/stm32cubemx/CMakeFiles/FreeRTOS_lib.dir/__/__/OS/src/tasks.c.obj
 .bss.xSuspendedTaskList
                0x20012df0       0x14 cmake/stm32cubemx/CMakeFiles/FreeRTOS_lib.dir/__/__/OS/src/tasks.c.obj
 .bss.uxCurrentNumberOfTasks
                0x20012e04        0x4 cmake/stm32cubemx/CMakeFiles/FreeRTOS_lib.dir/__/__/OS/src/tasks.c.obj
 .bss.xTickCount
                0x20012e08        0x4 cmake/stm32cubemx/CMakeFiles/FreeRTOS_lib.dir/__/__/OS/src/tasks.c.obj
 .bss.uxTopReadyPriority
                0x20012e0c        0x4 cmake/stm32cubemx/CMakeFiles/FreeRTOS_lib.dir/__/__/OS/src/tasks.c.obj
 .bss.xSchedulerRunning
                0x20012e10        0x4 cmake/stm32cubemx/CMakeFiles/FreeRTOS_lib.dir/__/__/OS/src/tasks.c.obj
 .bss.xPendedTicks
                0x20012e14        0x4 cmake/stm32cubemx/CMakeFiles/FreeRTOS_lib.dir/__/__/OS/src/tasks.c.obj
 .bss.xYieldPendings
                0x20012e18        0x4 cmake/stm32cubemx/CMakeFiles/FreeRTOS_lib.dir/__/__/OS/src/tasks.c.obj
 .bss.xNumOfOverflows
                0x20012e1c        0x4 cmake/stm32cubemx/CMakeFiles/FreeRTOS_lib.dir/__/__/OS/src/tasks.c.obj
 .bss.uxTaskNumber
                0x20012e20        0x4 cmake/stm32cubemx/CMakeFiles/FreeRTOS_lib.dir/__/__/OS/src/tasks.c.obj
 .bss.xNextTaskUnblockTime
                0x20012e24        0x4 cmake/stm32cubemx/CMakeFiles/FreeRTOS_lib.dir/__/__/OS/src/tasks.c.obj
 .bss.xIdleTaskHandles
                0x20012e28        0x4 cmake/stm32cubemx/CMakeFiles/FreeRTOS_lib.dir/__/__/OS/src/tasks.c.obj
 .bss.uxSchedulerSuspended
                0x20012e2c        0x4 cmake/stm32cubemx/CMakeFiles/FreeRTOS_lib.dir/__/__/OS/src/tasks.c.obj
 .bss.xActiveTimerList1
                0x20012e30       0x14 cmake/stm32cubemx/CMakeFiles/FreeRTOS_lib.dir/__/__/OS/src/timers.c.obj
 .bss.xActiveTimerList2
                0x20012e44       0x14 cmake/stm32cubemx/CMakeFiles/FreeRTOS_lib.dir/__/__/OS/src/timers.c.obj
 .bss.pxCurrentTimerList
                0x20012e58        0x4 cmake/stm32cubemx/CMakeFiles/FreeRTOS_lib.dir/__/__/OS/src/timers.c.obj
 .bss.pxOverflowTimerList
                0x20012e5c        0x4 cmake/stm32cubemx/CMakeFiles/FreeRTOS_lib.dir/__/__/OS/src/timers.c.obj
 .bss.xTimerQueue
                0x20012e60        0x4 cmake/stm32cubemx/CMakeFiles/FreeRTOS_lib.dir/__/__/OS/src/timers.c.obj
 .bss.xTimerTaskHandle
                0x20012e64        0x4 cmake/stm32cubemx/CMakeFiles/FreeRTOS_lib.dir/__/__/OS/src/timers.c.obj
 .bss.xLastTime.0
                0x20012e68        0x4 cmake/stm32cubemx/CMakeFiles/FreeRTOS_lib.dir/__/__/OS/src/timers.c.obj
 .bss._SEGGER_RTT
                0x20012e6c       0xa8 CMakeFiles/watch.dir/Middlewares/RTT/SEGGER_RTT.c.obj
                0x20012e6c                _SEGGER_RTT
 .bss._acUpBuffer
                0x20012f14      0x400 CMakeFiles/watch.dir/Middlewares/RTT/SEGGER_RTT.c.obj
 .bss._acDownBuffer
                0x20013314       0x10 CMakeFiles/watch.dir/Middlewares/RTT/SEGGER_RTT.c.obj
 .bss.elog      0x20013324       0xf8 CMakeFiles/watch.dir/Middlewares/easylogger/src/elog.c.obj
 .bss.log_buf   0x2001341c      0x400 CMakeFiles/watch.dir/Middlewares/easylogger/src/elog.c.obj
 .bss.elog_assert_hook
                0x2001381c        0x4 CMakeFiles/watch.dir/Middlewares/easylogger/src/elog.c.obj
                0x2001381c                elog_assert_hook
 .bss.uwTimingDelay
                0x20013820        0x4 CMakeFiles/watch.dir/Core/Src/main.c.obj
 .bss.__sbrk_heap_end
                0x20013824        0x4 CMakeFiles/watch.dir/Core/Src/sysmem.c.obj
 .bss.dma_flag  0x20013828        0x1 CMakeFiles/watch.dir/Core/Src/usart.c.obj
                0x20013828                dma_flag
 *fill*         0x20013829        0x3 
 .bss.g_dma_handle
                0x2001382c        0x4 CMakeFiles/watch.dir/Core/Src/FreeRTOS_tasks.c.obj
 .bss.inter_key_queue
                0x20013830        0x4 CMakeFiles/watch.dir/BSP/KEY/bsp_key.c.obj
                0x20013830                inter_key_queue
 .bss.irq_type.0
                0x20013834        0x4 CMakeFiles/watch.dir/BSP/KEY/bsp_key.c.obj
 .bss.g_blink_times
                0x20013838        0x4 CMakeFiles/watch.dir/BSP/LED/bsp_led.c.obj
 .bss.g_blink_order
                0x2001383c        0x4 CMakeFiles/watch.dir/BSP/LED/bsp_led.c.obj
 .bss.usart_driver_irq_queue
                0x20013840        0x4 CMakeFiles/watch.dir/BSP/USART/bsp_usart_driver.c.obj
 .bss.g_circular_buffer_irq_thread
                0x20013844        0x4 CMakeFiles/watch.dir/BSP/USART/bsp_usart_driver.c.obj
 .bss.usart_driver_handle
                0x20013848        0x4 CMakeFiles/watch.dir/BSP/USART/bsp_usart_driver.c.obj
                0x20013848                usart_driver_handle
 .bss.usart1_parse_queue
                0x2001384c        0x4 CMakeFiles/watch.dir/BSP/USART/usart_parse.c.obj
                0x2001384c                usart1_parse_queue
 .bss.g_ring_buffer_from_driver
                0x20013850        0x4 CMakeFiles/watch.dir/BSP/USART/usart_parse.c.obj
 .bss.usart1_parse_handle
                0x20013854        0x4 CMakeFiles/watch.dir/BSP/USART/usart_parse.c.obj
                0x20013854                usart1_parse_handle
 .bss.data_counter.1
                0x20013858        0x1 CMakeFiles/watch.dir/BSP/USART/usart_parse.c.obj
 *fill*         0x20013859        0x3 
 .bss.temp_data_array.0
                0x2001385c       0x14 CMakeFiles/watch.dir/BSP/USART/usart_parse.c.obj
 .bss.__malloc_sbrk_start
                0x20013870        0x4 /opt/ST/STM32CubeCLT_1.21.0/GNU-tools-for-STM32/bin/../lib/gcc/arm-none-eabi/14.3.1/../../../../arm-none-eabi/lib/thumb/v7e-m+fp/hard/libg_nano.a(libc_a-mallocr.o)
                0x20013870                __malloc_sbrk_start
 .bss.__malloc_free_list
                0x20013874        0x4 /opt/ST/STM32CubeCLT_1.21.0/GNU-tools-for-STM32/bin/../lib/gcc/arm-none-eabi/14.3.1/../../../../arm-none-eabi/lib/thumb/v7e-m+fp/hard/libg_nano.a(libc_a-mallocr.o)
                0x20013874                __malloc_free_list
 .bss.__sf      0x20013878      0x138 /opt/ST/STM32CubeCLT_1.21.0/GNU-tools-for-STM32/bin/../lib/gcc/arm-none-eabi/14.3.1/../../../../arm-none-eabi/lib/thumb/v7e-m+fp/hard/libg_nano.a(libc_a-findfp.o)
                0x20013878                __sf
 .bss.__stdio_exit_handler
                0x200139b0        0x4 /opt/ST/STM32CubeCLT_1.21.0/GNU-tools-for-STM32/bin/../lib/gcc/arm-none-eabi/14.3.1/../../../../arm-none-eabi/lib/thumb/v7e-m+fp/hard/libg_nano.a(libc_a-findfp.o)
                0x200139b0                __stdio_exit_handler
 .bss.__lock___malloc_recursive_mutex
                0x200139b4        0x1 /opt/ST/STM32CubeCLT_1.21.0/GNU-tools-for-STM32/bin/../lib/gcc/arm-none-eabi/14.3.1/../../../../arm-none-eabi/lib/thumb/v7e-m+fp/hard/libg_nano.a(libc_a-lock.o)
                0x200139b4                __lock___malloc_recursive_mutex
 .bss.__lock___sfp_recursive_mutex
                0x200139b5        0x1 /opt/ST/STM32CubeCLT_1.21.0/GNU-tools-for-STM32/bin/../lib/gcc/arm-none-eabi/14.3.1/../../../../arm-none-eabi/lib/thumb/v7e-m+fp/hard/libg_nano.a(libc_a-lock.o)
                0x200139b5                __lock___sfp_recursive_mutex
 *fill*         0x200139b6        0x2 
 .bss.errno     0x200139b8        0x4 /opt/ST/STM32CubeCLT_1.21.0/GNU-tools-for-STM32/bin/../lib/gcc/arm-none-eabi/14.3.1/../../../../arm-none-eabi/lib/thumb/v7e-m+fp/hard/libg_nano.a(libc_a-reent.o)
                0x200139b8                errno
 *(COMMON)
                0x200139bc                        . = ALIGN (0x4)
                0x200139bc                        _ebss = .
                0x200139bc                        __bss_end__ = _ebss
                [!provide]                        PROVIDE (__bss_end = .)
                [!provide]                        PROVIDE (__non_tls_bss_start = ADDR (.bss))
                [!provide]                        PROVIDE (__bss_start = __tbss_start)
                [!provide]                        PROVIDE (__bss_size = (__bss_end - __bss_start))

._user_heap_stack
                0x200139bc      0x604 load address 0x08009aa0
                0x200139c0                        . = ALIGN (0x8)
 *fill*         0x200139bc        0x4 
                [!provide]                        PROVIDE (end = .)
                0x200139c0                        PROVIDE (_end = .)
                0x20013bc0                        . = (. + _Min_Heap_Size)
 *fill*         0x200139c0      0x200 
                0x20013fc0                        . = (. + _Min_Stack_Size)
 *fill*         0x20013bc0      0x400 
                0x20013fc0                        . = ALIGN (0x8)

/DISCARD/
 libc.a:*(*)
 libm.a:*(*)
 libgcc.a:*(*)
OUTPUT(watch.elf elf32-littlearm)
LOAD linker stubs

.ARM.attributes
                0x00000000       0x30
 .ARM.attributes
                0x00000000       0x22 /opt/ST/STM32CubeCLT_1.21.0/GNU-tools-for-STM32/bin/../lib/gcc/arm-none-eabi/14.3.1/thumb/v7e-m+fp/hard/crti.o
 .ARM.attributes
                0x00000022       0x34 /opt/ST/STM32CubeCLT_1.21.0/GNU-tools-for-STM32/bin/../lib/gcc/arm-none-eabi/14.3.1/thumb/v7e-m+fp/hard/crtbegin.o
 .ARM.attributes
                0x00000056       0x21 cmake/stm32cubemx/CMakeFiles/STM32_StdPeriph.dir/__/__/startup_stm32f411xe.s.obj
 .ARM.attributes
                0x00000077       0x34 cmake/stm32cubemx/CMakeFiles/STM32_StdPeriph.dir/__/__/Drivers/stm32f4xx_it.c.obj
 .ARM.attributes
                0x000000ab       0x34 cmake/stm32cubemx/CMakeFiles/STM32_StdPeriph.dir/__/__/Drivers/system_stm32f4xx.c.obj
 .ARM.attributes
                0x000000df       0x34 cmake/stm32cubemx/CMakeFiles/STM32_StdPeriph.dir/__/__/Drivers/STM32F4xx_StdPeriph_Driver/src/misc.c.obj
 .ARM.attributes
                0x00000113       0x34 cmake/stm32cubemx/CMakeFiles/STM32_StdPeriph.dir/__/__/Drivers/STM32F4xx_StdPeriph_Driver/src/stm32f4xx_rcc.c.obj
 .ARM.attributes
                0x00000147       0x34 cmake/stm32cubemx/CMakeFiles/STM32_StdPeriph.dir/__/__/Drivers/STM32F4xx_StdPeriph_Driver/src/stm32f4xx_gpio.c.obj
 .ARM.attributes
                0x0000017b       0x34 cmake/stm32cubemx/CMakeFiles/STM32_StdPeriph.dir/__/__/Drivers/STM32F4xx_StdPeriph_Driver/src/stm32f4xx_exti.c.obj
 .ARM.attributes
                0x000001af       0x34 cmake/stm32cubemx/CMakeFiles/STM32_StdPeriph.dir/__/__/Drivers/STM32F4xx_StdPeriph_Driver/src/stm32f4xx_usart.c.obj
 .ARM.attributes
                0x000001e3       0x34 cmake/stm32cubemx/CMakeFiles/STM32_StdPeriph.dir/__/__/Drivers/STM32F4xx_StdPeriph_Driver/src/stm32f4xx_tim.c.obj
 .ARM.attributes
                0x00000217       0x34 cmake/stm32cubemx/CMakeFiles/STM32_StdPeriph.dir/__/__/Drivers/STM32F4xx_StdPeriph_Driver/src/stm32f4xx_dma.c.obj
 .ARM.attributes
                0x0000024b       0x34 cmake/stm32cubemx/CMakeFiles/FreeRTOS_lib.dir/__/__/OS/port/heap_4.c.obj
 .ARM.attributes
                0x0000027f       0x34 cmake/stm32cubemx/CMakeFiles/FreeRTOS_lib.dir/__/__/OS/port/port.c.obj
 .ARM.attributes
                0x000002b3       0x34 cmake/stm32cubemx/CMakeFiles/FreeRTOS_lib.dir/__/__/OS/src/list.c.obj
 .ARM.attributes
                0x000002e7       0x34 cmake/stm32cubemx/CMakeFiles/FreeRTOS_lib.dir/__/__/OS/src/queue.c.obj
 .ARM.attributes
                0x0000031b       0x34 cmake/stm32cubemx/CMakeFiles/FreeRTOS_lib.dir/__/__/OS/src/tasks.c.obj
 .ARM.attributes
                0x0000034f       0x34 cmake/stm32cubemx/CMakeFiles/FreeRTOS_lib.dir/__/__/OS/src/timers.c.obj
 .ARM.attributes
                0x00000383       0x34 CMakeFiles/watch.dir/Middlewares/RTT/SEGGER_RTT.c.obj
 .ARM.attributes
                0x000003b7       0x34 CMakeFiles/watch.dir/Middlewares/RTT/SEGGER_RTT_printf.c.obj
 .ARM.attributes
                0x000003eb       0x34 CMakeFiles/watch.dir/Middlewares/easylogger/src/elog.c.obj
 .ARM.attributes
                0x0000041f       0x34 CMakeFiles/watch.dir/Middlewares/easylogger/src/elog_utils.c.obj
 .ARM.attributes
                0x00000453       0x34 CMakeFiles/watch.dir/Middlewares/easylogger/port/elog_port.c.obj
 .ARM.attributes
                0x00000487       0x34 CMakeFiles/watch.dir/Core/Src/main.c.obj
 .ARM.attributes
                0x000004bb       0x34 CMakeFiles/watch.dir/Core/Src/syscalls.c.obj
 .ARM.attributes
                0x000004ef       0x34 CMakeFiles/watch.dir/Core/Src/sysmem.c.obj
 .ARM.attributes
                0x00000523       0x34 CMakeFiles/watch.dir/Core/Src/usart.c.obj
 .ARM.attributes
                0x00000557       0x34 CMakeFiles/watch.dir/Core/Src/gpio.c.obj
 .ARM.attributes
                0x0000058b       0x34 CMakeFiles/watch.dir/Core/Src/timer.c.obj
 .ARM.attributes
                0x000005bf       0x34 CMakeFiles/watch.dir/Core/Src/FreeRTOS_tasks.c.obj
 .ARM.attributes
                0x000005f3       0x34 CMakeFiles/watch.dir/BSP/KEY/bsp_key.c.obj
 .ARM.attributes
                0x00000627       0x34 CMakeFiles/watch.dir/BSP/LED/bsp_led.c.obj
 .ARM.attributes
                0x0000065b       0x34 CMakeFiles/watch.dir/BSP/USART/bsp_usart_driver.c.obj
 .ARM.attributes
                0x0000068f       0x34 CMakeFiles/watch.dir/BSP/USART/mid_circular_buffer.c.obj
 .ARM.attributes
                0x000006c3       0x34 CMakeFiles/watch.dir/BSP/USART/usart_parse.c.obj
 .ARM.attributes
                0x000006f7       0x22 /opt/ST/STM32CubeCLT_1.21.0/GNU-tools-for-STM32/bin/../lib/gcc/arm-none-eabi/14.3.1/thumb/v7e-m+fp/hard/libgcc.a(_arm_truncdfsf2.o)
 .ARM.attributes
                0x00000719       0x34 /opt/ST/STM32CubeCLT_1.21.0/GNU-tools-for-STM32/bin/../lib/gcc/arm-none-eabi/14.3.1/../../../../arm-none-eabi/lib/thumb/v7e-m+fp/hard/libg_nano.a(libc_a-malloc.o)
 .ARM.attributes
                0x0000074d       0x34 /opt/ST/STM32CubeCLT_1.21.0/GNU-tools-for-STM32/bin/../lib/gcc/arm-none-eabi/14.3.1/../../../../arm-none-eabi/lib/thumb/v7e-m+fp/hard/libg_nano.a(libc_a-mallocr.o)
 .ARM.attributes
                0x00000781       0x34 /opt/ST/STM32CubeCLT_1.21.0/GNU-tools-for-STM32/bin/../lib/gcc/arm-none-eabi/14.3.1/../../../../arm-none-eabi/lib/thumb/v7e-m+fp/hard/libg_nano.a(libc_a-snprintf.o)
 .ARM.attributes
                0x000007b5       0x34 /opt/ST/STM32CubeCLT_1.21.0/GNU-tools-for-STM32/bin/../lib/gcc/arm-none-eabi/14.3.1/../../../../arm-none-eabi/lib/thumb/v7e-m+fp/hard/libg_nano.a(libc_a-mlock.o)
 .ARM.attributes
                0x000007e9       0x34 /opt/ST/STM32CubeCLT_1.21.0/GNU-tools-for-STM32/bin/../lib/gcc/arm-none-eabi/14.3.1/../../../../arm-none-eabi/lib/thumb/v7e-m+fp/hard/libg_nano.a(libc_a-findfp.o)
 .ARM.attributes