Archive member included to satisfy reference by file (symbol)

/opt/ST/STM32CubeCLT_1.21.0/GNU-tools-for-STM32/bin/../lib/gcc/arm-none-eabi/14.3.1/thumb/v7e-m+fp/hard/libgcc.a(_arm_truncdfsf2.o)
                              CMakeFiles/watch.dir/Middlewares/RTT/SEGGER_RTT_printf.c.obj (__aeabi_d2f)
/opt/ST/STM32CubeCLT_1.21.0/GNU-tools-for-STM32/bin/../lib/gcc/arm-none-eabi/14.3.1/../../../../arm-none-eabi/lib/thumb/v7e-m+fp/hard/libg_nano.a(libc_a-exit.o)
                              /opt/ST/STM32CubeCLT_1.21.0/GNU-tools-for-STM32/bin/../lib/gcc/arm-none-eabi/14.3.1/../../../../arm-none-eabi/lib/thumb/v7e-m+fp/hard/crt0.o (exit)
/opt/ST/STM32CubeCLT_1.21.0/GNU-tools-for-STM32/bin/../lib/gcc/arm-none-eabi/14.3.1/../../../../arm-none-eabi/lib/thumb/v7e-m+fp/hard/libg_nano.a(libc_a-snprintf.o)
                              CMakeFiles/watch.dir/Middlewares/easylogger/src/elog.c.obj (snprintf)
/opt/ST/STM32CubeCLT_1.21.0/GNU-tools-for-STM32/bin/../lib/gcc/arm-none-eabi/14.3.1/../../../../arm-none-eabi/lib/thumb/v7e-m+fp/hard/libg_nano.a(libc_a-findfp.o)
                              /opt/ST/STM32CubeCLT_1.21.0/GNU-tools-for-STM32/bin/../lib/gcc/arm-none-eabi/14.3.1/../../../../arm-none-eabi/lib/thumb/v7e-m+fp/hard/libg_nano.a(libc_a-exit.o) (__stdio_exit_handler)
/opt/ST/STM32CubeCLT_1.21.0/GNU-tools-for-STM32/bin/../lib/gcc/arm-none-eabi/14.3.1/../../../../arm-none-eabi/lib/thumb/v7e-m+fp/hard/libg_nano.a(libc_a-vsnprintf.o)
                              CMakeFiles/watch.dir/Middlewares/easylogger/src/elog.c.obj (vsnprintf)
/opt/ST/STM32CubeCLT_1.21.0/GNU-tools-for-STM32/bin/../lib/gcc/arm-none-eabi/14.3.1/../../../../arm-none-eabi/lib/thumb/v7e-m+fp/hard/libg_nano.a(libc_a-fwalk.o)
                              /opt/ST/STM32CubeCLT_1.21.0/GNU-tools-for-STM32/bin/../lib/gcc/arm-none-eabi/14.3.1/../../../../arm-none-eabi/lib/thumb/v7e-m+fp/hard/libg_nano.a(libc_a-findfp.o) (_fwalk_sglue)
/opt/ST/STM32CubeCLT_1.21.0/GNU-tools-for-STM32/bin/../lib/gcc/arm-none-eabi/14.3.1/../../../../arm-none-eabi/lib/thumb/v7e-m+fp/hard/libg_nano.a(libc_a-printf.o)
                              CMakeFiles/watch.dir/Middlewares/easylogger/port/elog_port.c.obj (printf)
/opt/ST/STM32CubeCLT_1.21.0/GNU-tools-for-STM32/bin/../lib/gcc/arm-none-eabi/14.3.1/../../../../arm-none-eabi/lib/thumb/v7e-m+fp/hard/libg_nano.a(libc_a-puts.o)
                              CMakeFiles/watch.dir/Core/Src/main.c.obj (puts)
/opt/ST/STM32CubeCLT_1.21.0/GNU-tools-for-STM32/bin/../lib/gcc/arm-none-eabi/14.3.1/../../../../arm-none-eabi/lib/thumb/v7e-m+fp/hard/libg_nano.a(libc_a-memset.o)
                              /opt/ST/STM32CubeCLT_1.21.0/GNU-tools-for-STM32/bin/../lib/gcc/arm-none-eabi/14.3.1/../../../../arm-none-eabi/lib/thumb/v7e-m+fp/hard/crt0.o (memset)
/opt/ST/STM32CubeCLT_1.21.0/GNU-tools-for-STM32/bin/../lib/gcc/arm-none-eabi/14.3.1/../../../../arm-none-eabi/lib/thumb/v7e-m+fp/hard/libg_nano.a(libc_a-strncmp.o)
                              CMakeFiles/watch.dir/Middlewares/easylogger/src/elog.c.obj (strncmp)
/opt/ST/STM32CubeCLT_1.21.0/GNU-tools-for-STM32/bin/../lib/gcc/arm-none-eabi/14.3.1/../../../../arm-none-eabi/lib/thumb/v7e-m+fp/hard/libg_nano.a(libc_a-strncpy.o)
                              CMakeFiles/watch.dir/Middlewares/easylogger/src/elog.c.obj (strncpy)
/opt/ST/STM32CubeCLT_1.21.0/GNU-tools-for-STM32/bin/../lib/gcc/arm-none-eabi/14.3.1/../../../../arm-none-eabi/lib/thumb/v7e-m+fp/hard/libg_nano.a(libc_a-strstr.o)
                              CMakeFiles/watch.dir/Middlewares/easylogger/src/elog.c.obj (strstr)
/opt/ST/STM32CubeCLT_1.21.0/GNU-tools-for-STM32/bin/../lib/gcc/arm-none-eabi/14.3.1/../../../../arm-none-eabi/lib/thumb/v7e-m+fp/hard/libg_nano.a(libc_a-errno.o)
                              CMakeFiles/watch.dir/Core/Src/syscalls.c.obj (__errno)
/opt/ST/STM32CubeCLT_1.21.0/GNU-tools-for-STM32/bin/../lib/gcc/arm-none-eabi/14.3.1/../../../../arm-none-eabi/lib/thumb/v7e-m+fp/hard/libg_nano.a(libc_a-init.o)
                              /opt/ST/STM32CubeCLT_1.21.0/GNU-tools-for-STM32/bin/../lib/gcc/arm-none-eabi/14.3.1/../../../../arm-none-eabi/lib/thumb/v7e-m+fp/hard/crt0.o (__libc_init_array)
/opt/ST/STM32CubeCLT_1.21.0/GNU-tools-for-STM32/bin/../lib/gcc/arm-none-eabi/14.3.1/../../../../arm-none-eabi/lib/thumb/v7e-m+fp/hard/libg_nano.a(libc_a-lock.o)
                              /opt/ST/STM32CubeCLT_1.21.0/GNU-tools-for-STM32/bin/../lib/gcc/arm-none-eabi/14.3.1/../../../../arm-none-eabi/lib/thumb/v7e-m+fp/hard/libg_nano.a(libc_a-findfp.o) (__retarget_lock_init_recursive)
/opt/ST/STM32CubeCLT_1.21.0/GNU-tools-for-STM32/bin/../lib/gcc/arm-none-eabi/14.3.1/../../../../arm-none-eabi/lib/thumb/v7e-m+fp/hard/libg_nano.a(libc_a-impure.o)
                              /opt/ST/STM32CubeCLT_1.21.0/GNU-tools-for-STM32/bin/../lib/gcc/arm-none-eabi/14.3.1/../../../../arm-none-eabi/lib/thumb/v7e-m+fp/hard/libg_nano.a(libc_a-snprintf.o) (_impure_ptr)
[...]
Memory Configuration

Name             Origin             Length             Attributes
RAM              0x20000000         0x00020000         xrw
FLASH            0x08000000         0x00080000         xr
*default*        0x00000000         0xffffffff

Linker script and memory map

LOAD /opt/ST/STM32CubeCLT_1.21.0/GNU-tools-for-STM32/bin/../lib/gcc/arm-none-eabi/14.3.1/thumb/v7e-m+fp/hard/crti.o
LOAD /opt/ST/STM32CubeCLT_1.21.0/GNU-tools-for-STM32/bin/../lib/gcc/arm-none-eabi/14.3.1/thumb/v7e-m+fp/hard/crtbegin.o
LOAD /opt/ST/STM32CubeCLT_1.21.0/GNU-tools-for-STM32/bin/../lib/gcc/arm-none-eabi/14.3.1/../../../../arm-none-eabi/lib/thumb/v7e-m+fp/hard/crt0.o
LOAD cmake/stm32cubemx/CMakeFiles/STM32_StdPeriph.dir/__/__/startup_stm32f411xe.s.obj
LOAD cmake/stm32cubemx/CMakeFiles/STM32_StdPeriph.dir/__/__/Drivers/stm32f4xx_it.c.obj
LOAD cmake/stm32cubemx/CMakeFiles/STM32_StdPeriph.dir/__/__/Drivers/system_stm32f4xx.c.obj
LOAD cmake/stm32cubemx/CMakeFiles/STM32_StdPeriph.dir/__/__/Drivers/STM32F4xx_StdPeriph_Driver/src/misc.c.obj
LOAD cmake/stm32cubemx/CMakeFiles/STM32_StdPeriph.dir/__/__/Drivers/STM32F4xx_StdPeriph_Driver/src/stm32f4xx_rcc.c.obj
LOAD cmake/stm32cubemx/CMakeFiles/STM32_StdPeriph.dir/__/__/Drivers/STM32F4xx_StdPeriph_Driver/src/stm32f4xx_gpio.c.obj
LOAD cmake/stm32cubemx/CMakeFiles/STM32_StdPeriph.dir/__/__/Drivers/STM32F4xx_StdPeriph_Driver/src/stm32f4xx_syscfg.c.obj
LOAD cmake/stm32cubemx/CMakeFiles/STM32_StdPeriph.dir/__/__/Drivers/STM32F4xx_StdPeriph_Driver/src/stm32f4xx_exti.c.obj
LOAD cmake/stm32cubemx/CMakeFiles/STM32_StdPeriph.dir/__/__/Drivers/STM32F4xx_StdPeriph_Driver/src/stm32f4xx_usart.c.obj
LOAD cmake/stm32cubemx/CMakeFiles/STM32_StdPeriph.dir/__/__/Drivers/STM32F4xx_StdPeriph_Driver/src/stm32f4xx_flash.c.obj
LOAD cmake/stm32cubemx/CMakeFiles/FreeRTOS_lib.dir/__/__/OS/port/heap_4.c.obj
LOAD cmake/stm32cubemx/CMakeFiles/FreeRTOS_lib.dir/__/__/OS/port/port.c.obj
LOAD cmake/stm32cubemx/CMakeFiles/FreeRTOS_lib.dir/__/__/OS/src/croutine.c.obj
LOAD cmake/stm32cubemx/CMakeFiles/FreeRTOS_lib.dir/__/__/OS/src/event_groups.c.obj
LOAD cmake/stm32cubemx/CMakeFiles/FreeRTOS_lib.dir/__/__/OS/src/list.c.obj
LOAD cmake/stm32cubemx/CMakeFiles/FreeRTOS_lib.dir/__/__/OS/src/queue.c.obj
LOAD cmake/stm32cubemx/CMakeFiles/FreeRTOS_lib.dir/__/__/OS/src/stream_buffer.c.obj
LOAD cmake/stm32cubemx/CMakeFiles/FreeRTOS_lib.dir/__/__/OS/src/tasks.c.obj
LOAD cmake/stm32cubemx/CMakeFiles/FreeRTOS_lib.dir/__/__/OS/src/timers.c.obj
LOAD CMakeFiles/watch.dir/Middlewares/RTT/SEGGER_RTT.c.obj
LOAD CMakeFiles/watch.dir/Middlewares/RTT/SEGGER_RTT_printf.c.obj
LOAD CMakeFiles/watch.dir/Middlewares/easylogger/src/elog.c.obj
LOAD CMakeFiles/watch.dir/Middlewares/easylogger/src/elog_utils.c.obj
LOAD CMakeFiles/watch.dir/Middlewares/easylogger/src/elog_buf.c.obj
LOAD CMakeFiles/watch.dir/Middlewares/easylogger/src/elog_async.c.obj
LOAD CMakeFiles/watch.dir/Middlewares/easylogger/port/elog_port.c.obj
LOAD CMakeFiles/watch.dir/Core/Src/main.c.obj
LOAD CMakeFiles/watch.dir/Core/Src/syscalls.c.obj
LOAD CMakeFiles/watch.dir/Core/Src/sysmem.c.obj
LOAD CMakeFiles/watch.dir/Core/Src/usart.c.obj
LOAD CMakeFiles/watch.dir/BSP/SPEAKER/bsp_speaker_driver.c.obj
LOAD CMakeFiles/watch.dir/BSP/LCD/bsp_lcd_driver.c.obj
LOAD /opt/ST/STM32CubeCLT_1.21.0/GNU-tools-for-STM32/bin/../lib/gcc/arm-none-eabi/14.3.1/../../../../arm-none-eabi/lib/thumb/v7e-m+fp/hard/libm.a
START GROUP
LOAD /opt/ST/STM32CubeCLT_1.21.0/GNU-tools-for-STM32/bin/../lib/gcc/arm-none-eabi/14.3.1/thumb/v7e-m+fp/hard/libgcc.a
LOAD /opt/ST/STM32CubeCLT_1.21.0/GNU-tools-for-STM32/bin/../lib/gcc/arm-none-eabi/14.3.1/../../../../arm-none-eabi/lib/thumb/v7e-m+fp/hard/libg_nano.a
LOAD /opt/ST/STM32CubeCLT_1.21.0/GNU-tools-for-STM32/bin/../lib/gcc/arm-none-eabi/14.3.1/../../../../arm-none-eabi/lib/thumb/v7e-m+fp/hard/libc_nano.a
END GROUP
START GROUP
LOAD /opt/ST/STM32CubeCLT_1.21.0/GNU-tools-for-STM32/bin/../lib/gcc/arm-none-eabi/14.3.1/thumb/v7e-m+fp/hard/libgcc.a
LOAD /opt/ST/STM32CubeCLT_1.21.0/GNU-tools-for-STM32/bin/../lib/gcc/arm-none-eabi/14.3.1/../../../../arm-none-eabi/lib/thumb/v7e-m+fp/hard/libc_nano.a
END GROUP
LOAD /opt/ST/STM32CubeCLT_1.21.0/GNU-tools-for-STM32/bin/../lib/gcc/arm-none-eabi/14.3.1/thumb/v7e-m+fp/hard/crtend.o
LOAD /opt/ST/STM32CubeCLT_1.21.0/GNU-tools-for-STM32/bin/../lib/gcc/arm-none-eabi/14.3.1/thumb/v7e-m+fp/hard/crtn.o
                0x20020000                        _estack = (ORIGIN (RAM) + LENGTH (RAM))
                0x2001fc00                        _sstack = (_estack - _Min_Stack_Size)
                0x00000200                        _Min_Heap_Size = 0x200
                0x00000400                        _Min_Stack_Size = 0x400

.isr_vector     0x08000000      0x198
                0x08000000                        . = ALIGN (0x4)
 *(.isr_vector)
 .isr_vector    0x08000000      0x198 cmake/stm32cubemx/CMakeFiles/STM32_StdPeriph.dir/__/__/startup_stm32f411xe.s.obj
                0x08000000                g_pfnVectors
                0x08000198                        . = ALIGN (0x4)

.text           0x080001a0     0x3ed4
                0x080001a0                        . = ALIGN (0x4)
 *(.text)
 .text          0x080001a0       0x40 /opt/ST/STM32CubeCLT_1.21.0/GNU-tools-for-STM32/bin/../lib/gcc/arm-none-eabi/14.3.1/thumb/v7e-m+fp/hard/crtbegin.o
 .text          0x080001e0       0xa0 /opt/ST/STM32CubeCLT_1.21.0/GNU-tools-for-STM32/bin/../lib/gcc/arm-none-eabi/14.3.1/thumb/v7e-m+fp/hard/libgcc.a(_arm_truncdfsf2.o)
                0x080001e0                __aeabi_d2f
                0x080001e0                __truncdfsf2
 .text          0x08000280       0xa0 /opt/ST/STM32CubeCLT_1.21.0/GNU-tools-for-STM32/bin/../lib/gcc/arm-none-eabi/14.3.1/../../../../arm-none-eabi/lib/thumb/v7e-m+fp/hard/libg_nano.a(libc_a-memchr.o)
                0x08000280                memchr
 .text          0x08000320       0x10 /opt/ST/STM32CubeCLT_1.21.0/GNU-tools-for-STM32/bin/../lib/gcc/arm-none-eabi/14.3.1/../../../../arm-none-eabi/lib/thumb/v7e-m+fp/hard/libg_nano.a(libc_a-strlen.o)
                0x08000320                strlen
 *(.text*)
 .text.Reset_Handler
                0x08000330       0x50 cmake/stm32cubemx/CMakeFiles/STM32_StdPeriph.dir/__/__/startup_stm32f411xe.s.obj
                0x08000330                Reset_Handler
 .text.Default_Handler
                0x08000380        0x2 cmake/stm32cubemx/CMakeFiles/STM32_StdPeriph.dir/__/__/startup_stm32f411xe.s.obj
                0x08000380                DMA1_Stream3_IRQHandler
                0x08000380                EXTI2_IRQHandler
                0x08000380                SPI4_IRQHandler
                0x08000380                TIM1_CC_IRQHandler
                0x08000380                DMA2_Stream5_IRQHandler
                0x08000380                DMA1_Stream5_IRQHandler
                0x08000380                PVD_IRQHandler
                0x08000380                SDIO_IRQHandler
                0x08000380                TAMP_STAMP_IRQHandler
                0x08000380                EXTI3_IRQHandler
                0x08000380                TIM1_UP_TIM10_IRQHandler
                0x08000380                I2C3_ER_IRQHandler
                0x08000380                EXTI0_IRQHandler
                0x08000380                I2C2_EV_IRQHandler
                0x08000380                DMA1_Stream2_IRQHandler
                0x08000380                FPU_IRQHandler
                0x08000380                DMA2_Stream2_IRQHandler
                0x08000380                SPI1_IRQHandler
                0x08000380                TIM1_BRK_TIM9_IRQHandler
                0x08000380                DMA2_Stream3_IRQHandler
                0x08000380                USART6_IRQHandler
                0x08000380                DMA2_Stream0_IRQHandler
                0x08000380                TIM4_IRQHandler
                0x08000380                I2C1_EV_IRQHandler
                0x08000380                DMA1_Stream6_IRQHandler
                0x08000380                DMA1_Stream1_IRQHandler
                0x08000380                TIM3_IRQHandler
                0x08000380                RCC_IRQHandler
                0x08000380                Default_Handler
                0x08000380                EXTI15_10_IRQHandler
                0x08000380                ADC_IRQHandler
                0x08000380                DMA1_Stream7_IRQHandler
                0x08000380                SPI5_IRQHandler
                0x08000380                TIM5_IRQHandler
                0x08000380                DMA2_Stream7_IRQHandler
                0x08000380                I2C3_EV_IRQHandler
                0x08000380                EXTI9_5_IRQHandler
                0x08000380                RTC_WKUP_IRQHandler
                0x08000380                SPI2_IRQHandler
                0x08000380                DMA1_Stream0_IRQHandler
                0x08000380                EXTI4_IRQHandler
                0x08000380                WWDG_IRQHandler
                0x08000380                TIM2_IRQHandler
                0x08000380                OTG_FS_WKUP_IRQHandler
                0x08000380                TIM1_TRG_COM_TIM11_IRQHandler
                0x08000380                EXTI1_IRQHandler
                0x08000380                USART2_IRQHandler
                0x08000380                I2C2_ER_IRQHandler
                0x08000380                DMA2_Stream1_IRQHandler
                0x08000380                FLASH_IRQHandler
                0x08000380                DMA2_Stream4_IRQHandler
                0x08000380                OTG_FS_IRQHandler
                0x08000380                SPI3_IRQHandler
                0x08000380                DMA1_Stream4_IRQHandler
                0x08000380                I2C1_ER_IRQHandler
                0x08000380                DMA2_Stream6_IRQHandler
                0x08000380                RTC_Alarm_IRQHandler
 .text.NMI_Handler
                0x08000382        0xe cmake/stm32cubemx/CMakeFiles/STM32_StdPeriph.dir/__/__/Drivers/stm32f4xx_it.c.obj
                0x08000382                NMI_Handler
 .text.HardFault_Handler
                0x08000390        0x8 cmake/stm32cubemx/CMakeFiles/STM32_StdPeriph.dir/__/__/Drivers/stm32f4xx_it.c.obj
                0x08000390                HardFault_Handler
 .text.MemManage_Handler
                0x08000398        0x8 cmake/stm32cubemx/CMakeFiles/STM32_StdPeriph.dir/__/__/Drivers/stm32f4xx_it.c.obj
                0x08000398                MemManage_Handler
 .text.BusFault_Handler
                0x080003a0        0x8 cmake/stm32cubemx/CMakeFiles/STM32_StdPeriph.dir/__/__/Drivers/stm32f4xx_it.c.obj
                0x080003a0                BusFault_Handler
 .text.UsageFault_Handler
                0x080003a8        0x8 cmake/stm32cubemx/CMakeFiles/STM32_StdPeriph.dir/__/__/Drivers/stm32f4xx_it.c.obj
                0x080003a8                UsageFault_Handler
 .text.DebugMon_Handler
                0x080003b0        0xe cmake/stm32cubemx/CMakeFiles/STM32_StdPeriph.dir/__/__/Drivers/stm32f4xx_it.c.obj
                0x080003b0                DebugMon_Handler
 *fill*         0x080003be        0x2 
 .text.SysTick_Handler
                0x080003c0       0x20 cmake/stm32cubemx/CMakeFiles/STM32_StdPeriph.dir/__/__/Drivers/stm32f4xx_it.c.obj
                0x080003c0                SysTick_Handler
 .text.SystemInit
                0x080003e0       0x6c cmake/stm32cubemx/CMakeFiles/STM32_StdPeriph.dir/__/__/Drivers/system_stm32f4xx.c.obj
                0x080003e0                SystemInit
 .text.SetSysClock
                0x0800044c       0xa4 cmake/stm32cubemx/CMakeFiles/STM32_StdPeriph.dir/__/__/Drivers/system_stm32f4xx.c.obj
 .text.NVIC_Init
                0x080004f0       0xc4 cmake/stm32cubemx/CMakeFiles/STM32_StdPeriph.dir/__/__/Drivers/STM32F4xx_StdPeriph_Driver/src/misc.c.obj
                0x080004f0                NVIC_Init
 .text.RCC_GetClocksFreq
                0x080005b4      0x15c cmake/stm32cubemx/CMakeFiles/STM32_StdPeriph.dir/__/__/Drivers/STM32F4xx_StdPeriph_Driver/src/stm32f4xx_rcc.c.obj
                0x080005b4                RCC_GetClocksFreq
 .text.RCC_AHB1PeriphClockCmd
                0x08000710       0x40 cmake/stm32cubemx/CMakeFiles/STM32_StdPeriph.dir/__/__/Drivers/STM32F4xx_StdPeriph_Driver/src/stm32f4xx_rcc.c.obj
                0x08000710                RCC_AHB1PeriphClockCmd
 .text.RCC_APB2PeriphClockCmd
                0x08000750       0x40 cmake/stm32cubemx/CMakeFiles/STM32_StdPeriph.dir/__/__/Drivers/STM32F4xx_StdPeriph_Driver/src/stm32f4xx_rcc.c.obj
                0x08000750                RCC_APB2PeriphClockCmd
 .text.GPIO_Init
                0x08000790      0x11e cmake/stm32cubemx/CMakeFiles/STM32_StdPeriph.dir/__/__/Drivers/STM32F4xx_StdPeriph_Driver/src/stm32f4xx_gpio.c.obj
                0x08000790                GPIO_Init
 .text.GPIO_PinAFConfig
                0x080008ae       0x92 cmake/stm32cubemx/CMakeFiles/STM32_StdPeriph.dir/__/__/Drivers/STM32F4xx_StdPeriph_Driver/src/stm32f4xx_gpio.c.obj
                0x080008ae                GPIO_PinAFConfig
 .text.USART_Init
                0x08000940      0x174 cmake/stm32cubemx/CMakeFiles/STM32_StdPeriph.dir/__/__/Drivers/STM32F4xx_StdPeriph_Driver/src/stm32f4xx_usart.c.obj
                0x08000940                USART_Init
 .text.USART_Cmd
                0x08000ab4       0x40 cmake/stm32cubemx/CMakeFiles/STM32_StdPeriph.dir/__/__/Drivers/STM32F4xx_StdPeriph_Driver/src/stm32f4xx_usart.c.obj
                0x08000ab4                USART_Cmd
 .text.USART_SendData
                0x08000af4       0x24 cmake/stm32cubemx/CMakeFiles/STM32_StdPeriph.dir/__/__/Drivers/STM32F4xx_StdPeriph_Driver/src/stm32f4xx_usart.c.obj
                0x08000af4                USART_SendData
 .text.USART_ReceiveData
                0x08000b18       0x20 cmake/stm32cubemx/CMakeFiles/STM32_StdPeriph.dir/__/__/Drivers/STM32F4xx_StdPeriph_Driver/src/stm32f4xx_usart.c.obj
                0x08000b18                USART_ReceiveData
 .text.USART_ITConfig
                0x08000b38       0x90 cmake/stm32cubemx/CMakeFiles/STM32_StdPeriph.dir/__/__/Drivers/STM32F4xx_StdPeriph_Driver/src/stm32f4xx_usart.c.obj
                0x08000b38                USART_ITConfig
 .text.USART_GetFlagStatus
                0x08000bc8       0x38 cmake/stm32cubemx/CMakeFiles/STM32_StdPeriph.dir/__/__/Drivers/STM32F4xx_StdPeriph_Driver/src/stm32f4xx_usart.c.obj
                0x08000bc8                USART_GetFlagStatus
 .text.USART_GetITStatus
                0x08000c00       0xb6 cmake/stm32cubemx/CMakeFiles/STM32_StdPeriph.dir/__/__/Drivers/STM32F4xx_StdPeriph_Driver/src/stm32f4xx_usart.c.obj
                0x08000c00                USART_GetITStatus
 .text.USART_ClearITPendingBit
                0x08000cb6       0x3a cmake/stm32cubemx/CMakeFiles/STM32_StdPeriph.dir/__/__/Drivers/STM32F4xx_StdPeriph_Driver/src/stm32f4xx_usart.c.obj
                0x08000cb6                USART_ClearITPendingBit
 .text.SVC_Handler
                0x08000cf0       0x28 cmake/stm32cubemx/CMakeFiles/FreeRTOS_lib.dir/__/__/OS/port/port.c.obj
                0x08000cf0                SVC_Handler
 *fill*         0x08000d18        0x8 
 .text.PendSV_Handler
                0x08000d20       0x68 cmake/stm32cubemx/CMakeFiles/FreeRTOS_lib.dir/__/__/OS/port/port.c.obj
                0x08000d20                PendSV_Handler
 .text.xPortSysTickHandler
                0x08000d88       0x44 cmake/stm32cubemx/CMakeFiles/FreeRTOS_lib.dir/__/__/OS/port/port.c.obj
                0x08000d88                xPortSysTickHandler
 .text.xTaskIncrementTick
                0x08000dcc      0x234 cmake/stm32cubemx/CMakeFiles/FreeRTOS_lib.dir/__/__/OS/src/tasks.c.obj
                0x08000dcc                xTaskIncrementTick
 .text.vTaskSwitchContext
                0x08001000       0xbc cmake/stm32cubemx/CMakeFiles/FreeRTOS_lib.dir/__/__/OS/src/tasks.c.obj
                0x08001000                vTaskSwitchContext
 .text.prvResetNextTaskUnblockTime
                0x080010bc       0x38 cmake/stm32cubemx/CMakeFiles/FreeRTOS_lib.dir/__/__/OS/src/tasks.c.obj
 .text._DoInit  0x080010f4       0xb4 CMakeFiles/watch.dir/Middlewares/RTT/SEGGER_RTT.c.obj
 .text._WriteBlocking
                0x080011a8       0xba CMakeFiles/watch.dir/Middlewares/RTT/SEGGER_RTT.c.obj
 .text._WriteNoCheck
                0x08001262       0x90 CMakeFiles/watch.dir/Middlewares/RTT/SEGGER_RTT.c.obj
 .text._GetAvailWriteSpace
                0x080012f2       0x46 CMakeFiles/watch.dir/Middlewares/RTT/SEGGER_RTT.c.obj
 .text.SEGGER_RTT_WriteNoLock
                0x08001338       0xa0 CMakeFiles/watch.dir/Middlewares/RTT/SEGGER_RTT.c.obj
                0x08001338                SEGGER_RTT_WriteNoLock
 .text.SEGGER_RTT_Write
                0x080013d8       0x4c CMakeFiles/watch.dir/Middlewares/RTT/SEGGER_RTT.c.obj
                0x080013d8                SEGGER_RTT_Write
 .text._StoreChar
                0x08001424       0x7c CMakeFiles/watch.dir/Middlewares/RTT/SEGGER_RTT_printf.c.obj
 .text._PrintUnsigned
                0x080014a0      0x158 CMakeFiles/watch.dir/Middlewares/RTT/SEGGER_RTT_printf.c.obj
 .text._PrintInt
                0x080015f8      0x14e CMakeFiles/watch.dir/Middlewares/RTT/SEGGER_RTT_printf.c.obj
 *fill*         0x08001746        0x2 
 .text.SEGGER_RTT_vprintf
                0x08001748      0x53c CMakeFiles/watch.dir/Middlewares/RTT/SEGGER_RTT_printf.c.obj
                0x08001748                SEGGER_RTT_vprintf
 .text.SEGGER_RTT_printf
                0x08001c84       0x30 CMakeFiles/watch.dir/Middlewares/RTT/SEGGER_RTT_printf.c.obj
                0x08001c84                SEGGER_RTT_printf
 .text.elog_init
                0x08001cb4       0x68 CMakeFiles/watch.dir/Middlewares/easylogger/src/elog.c.obj
                0x08001cb4                elog_init
 .text.elog_start
                0x08001d1c       0x40 CMakeFiles/watch.dir/Middlewares/easylogger/src/elog.c.obj
                0x08001d1c                elog_start
 .text.elog_set_output_enabled
                0x08001d5c       0x80 CMakeFiles/watch.dir/Middlewares/easylogger/src/elog.c.obj
                0x08001d5c                elog_set_output_enabled
 .text.elog_set_text_color_enabled
                0x08001ddc       0x24 CMakeFiles/watch.dir/Middlewares/easylogger/src/elog.c.obj
                0x08001ddc                elog_set_text_color_enabled
 .text.elog_set_fmt
                0x08001e00       0x80 CMakeFiles/watch.dir/Middlewares/easylogger/src/elog.c.obj
                0x08001e00                elog_set_fmt
 .text.elog_set_filter_lvl
                0x08001e80       0x78 CMakeFiles/watch.dir/Middlewares/easylogger/src/elog.c.obj
                0x08001e80                elog_set_filter_lvl
 .text.elog_output_lock
                0x08001ef8       0x2c CMakeFiles/watch.dir/Middlewares/easylogger/src/elog.c.obj
                0x08001ef8                elog_output_lock
 .text.elog_output_unlock
                0x08001f24       0x2c CMakeFiles/watch.dir/Middlewares/easylogger/src/elog.c.obj
                0x08001f24                elog_output_unlock
 .text.elog_set_filter_tag_lvl_default
                0x08001f50       0x68 CMakeFiles/watch.dir/Middlewares/easylogger/src/elog.c.obj
 .text.elog_get_filter_tag_lvl
                0x08001fb8       0xf0 CMakeFiles/watch.dir/Middlewares/easylogger/src/elog.c.obj
                0x08001fb8                elog_get_filter_tag_lvl
 .text.elog_output
                0x080020a8      0x554 CMakeFiles/watch.dir/Middlewares/easylogger/src/elog.c.obj
                0x080020a8                elog_output
 .text.get_fmt_enabled
                0x080025fc       0x8c CMakeFiles/watch.dir/Middlewares/easylogger/src/elog.c.obj
 .text.elog_output_lock_enabled
                0x08002688       0x68 CMakeFiles/watch.dir/Middlewares/easylogger/src/elog.c.obj
                0x08002688                elog_output_lock_enabled
 .text.elog_strcpy
                0x080026f0       0xe0 CMakeFiles/watch.dir/Middlewares/easylogger/src/elog_utils.c.obj
                0x080026f0                elog_strcpy
 .text.elog_port_init
                0x080027d0       0x18 CMakeFiles/watch.dir/Middlewares/easylogger/port/elog_port.c.obj
                0x080027d0                elog_port_init
 .text.elog_port_output
                0x080027e8       0x20 CMakeFiles/watch.dir/Middlewares/easylogger/port/elog_port.c.obj
                0x080027e8                elog_port_output
 .text.elog_port_output_lock
                0x08002808        0xe CMakeFiles/watch.dir/Middlewares/easylogger/port/elog_port.c.obj
                0x08002808                elog_port_output_lock
 .text.elog_port_output_unlock
                0x08002816        0xe CMakeFiles/watch.dir/Middlewares/easylogger/port/elog_port.c.obj
                0x08002816                elog_port_output_unlock
 .text.elog_port_get_time
                0x08002824       0x10 CMakeFiles/watch.dir/Middlewares/easylogger/port/elog_port.c.obj
                0x08002824                elog_port_get_time
 .text.elog_port_get_p_info
                0x08002834       0x10 CMakeFiles/watch.dir/Middlewares/easylogger/port/elog_port.c.obj
                0x08002834                elog_port_get_p_info
 .text.elog_port_get_t_info
                0x08002844       0x10 CMakeFiles/watch.dir/Middlewares/easylogger/port/elog_port.c.obj
                0x08002844                elog_port_get_t_info
 .text.NVIC_SetPriority
                0x08002854       0x54 CMakeFiles/watch.dir/Core/Src/main.c.obj
 .text.SysTick_Config
                0x080028a8       0x44 CMakeFiles/watch.dir/Core/Src/main.c.obj
 .text.main     0x080028ec       0x98 CMakeFiles/watch.dir/Core/Src/main.c.obj
                0x080028ec                main
 .text.easylogger_config
                0x08002984       0x30 CMakeFiles/watch.dir/Core/Src/main.c.obj
                0x08002984                easylogger_config
 .text.__io_putchar
                0x080029b4       0x1c CMakeFiles/watch.dir/Core/Src/main.c.obj
                0x080029b4                __io_putchar
 .text.Delay    0x080029d0       0x2c CMakeFiles/watch.dir/Core/Src/main.c.obj
 .text.TimingDelay_Decrement
                0x080029fc       0x24 CMakeFiles/watch.dir/Core/Src/main.c.obj
                0x080029fc                TimingDelay_Decrement
 .text._read    0x08002a20       0x3a CMakeFiles/watch.dir/Core/Src/syscalls.c.obj
                0x08002a20                _read
 .text._write   0x08002a5a       0x38 CMakeFiles/watch.dir/Core/Src/syscalls.c.obj
                0x08002a5a                _write
 .text._close   0x08002a92       0x18 CMakeFiles/watch.dir/Core/Src/syscalls.c.obj
                0x08002a92                _close
 .text._fstat   0x08002aaa       0x20 CMakeFiles/watch.dir/Core/Src/syscalls.c.obj
                0x08002aaa                _fstat
 .text._isatty  0x08002aca       0x16 CMakeFiles/watch.dir/Core/Src/syscalls.c.obj
                0x08002aca                _isatty
 .text._lseek   0x08002ae0       0x1a CMakeFiles/watch.dir/Core/Src/syscalls.c.obj
                0x08002ae0                _lseek
 *fill*         0x08002afa        0x2 
 .text._sbrk    0x08002afc       0x6c CMakeFiles/watch.dir/Core/Src/sysmem.c.obj
                0x08002afc                _sbrk
 .text.USART1_Config
                0x08002b68       0xd0 CMakeFiles/watch.dir/Core/Src/usart.c.obj
                0x08002b68                USART1_Config
 .text.USART1_SendByte
                0x08002c38       0x34 CMakeFiles/watch.dir/Core/Src/usart.c.obj
                0x08002c38                USART1_SendByte
 .text.USART1_IRQHandler
                0x08002c6c       0x40 CMakeFiles/watch.dir/Core/Src/usart.c.obj
                0x08002c6c                USART1_IRQHandler
 .text.snprintf
                0x08002cac       0x6c /opt/ST/STM32CubeCLT_1.21.0/GNU-tools-for-STM32/bin/../lib/gcc/arm-none-eabi/14.3.1/../../../../arm-none-eabi/lib/thumb/v7e-m+fp/hard/libg_nano.a(libc_a-snprintf.o)
                0x08002cac                snprintf
                0x08002cac                sniprintf
 .text.std      0x08002d18       0x6c /opt/ST/STM32CubeCLT_1.21.0/GNU-tools-for-STM32/bin/../lib/gcc/arm-none-eabi/14.3.1/../../../../arm-none-eabi/lib/thumb/v7e-m+fp/hard/libg_nano.a(libc_a-findfp.o)
 .text.stdio_exit_handler
                0x08002d84       0x18 /opt/ST/STM32CubeCLT_1.21.0/GNU-tools-for-STM32/bin/../lib/gcc/arm-none-eabi/14.3.1/../../../../arm-none-eabi/lib/thumb/v7e-m+fp/hard/libg_nano.a(libc_a-findfp.o)
 .text.cleanup_stdio
                0x08002d9c       0x40 /opt/ST/STM32CubeCLT_1.21.0/GNU-tools-for-STM32/bin/../lib/gcc/arm-none-eabi/14.3.1/../../../../arm-none-eabi/lib/thumb/v7e-m+fp/hard/libg_nano.a(libc_a-findfp.o)
 .text.global_stdio_init.part.0
                0x08002ddc       0x40 /opt/ST/STM32CubeCLT_1.21.0/GNU-tools-for-STM32/bin/../lib/gcc/arm-none-eabi/14.3.1/../../../../arm-none-eabi/lib/thumb/v7e-m+fp/hard/libg_nano.a(libc_a-findfp.o)
 .text.__sfp_lock_acquire
                0x08002e1c        0xc /opt/ST/STM32CubeCLT_1.21.0/GNU-tools-for-STM32/bin/../lib/gcc/arm-none-eabi/14.3.1/../../../../arm-none-eabi/lib/thumb/v7e-m+fp/hard/libg_nano.a(libc_a-findfp.o)
                0x08002e1c                __sfp_lock_acquire
 .text.__sfp_lock_release
                0x08002e28        0xc /opt/ST/STM32CubeCLT_1.21.0/GNU-tools-for-STM32/bin/../lib/gcc/arm-none-eabi/14.3.1/../../../../arm-none-eabi/lib/thumb/v7e-m+fp/hard/libg_nano.a(libc_a-findfp.o)
                0x08002e28                __sfp_lock_release
 .text.__sinit  0x08002e34       0x30 /opt/ST/STM32CubeCLT_1.21.0/GNU-tools-for-STM32/bin/../lib/gcc/arm-none-eabi/14.3.1/../../../../arm-none-eabi/lib/thumb/v7e-m+fp/hard/libg_nano.a(libc_a-findfp.o)
                0x08002e34                __sinit
 .text._vsnprintf_r
                0x08002e64       0x5c /opt/ST/STM32CubeCLT_1.21.0/GNU-tools-for-STM32/bin/../lib/gcc/arm-none-eabi/14.3.1/../../../../arm-none-eabi/lib/thumb/v7e-m+fp/hard/libg_nano.a(libc_a-vsnprintf.o)
                0x08002e64                _vsnprintf_r
                0x08002e64                _vsniprintf_r
 .text.vsnprintf
                0x08002ec0       0x1c /opt/ST/STM32CubeCLT_1.21.0/GNU-tools-for-STM32/bin/../lib/gcc/arm-none-eabi/14.3.1/../../../../arm-none-eabi/lib/thumb/v7e-m+fp/hard/libg_nano.a(libc_a-vsnprintf.o)
                0x08002ec0                vsnprintf
                0x08002ec0                vsniprintf
 .text._fwalk_sglue
                0x08002edc       0x3c /opt/ST/STM32CubeCLT_1.21.0/GNU-tools-for-STM32/bin/../lib/gcc/arm-none-eabi/14.3.1/../../../../arm-none-eabi/lib/thumb/v7e-m+fp/hard/libg_nano.a(libc_a-fwalk.o)
                0x08002edc                _fwalk_sglue
 .text.printf   0x08002f18       0x24 /opt/ST/STM32CubeCLT_1.21.0/GNU-tools-for-STM32/bin/../lib/gcc/arm-none-eabi/14.3.1/../../../../arm-none-eabi/lib/thumb/v7e-m+fp/hard/libg_nano.a(libc_a-printf.o)
                0x08002f18                printf
                0x08002f18                iprintf
 .text._puts_r  0x08002f3c       0xaa /opt/ST/STM32CubeCLT_1.21.0/GNU-tools-for-STM32/bin/../lib/gcc/arm-none-eabi/14.3.1/../../../../arm-none-eabi/lib/thumb/v7e-m+fp/hard/libg_nano.a(libc_a-puts.o)
                0x08002f3c                _puts_r
 *fill*         0x08002fe6        0x2 
 .text.puts     0x08002fe8       0x10 /opt/ST/STM32CubeCLT_1.21.0/GNU-tools-for-STM32/bin/../lib/gcc/arm-none-eabi/14.3.1/../../../../arm-none-eabi/lib/thumb/v7e-m+fp/hard/libg_nano.a(libc_a-puts.o)
                0x08002fe8                puts
 .text.memset   0x08002ff8       0x10 /opt/ST/STM32CubeCLT_1.21.0/GNU-tools-for-STM32/bin/../lib/gcc/arm-none-eabi/14.3.1/../../../../arm-none-eabi/lib/thumb/v7e-m+fp/hard/libg_nano.a(libc_a-memset.o)
                0x08002ff8                memset
 .text.strncmp  0x08003008       0x24 /opt/ST/STM32CubeCLT_1.21.0/GNU-tools-for-STM32/bin/../lib/gcc/arm-none-eabi/14.3.1/../../../../arm-none-eabi/lib/thumb/v7e-m+fp/hard/libg_nano.a(libc_a-strncmp.o)
                0x08003008                strncmp
 .text.strstr   0x0800302c       0x2c /opt/ST/STM32CubeCLT_1.21.0/GNU-tools-for-STM32/bin/../lib/gcc/arm-none-eabi/14.3.1/../../../../arm-none-eabi/lib/thumb/v7e-m+fp/hard/libg_nano.a(libc_a-strstr.o)
                0x0800302c                strstr
 .text.__errno  0x08003058        0xc /opt/ST/STM32CubeCLT_1.21.0/GNU-tools-for-STM32/bin/../lib/gcc/arm-none-eabi/14.3.1/../../../../arm-none-eabi/lib/thumb/v7e-m+fp/hard/libg_nano.a(libc_a-errno.o)
                0x08003058                __errno
 .text.__libc_init_array
                0x08003064       0x48 /opt/ST/STM32CubeCLT_1.21.0/GNU-tools-for-STM32/bin/../lib/gcc/arm-none-eabi/14.3.1/../../../../arm-none-eabi/lib/thumb/v7e-m+fp/hard/libg_nano.a(libc_a-init.o)
                0x08003064                __libc_init_array
 .text.__retarget_lock_init_recursive
                0x080030ac        0x2 /opt/ST/STM32CubeCLT_1.21.0/GNU-tools-for-STM32/bin/../lib/gcc/arm-none-eabi/14.3.1/../../../../arm-none-eabi/lib/thumb/v7e-m+fp/hard/libg_nano.a(libc_a-lock.o)
                0x080030ac                __retarget_lock_init_recursive
 .text.__retarget_lock_acquire_recursive
                0x080030ae        0x2 /opt/ST/STM32CubeCLT_1.21.0/GNU-tools-for-STM32/bin/../lib/gcc/arm-none-eabi/14.3.1/../../../../arm-none-eabi/lib/thumb/v7e-m+fp/hard/libg_nano.a(libc_a-lock.o)
                0x080030ae                __retarget_lock_acquire_recursive
 .text.__retarget_lock_release_recursive
                0x080030b0        0x2 /opt/ST/STM32CubeCLT_1.21.0/GNU-tools-for-STM32/bin/../lib/gcc/arm-none-eabi/14.3.1/../../../../arm-none-eabi/lib/thumb/v7e-m+fp/hard/libg_nano.a(libc_a-lock.o)
                0x080030b0                __retarget_lock_release_recursive
 .text.memcpy   0x080030b2       0x1c /opt/ST/STM32CubeCLT_1.21.0/GNU-tools-for-STM32/bin/../lib/gcc/arm-none-eabi/14.3.1/../../../../arm-none-eabi/lib/thumb/v7e-m+fp/hard/libg_nano.a(libc_a-memcpy-stub.o)
                0x080030b2                memcpy
 .text.__ssputs_r
                0x080030ce       0xc0 /opt/ST/STM32CubeCLT_1.21.0/GNU-tools-for-STM32/bin/../lib/gcc/arm-none-eabi/14.3.1/../../../../arm-none-eabi/lib/thumb/v7e-m+fp/hard/libg_nano.a(libc_a-nano-svfprintf.o)
                0x080030ce                __ssputs_r
 *fill*         0x0800318e        0x2 
 .text._svfprintf_r
                0x08003190      0x1f0 /opt/ST/STM32CubeCLT_1.21.0/GNU-tools-for-STM32/bin/../lib/gcc/arm-none-eabi/14.3.1/../../../../arm-none-eabi/lib/thumb/v7e-m+fp/hard/libg_nano.a(libc_a-nano-svfprintf.o)
                0x08003190                _svfprintf_r
                0x08003190                _svfiprintf_r
 .text.__sfputc_r
                0x08003380       0x2e /opt/ST/STM32CubeCLT_1.21.0/GNU-tools-for-STM32/bin/../lib/gcc/arm-none-eabi/14.3.1/../../../../arm-none-eabi/lib/thumb/v7e-m+fp/hard/libg_nano.a(libc_a-nano-vfprintf.o)
 .text.__sfputs_r
                0x080033ae       0x24 /opt/ST/STM32CubeCLT_1.21.0/GNU-tools-for-STM32/bin/../lib/gcc/arm-none-eabi/14.3.1/../../../../arm-none-eabi/lib/thumb/v7e-m+fp/hard/libg_nano.a(libc_a-nano-vfprintf.o)
                0x080033ae                __sfputs_r
 *fill*         0x080033d2        0x2 
 .text._vfprintf_r
                0x080033d4      0x228 /opt/ST/STM32CubeCLT_1.21.0/GNU-tools-for-STM32/bin/../lib/gcc/arm-none-eabi/14.3.1/../../../../arm-none-eabi/lib/thumb/v7e-m+fp/hard/libg_nano.a(libc_a-nano-vfprintf.o)
                0x080033d4                _vfiprintf_r
                0x080033d4                _vfprintf_r
 .text.sbrk_aligned
                0x080035fc       0x44 /opt/ST/STM32CubeCLT_1.21.0/GNU-tools-for-STM32/bin/../lib/gcc/arm-none-eabi/14.3.1/../../../../arm-none-eabi/lib/thumb/v7e-m+fp/hard/libg_nano.a(libc_a-mallocr.o)
 .text._malloc_r
                0x08003640      0x100 /opt/ST/STM32CubeCLT_1.21.0/GNU-tools-for-STM32/bin/../lib/gcc/arm-none-eabi/14.3.1/../../../../arm-none-eabi/lib/thumb/v7e-m+fp/hard/libg_nano.a(libc_a-mallocr.o)
                0x08003640                _malloc_r
 .text._printf_common
                0x08003740       0xda /opt/ST/STM32CubeCLT_1.21.0/GNU-tools-for-STM32/bin/../lib/gcc/arm-none-eabi/14.3.1/../../../../arm-none-eabi/lib/thumb/v7e-m+fp/hard/libg_nano.a(libc_a-nano-vfprintf_i.o)
                0x08003740                _printf_common
 *fill*         0x0800381a        0x2 
 .text._printf_i
                0x0800381c      0x24c /opt/ST/STM32CubeCLT_1.21.0/GNU-tools-for-STM32/bin/../lib/gcc/arm-none-eabi/14.3.1/../../../../arm-none-eabi/lib/thumb/v7e-m+fp/hard/libg_nano.a(libc_a-nano-vfprintf_i.o)
                0x0800381c                _printf_i
 .text.__sflush_r
                0x08003a68      0x104 /opt/ST/STM32CubeCLT_1.21.0/GNU-tools-for-STM32/bin/../lib/gcc/arm-none-eabi/14.3.1/../../../../arm-none-eabi/lib/thumb/v7e-m+fp/hard/libg_nano.a(libc_a-fflush.o)
                0x08003a68                __sflush_r
 .text._fflush_r
                0x08003b6c       0x50 /opt/ST/STM32CubeCLT_1.21.0/GNU-tools-for-STM32/bin/../lib/gcc/arm-none-eabi/14.3.1/../../../../arm-none-eabi/lib/thumb/v7e-m+fp/hard/libg_nano.a(libc_a-fflush.o)
                0x08003b6c                _fflush_r
 .text.__malloc_lock
                0x08003bbc        0xc /opt/ST/STM32CubeCLT_1.21.0/GNU-tools-for-STM32/bin/../lib/gcc/arm-none-eabi/14.3.1/../../../../arm-none-eabi/lib/thumb/v7e-m+fp/hard/libg_nano.a(libc_a-mlock.o)
                0x08003bbc                __malloc_lock
 .text.__malloc_unlock
                0x08003bc8        0xc /opt/ST/STM32CubeCLT_1.21.0/GNU-tools-for-STM32/bin/../lib/gcc/arm-none-eabi/14.3.1/../../../../arm-none-eabi/lib/thumb/v7e-m+fp/hard/libg_nano.a(libc_a-mlock.o)
                0x08003bc8                __malloc_unlock
 .text.__sread  0x08003bd4       0x22 /opt/ST/STM32CubeCLT_1.21.0/GNU-tools-for-STM32/bin/../lib/gcc/arm-none-eabi/14.3.1/../../../../arm-none-eabi/lib/thumb/v7e-m+fp/hard/libg_nano.a(libc_a-stdio.o)
                0x08003bd4                __sread
 .text.__swrite
                0x08003bf6       0x38 /opt/ST/STM32CubeCLT_1.21.0/GNU-tools-for-STM32/bin/../lib/gcc/arm-none-eabi/14.3.1/../../../../arm-none-eabi/lib/thumb/v7e-m+fp/hard/libg_nano.a(libc_a-stdio.o)
                0x08003bf6                __swrite
 .text.__sseek  0x08003c2e       0x26 /opt/ST/STM32CubeCLT_1.21.0/GNU-tools-for-STM32/bin/../lib/gcc/arm-none-eabi/14.3.1/../../../../arm-none-eabi/lib/thumb/v7e-m+fp/hard/libg_nano.a(libc_a-stdio.o)
                0x08003c2e                __sseek
 .text.__sclose
                0x08003c54        0x8 /opt/ST/STM32CubeCLT_1.21.0/GNU-tools-for-STM32/bin/../lib/gcc/arm-none-eabi/14.3.1/../../../../arm-none-eabi/lib/thumb/v7e-m+fp/hard/libg_nano.a(libc_a-stdio.o)
                0x08003c54                __sclose
 .text._realloc_r
                0x08003c5c       0x5c /opt/ST/STM32CubeCLT_1.21.0/GNU-tools-for-STM32/bin/../lib/gcc/arm-none-eabi/14.3.1/../../../../arm-none-eabi/lib/thumb/v7e-m+fp/hard/libg_nano.a(libc_a-reallocr.o)
                0x08003c5c                _realloc_r
 .text.__swbuf_r
                0x08003cb8       0x7c /opt/ST/STM32CubeCLT_1.21.0/GNU-tools-for-STM32/bin/../lib/gcc/arm-none-eabi/14.3.1/../../../../arm-none-eabi/lib/thumb/v7e-m+fp/hard/libg_nano.a(libc_a-wbuf.o)
                0x08003cb8                __swbuf_r
 .text.__swsetup_r
                0x08003d34       0xa8 /opt/ST/STM32CubeCLT_1.21.0/GNU-tools-for-STM32/bin/../lib/gcc/arm-none-eabi/14.3.1/../../../../arm-none-eabi/lib/thumb/v7e-m+fp/hard/libg_nano.a(libc_a-wsetup.o)
                0x08003d34                __swsetup_r
 .text.__swhatbuf_r
                0x08003ddc       0x48 /opt/ST/STM32CubeCLT_1.21.0/GNU-tools-for-STM32/bin/../lib/gcc/arm-none-eabi/14.3.1/../../../../arm-none-eabi/lib/thumb/v7e-m+fp/hard/libg_nano.a(libc_a-makebuf.o)
                0x08003ddc                __swhatbuf_r
 .text.__smakebuf_r
                0x08003e24       0x72 /opt/ST/STM32CubeCLT_1.21.0/GNU-tools-for-STM32/bin/../lib/gcc/arm-none-eabi/14.3.1/../../../../arm-none-eabi/lib/thumb/v7e-m+fp/hard/libg_nano.a(libc_a-makebuf.o)
                0x08003e24                __smakebuf_r
 .text.memmove  0x08003e96       0x32 /opt/ST/STM32CubeCLT_1.21.0/GNU-tools-for-STM32/bin/../lib/gcc/arm-none-eabi/14.3.1/../../../../arm-none-eabi/lib/thumb/v7e-m+fp/hard/libg_nano.a(libc_a-memmove.o)
                0x08003e96                memmove
 .text._isatty_r
                0x08003ec8       0x20 /opt/ST/STM32CubeCLT_1.21.0/GNU-tools-for-STM32/bin/../lib/gcc/arm-none-eabi/14.3.1/../../../../arm-none-eabi/lib/thumb/v7e-m+fp/hard/libg_nano.a(libc_a-isattyr.o)
                0x08003ec8                _isatty_r
 .text._lseek_r
                0x08003ee8       0x24 /opt/ST/STM32CubeCLT_1.21.0/GNU-tools-for-STM32/bin/../lib/gcc/arm-none-eabi/14.3.1/../../../../arm-none-eabi/lib/thumb/v7e-m+fp/hard/libg_nano.a(libc_a-lseekr.o)
                0x08003ee8                _lseek_r
 .text._read_r  0x08003f0c       0x24 /opt/ST/STM32CubeCLT_1.21.0/GNU-tools-for-STM32/bin/../lib/gcc/arm-none-eabi/14.3.1/../../../../arm-none-eabi/lib/thumb/v7e-m+fp/hard/libg_nano.a(libc_a-readr.o)
                0x08003f0c                _read_r
 .text._sbrk_r  0x08003f30       0x20 /opt/ST/STM32CubeCLT_1.21.0/GNU-tools-for-STM32/bin/../lib/gcc/arm-none-eabi/14.3.1/../../../../arm-none-eabi/lib/thumb/v7e-m+fp/hard/libg_nano.a(libc_a-sbrkr.o)
                0x08003f30                _sbrk_r
 .text._write_r
                0x08003f50       0x24 /opt/ST/STM32CubeCLT_1.21.0/GNU-tools-for-STM32/bin/../lib/gcc/arm-none-eabi/14.3.1/../../../../arm-none-eabi/lib/thumb/v7e-m+fp/hard/libg_nano.a(libc_a-writer.o)
                0x08003f50                _write_r
 .text._close_r
                0x08003f74       0x20 /opt/ST/STM32CubeCLT_1.21.0/GNU-tools-for-STM32/bin/../lib/gcc/arm-none-eabi/14.3.1/../../../../arm-none-eabi/lib/thumb/v7e-m+fp/hard/libg_nano.a(libc_a-closer.o)
                0x08003f74                _close_r
 .text._fstat_r
                0x08003f94       0x24 /opt/ST/STM32CubeCLT_1.21.0/GNU-tools-for-STM32/bin/../lib/gcc/arm-none-eabi/14.3.1/../../../../arm-none-eabi/lib/thumb/v7e-m+fp/hard/libg_nano.a(libc_a-fstatr.o)
                0x08003f94                _fstat_r
 .text._free_r  0x08003fb8       0x94 /opt/ST/STM32CubeCLT_1.21.0/GNU-tools-for-STM32/bin/../lib/gcc/arm-none-eabi/14.3.1/../../../../arm-none-eabi/lib/thumb/v7e-m+fp/hard/libg_nano.a(libc_a-freer.o)
                0x08003fb8                _free_r
 .text._malloc_usable_size_r
                0x0800404c       0x10 /opt/ST/STM32CubeCLT_1.21.0/GNU-tools-for-STM32/bin/../lib/gcc/arm-none-eabi/14.3.1/../../../../arm-none-eabi/lib/thumb/v7e-m+fp/hard/libg_nano.a(libc_a-msizer.o)
                0x0800404c                _malloc_usable_size_r
 *(.glue_7)
 .glue_7        0x0800405c        0x0 linker stubs
 *(.glue_7t)
 .glue_7t       0x0800405c        0x0 linker stubs
 *(.eh_frame)
 .eh_frame      0x0800405c        0x0 /opt/ST/STM32CubeCLT_1.21.0/GNU-tools-for-STM32/bin/../lib/gcc/arm-none-eabi/14.3.1/thumb/v7e-m+fp/hard/crtbegin.o
 *(.init)
 .init          0x0800405c        0x4 /opt/ST/STM32CubeCLT_1.21.0/GNU-tools-for-STM32/bin/../lib/gcc/arm-none-eabi/14.3.1/thumb/v7e-m+fp/hard/crti.o
                0x0800405c                _init
 .init          0x08004060        0x8 /opt/ST/STM32CubeCLT_1.21.0/GNU-tools-for-STM32/bin/../lib/gcc/arm-none-eabi/14.3.1/thumb/v7e-m+fp/hard/crtn.o
 *(.fini)
 .fini          0x08004068        0x4 /opt/ST/STM32CubeCLT_1.21.0/GNU-tools-for-STM32/bin/../lib/gcc/arm-none-eabi/14.3.1/thumb/v7e-m+fp/hard/crti.o
                0x08004068                _fini
 .fini          0x0800406c        0x8 /opt/ST/STM32CubeCLT_1.21.0/GNU-tools-for-STM32/bin/../lib/gcc/arm-none-eabi/14.3.1/thumb/v7e-m+fp/hard/crtn.o
                0x08004074                        . = ALIGN (0x4)
                0x08004074                        _etext = .

.vfp11_veneer   0x08004074        0x0
 .vfp11_veneer  0x08004074        0x0 linker stubs

.v4_bx          0x08004074        0x0
 .v4_bx         0x08004074        0x0 linker stubs

.iplt           0x08004074        0x0
 .iplt          0x08004074        0x0 /opt/ST/STM32CubeCLT_1.21.0/GNU-tools-for-STM32/bin/../lib/gcc/arm-none-eabi/14.3.1/thumb/v7e-m+fp/hard/crtbegin.o

.rodata         0x08004074      0x598
                0x08004074                        . = ALIGN (0x4)
 *(.rodata)
 .rodata        0x08004074        0x9 CMakeFiles/watch.dir/Middlewares/RTT/SEGGER_RTT.c.obj
 *fill*         0x0800407d        0x3 
 .rodata        0x08004080        0x7 CMakeFiles/watch.dir/Middlewares/RTT/SEGGER_RTT_printf.c.obj
 *fill*         0x08004087        0x1 
 .rodata        0x08004088      0x347 CMakeFiles/watch.dir/Middlewares/easylogger/src/elog.c.obj
 *fill*         0x080043cf        0x1 
 .rodata        0x080043d0       0xa7 CMakeFiles/watch.dir/Middlewares/easylogger/src/elog_utils.c.obj
 *fill*         0x08004477        0x1 
 .rodata        0x08004478        0x5 CMakeFiles/watch.dir/Middlewares/easylogger/port/elog_port.c.obj
 *fill*         0x0800447d        0x3 
 .rodata        0x08004480       0x95 CMakeFiles/watch.dir/Core/Src/main.c.obj
 *(.rodata*)
 *fill*         0x08004515        0x3 
 .rodata.APBAHBPrescTable
                0x08004518       0x10 cmake/stm32cubemx/CMakeFiles/STM32_StdPeriph.dir/__/__/Drivers/STM32F4xx_StdPeriph_Driver/src/stm32f4xx_rcc.c.obj
 .rodata._aInitStr.0
                0x08004528       0x11 CMakeFiles/watch.dir/Middlewares/RTT/SEGGER_RTT.c.obj
 *fill*         0x08004539        0x3 
 .rodata._aV2C.0
                0x0800453c       0x10 CMakeFiles/watch.dir/Middlewares/RTT/SEGGER_RTT_printf.c.obj
 .rodata.__FUNCTION__.10
                0x0800454c        0xb CMakeFiles/watch.dir/Middlewares/easylogger/src/elog.c.obj
 *fill*         0x08004557        0x1 
 .rodata.__FUNCTION__.9
                0x08004558       0x18 CMakeFiles/watch.dir/Middlewares/easylogger/src/elog.c.obj
 .rodata.__FUNCTION__.8
                0x08004570        0xd CMakeFiles/watch.dir/Middlewares/easylogger/src/elog.c.obj
 *fill*         0x0800457d        0x3 
 .rodata.__FUNCTION__.6
                0x08004580       0x14 CMakeFiles/watch.dir/Middlewares/easylogger/src/elog.c.obj
 .rodata.__FUNCTION__.4
                0x08004594       0x18 CMakeFiles/watch.dir/Middlewares/easylogger/src/elog.c.obj
 .rodata.__FUNCTION__.3
                0x080045ac        0xc CMakeFiles/watch.dir/Middlewares/easylogger/src/elog.c.obj
 .rodata.__FUNCTION__.2
                0x080045b8       0x10 CMakeFiles/watch.dir/Middlewares/easylogger/src/elog.c.obj
 .rodata.__FUNCTION__.2
                0x080045c8        0xc CMakeFiles/watch.dir/Middlewares/easylogger/src/elog_utils.c.obj
 .rodata.__FUNCTION__.0
                0x080045d4        0x5 CMakeFiles/watch.dir/Core/Src/main.c.obj
 .rodata._svfprintf_r.str1.1
                0x080045d9       0x33 /opt/ST/STM32CubeCLT_1.21.0/GNU-tools-for-STM32/bin/../lib/gcc/arm-none-eabi/14.3.1/../../../../arm-none-eabi/lib/thumb/v7e-m+fp/hard/libg_nano.a(libc_a-nano-svfprintf.o)
                                 0x11 (size before relaxing)
 .rodata._vfprintf_r.str1.1
                0x0800460c       0x11 /opt/ST/STM32CubeCLT_1.21.0/GNU-tools-for-STM32/bin/../lib/gcc/arm-none-eabi/14.3.1/../../../../arm-none-eabi/lib/thumb/v7e-m+fp/hard/libg_nano.a(libc_a-nano-vfprintf.o)
 .rodata._printf_i.str1.1
                0x0800460c       0x22 /opt/ST/STM32CubeCLT_1.21.0/GNU-tools-for-STM32/bin/../lib/gcc/arm-none-eabi/14.3.1/../../../../arm-none-eabi/lib/thumb/v7e-m+fp/hard/libg_nano.a(libc_a-nano-vfprintf_i.o)
                0x08004630                        . = ALIGN (0x4)

.ARM.extab      0x0800460c        0x0
                0x0800460c                        . = ALIGN (0x4)
 *(.ARM.extab* .gnu.linkonce.armextab.*)
                0x0800460c                        . = ALIGN (0x4)

.ARM            0x0800460c        0x8
                0x0800460c                        . = ALIGN (0x4)
                0x0800460c                        __exidx_start = .
 *(.ARM.exidx*)
 .ARM.exidx     0x0800460c        0x8 /opt/ST/STM32CubeCLT_1.21.0/GNU-tools-for-STM32/bin/../lib/gcc/arm-none-eabi/14.3.1/../../../../arm-none-eabi/lib/thumb/v7e-m+fp/hard/libg_nano.a(libc_a-memchr.o)
 .ARM.exidx     0x08004614        0x0 /opt/ST/STM32CubeCLT_1.21.0/GNU-tools-for-STM32/bin/../lib/gcc/arm-none-eabi/14.3.1/../../../../arm-none-eabi/lib/thumb/v7e-m+fp/hard/libg_nano.a(libc_a-strlen.o)
                                  0x8 (size before relaxing)
                0x08004614                        __exidx_end = .
                0x08004614                        . = ALIGN (0x4)

.preinit_array  0x08004614        0x0
                0x08004614                        . = ALIGN (0x4)
                0x08004614                        PROVIDE (__preinit_array_start = .)
 *(.preinit_array*)
                0x08004614                        PROVIDE (__preinit_array_end = .)
                0x08004614                        . = ALIGN (0x4)

.init_array     0x08004614        0x4
                0x08004614                        . = ALIGN (0x4)
                0x08004614                        PROVIDE (__init_array_start = .)
 *(SORT_BY_NAME(.init_array.*))
 *(.init_array*)
 .init_array    0x08004614        0x4 /opt/ST/STM32CubeCLT_1.21.0/GNU-tools-for-STM32/bin/../lib/gcc/arm-none-eabi/14.3.1/thumb/v7e-m+fp/hard/crtbegin.o
                0x08004618                        PROVIDE (__init_array_end = .)
                0x08004618                        . = ALIGN (0x4)

.fini_array     0x08004618        0x4
                0x08004618                        . = ALIGN (0x4)
                [!provide]                        PROVIDE (__fini_array_start = .)
 *(SORT_BY_NAME(.fini_array.*))
 *(.fini_array*)
 .fini_array    0x08004618        0x4 /opt/ST/STM32CubeCLT_1.21.0/GNU-tools-for-STM32/bin/../lib/gcc/arm-none-eabi/14.3.1/thumb/v7e-m+fp/hard/crtbegin.o
                [!provide]                        PROVIDE (__fini_array_end = .)
                0x0800461c                        . = ALIGN (0x4)
                0x0800461c                        _sidata = LOADADDR (.data)

.rel.dyn        0x0800461c        0x0
 .rel.iplt      0x0800461c        0x0 /opt/ST/STM32CubeCLT_1.21.0/GNU-tools-for-STM32/bin/../lib/gcc/arm-none-eabi/14.3.1/thumb/v7e-m+fp/hard/crtbegin.o

.data           0x20000000       0x8c load address 0x0800461c
                0x20000000                        . = ALIGN (0x4)
                0x20000000                        _sdata = .
 *(.data)
 *(.data*)
 .data.level_output_info
                0x20000000       0x18 CMakeFiles/watch.dir/Middlewares/easylogger/src/elog.c.obj
 .data.color_output_info
                0x20000018       0x18 CMakeFiles/watch.dir/Middlewares/easylogger/src/elog.c.obj
 .data.__sglue  0x20000030        0xc /opt/ST/STM32CubeCLT_1.21.0/GNU-tools-for-STM32/bin/../lib/gcc/arm-none-eabi/14.3.1/../../../../arm-none-eabi/lib/thumb/v7e-m+fp/hard/libg_nano.a(libc_a-findfp.o)
                0x20000030                __sglue
 .data._impure_ptr
                0x2000003c        0x4 /opt/ST/STM32CubeCLT_1.21.0/GNU-tools-for-STM32/bin/../lib/gcc/arm-none-eabi/14.3.1/../../../../arm-none-eabi/lib/thumb/v7e-m+fp/hard/libg_nano.a(libc_a-impure.o)
                0x2000003c                _impure_ptr
 .data._impure_data
                0x20000040       0x4c /opt/ST/STM32CubeCLT_1.21.0/GNU-tools-for-STM32/bin/../lib/gcc/arm-none-eabi/14.3.1/../../../../arm-none-eabi/lib/thumb/v7e-m+fp/hard/libg_nano.a(libc_a-impure.o)
                0x20000040                _impure_data
 *(.RamFunc)
 *(.RamFunc*)
                0x2000008c                        . = ALIGN (0x4)

.igot.plt       0x2000008c        0x0 load address 0x080046a8
 .igot.plt      0x2000008c        0x0 /opt/ST/STM32CubeCLT_1.21.0/GNU-tools-for-STM32/bin/../lib/gcc/arm-none-eabi/14.3.1/thumb/v7e-m+fp/hard/crtbegin.o

.tdata          0x2000008c        0x0 load address 0x080046a8
 *(.tdata .tdata.* .gnu.linkonce.td.*)
                0x2000008c                        . = ALIGN (0x4)
                0x2000008c                        _edata = .
                [!provide]                        PROVIDE (__data_end = .)
                [!provide]                        PROVIDE (__tdata_end = .)
                [!provide]                        PROVIDE (__tdata_start = ADDR (.tdata))
                [!provide]                        PROVIDE (__tdata_size = (__tdata_end - __tdata_start))
                [!provide]                        PROVIDE (__data_start = ADDR (.data))
                [!provide]                        PROVIDE (__data_size = (__data_end - __data_start))
                [!provide]                        PROVIDE (__tdata_source = LOADADDR (.tdata))
                [!provide]                        PROVIDE (__tdata_source_end = (LOADADDR (.tdata) + SIZEOF (.tdata)))
                [!provide]                        PROVIDE (__tdata_source_size = (__tdata_source_end - __tdata_source))
                [!provide]                        PROVIDE (__data_source = LOADADDR (.data))
                [!provide]                        PROVIDE (__data_source_end = __tdata_source_end)
                [!provide]                        PROVIDE (__data_source_size = (__data_source_end - __data_source))

.tbss           0x2000008c        0x0 load address 0x080046a8
                0x2000008c                        _sbss = .
                0x2000008c                        __bss_start__ = _sbss
 *(.tbss .tbss.*)
                0x2000008c                        . = ALIGN (0x4)
                [!provide]                        PROVIDE (__tbss_end = .)
                [!provide]                        PROVIDE (__tbss_start = ADDR (.tbss))
                [!provide]                        PROVIDE (__tbss_size = (__tbss_end - __tbss_start))
                [!provide]                        PROVIDE (__tbss_offset = (ADDR (.tbss) - ADDR (.tdata)))
                [!provide]                        PROVIDE (__tls_base = __tdata_start)
                [!provide]                        PROVIDE (__tls_end = __tbss_end)
                [!provide]                        PROVIDE (__tls_size = (__tls_end - __tls_base))
                [!provide]                        PROVIDE (__tls_align = MAX (ALIGNOF (.tdata), ALIGNOF (.tbss)))
                [!provide]                        PROVIDE (__tls_size_align = (((__tls_size + __tls_align) - 0x1) & ~ ((__tls_align - 0x1))))
                [!provide]                        PROVIDE (__arm32_tls_tcb_offset = MAX (0x8, __tls_align))
                [!provide]                        PROVIDE (__arm64_tls_tcb_offset = MAX (0x10, __tls_align))

.bss            0x2000008c      0xbc4 load address 0x080046a8
 *(.bss)
 .bss           0x2000008c       0x1c /opt/ST/STM32CubeCLT_1.21.0/GNU-tools-for-STM32/bin/../lib/gcc/arm-none-eabi/14.3.1/thumb/v7e-m+fp/hard/crtbegin.o
 *(.bss*)
 .bss.pxCurrentTCB
                0x200000a8        0x4 cmake/stm32cubemx/CMakeFiles/FreeRTOS_lib.dir/__/__/OS/src/tasks.c.obj
                0x200000a8                pxCurrentTCB
 .bss.pxReadyTasksLists
                0x200000ac       0x64 cmake/stm32cubemx/CMakeFiles/FreeRTOS_lib.dir/__/__/OS/src/tasks.c.obj
 .bss.pxDelayedTaskList
                0x20000110        0x4 cmake/stm32cubemx/CMakeFiles/FreeRTOS_lib.dir/__/__/OS/src/tasks.c.obj
 .bss.pxOverflowDelayedTaskList
                0x20000114        0x4 cmake/stm32cubemx/CMakeFiles/FreeRTOS_lib.dir/__/__/OS/src/tasks.c.obj
 .bss.xTickCount
                0x20000118        0x4 cmake/stm32cubemx/CMakeFiles/FreeRTOS_lib.dir/__/__/OS/src/tasks.c.obj
 .bss.uxTopReadyPriority
                0x2000011c        0x4 cmake/stm32cubemx/CMakeFiles/FreeRTOS_lib.dir/__/__/OS/src/tasks.c.obj
 .bss.xPendedTicks
                0x20000120        0x4 cmake/stm32cubemx/CMakeFiles/FreeRTOS_lib.dir/__/__/OS/src/tasks.c.obj
 .bss.xYieldPendings
                0x20000124        0x4 cmake/stm32cubemx/CMakeFiles/FreeRTOS_lib.dir/__/__/OS/src/tasks.c.obj
 .bss.xNumOfOverflows
                0x20000128        0x4 cmake/stm32cubemx/CMakeFiles/FreeRTOS_lib.dir/__/__/OS/src/tasks.c.obj
 .bss.xNextTaskUnblockTime
                0x2000012c        0x4 cmake/stm32cubemx/CMakeFiles/FreeRTOS_lib.dir/__/__/OS/src/tasks.c.obj
 .bss.uxSchedulerSuspended
                0x20000130        0x4 cmake/stm32cubemx/CMakeFiles/FreeRTOS_lib.dir/__/__/OS/src/tasks.c.obj
 .bss._SEGGER_RTT
                0x20000134       0xa8 CMakeFiles/watch.dir/Middlewares/RTT/SEGGER_RTT.c.obj
                0x20000134                _SEGGER_RTT
 .bss._acUpBuffer
                0x200001dc      0x400 CMakeFiles/watch.dir/Middlewares/RTT/SEGGER_RTT.c.obj
 .bss._acDownBuffer
                0x200005dc       0x10 CMakeFiles/watch.dir/Middlewares/RTT/SEGGER_RTT.c.obj
 .bss.elog      0x200005ec       0xf8 CMakeFiles/watch.dir/Middlewares/easylogger/src/elog.c.obj
 .bss.log_buf   0x200006e4      0x400 CMakeFiles/watch.dir/Middlewares/easylogger/src/elog.c.obj
 .bss.elog_assert_hook
                0x20000ae4        0x4 CMakeFiles/watch.dir/Middlewares/easylogger/src/elog.c.obj
                0x20000ae4                elog_assert_hook
 .bss.uwTimingDelay
                0x20000ae8        0x4 CMakeFiles/watch.dir/Core/Src/main.c.obj
 .bss.RCC_Clocks
                0x20000aec       0x10 CMakeFiles/watch.dir/Core/Src/main.c.obj
                0x20000aec                RCC_Clocks
 .bss.g_freertos_started
                0x20000afc        0x1 CMakeFiles/watch.dir/Core/Src/main.c.obj
                0x20000afc                g_freertos_started
 *fill*         0x20000afd        0x3 
 .bss.__sbrk_heap_end
                0x20000b00        0x4 CMakeFiles/watch.dir/Core/Src/sysmem.c.obj
 .bss.__sf      0x20000b04      0x138 /opt/ST/STM32CubeCLT_1.21.0/GNU-tools-for-STM32/bin/../lib/gcc/arm-none-eabi/14.3.1/../../../../arm-none-eabi/lib/thumb/v7e-m+fp/hard/libg_nano.a(libc_a-findfp.o)
                0x20000b04                __sf
 .bss.__stdio_exit_handler
                0x20000c3c        0x4 /opt/ST/STM32CubeCLT_1.21.0/GNU-tools-for-STM32/bin/../lib/gcc/arm-none-eabi/14.3.1/../../../../arm-none-eabi/lib/thumb/v7e-m+fp/hard/libg_nano.a(libc_a-findfp.o)
                0x20000c3c                __stdio_exit_handler
 .bss.__lock___malloc_recursive_mutex
                0x20000c40        0x1 /opt/ST/STM32CubeCLT_1.21.0/GNU-tools-for-STM32/bin/../lib/gcc/arm-none-eabi/14.3.1/../../../../arm-none-eabi/lib/thumb/v7e-m+fp/hard/libg_nano.a(libc_a-lock.o)
                0x20000c40                __lock___malloc_recursive_mutex
 .bss.__lock___sfp_recursive_mutex
                0x20000c41        0x1 /opt/ST/STM32CubeCLT_1.21.0/GNU-tools-for-STM32/bin/../lib/gcc/arm-none-eabi/14.3.1/../../../../arm-none-eabi/lib/thumb/v7e-m+fp/hard/libg_nano.a(libc_a-lock.o)
                0x20000c41                __lock___sfp_recursive_mutex
 *fill*         0x20000c42        0x2 
 .bss.__malloc_sbrk_start
                0x20000c44        0x4 /opt/ST/STM32CubeCLT_1.21.0/GNU-tools-for-STM32/bin/../lib/gcc/arm-none-eabi/14.3.1/../../../../arm-none-eabi/lib/thumb/v7e-m+fp/hard/libg_nano.a(libc_a-mallocr.o)
                0x20000c44                __malloc_sbrk_start
 .bss.__malloc_free_list
                0x20000c48        0x4 /opt/ST/STM32CubeCLT_1.21.0/GNU-tools-for-STM32/bin/../lib/gcc/arm-none-eabi/14.3.1/../../../../arm-none-eabi/lib/thumb/v7e-m+fp/hard/libg_nano.a(libc_a-mallocr.o)
                0x20000c48                __malloc_free_list
 .bss.errno     0x20000c4c        0x4 /opt/ST/STM32CubeCLT_1.21.0/GNU-tools-for-STM32/bin/../lib/gcc/arm-none-eabi/14.3.1/../../../../arm-none-eabi/lib/thumb/v7e-m+fp/hard/libg_nano.a(libc_a-reent.o)
                0x20000c4c                errno
 *(COMMON)
                0x20000c50                        . = ALIGN (0x4)
                0x20000c50                        _ebss = .
                0x20000c50                        __bss_end__ = _ebss
                [!provide]                        PROVIDE (__bss_end = .)
                [!provide]                        PROVIDE (__non_tls_bss_start = ADDR (.bss))
                [!provide]                        PROVIDE (__bss_start = __tbss_start)
                [!provide]                        PROVIDE (__bss_size = (__bss_end - __bss_start))

._user_heap_stack
                0x20000c50      0x600 load address 0x080046a8
                0x20000c50                        . = ALIGN (0x8)
                [!provide]                        PROVIDE (end = .)
                0x20000c50                        PROVIDE (_end = .)
                0x20000e50                        . = (. + _Min_Heap_Size)
 *fill*         0x20000c50      0x200 
                0x20001250                        . = (. + _Min_Stack_Size)
 *fill*         0x20000e50      0x400 
                0x20001250                        . = ALIGN (0x8)

/DISCARD/
 libc.a:*(*)
 libm.a:*(*)
 libgcc.a:*(*)
OUTPUT(watch.elf elf32-littlearm)
LOAD linker stubs

.ARM.attributes
                0x00000000       0x30
 .ARM.attributes
                0x00000000       0x22 /opt/ST/STM32CubeCLT_1.21.0/GNU-tools-for-STM32/bin/../lib/gcc/arm-none-eabi/14.3.1/thumb/v7e-m+fp/hard/crti.o
 .ARM.attributes
                0x00000022       0x34 /opt/ST/STM32CubeCLT_1.21.0/GNU-tools-for-STM32/bin/../lib/gcc/arm-none-eabi/14.3.1/thumb/v7e-m+fp/hard/crtbegin.o
 .ARM.attributes
                0x00000056       0x21 cmake/stm32cubemx/CMakeFiles/STM32_StdPeriph.dir/__/__/startup_stm32f411xe.s.obj
 .ARM.attributes
                0x00000077       0x34 cmake/stm32cubemx/CMakeFiles/STM32_StdPeriph.dir/__/__/Drivers/stm32f4xx_it.c.obj
 .ARM.attributes
                0x000000ab       0x34 cmake/stm32cubemx/CMakeFiles/STM32_StdPeriph.dir/__/__/Drivers/system_stm32f4xx.c.obj
 .ARM.attributes
                0x000000df       0x34 cmake/stm32cubemx/CMakeFiles/STM32_StdPeriph.dir/__/__/Drivers/STM32F4xx_StdPeriph_Driver/src/misc.c.obj
 .ARM.attributes
                0x00000113       0x34 cmake/stm32cubemx/CMakeFiles/STM32_StdPeriph.dir/__/__/Drivers/STM32F4xx_StdPeriph_Driver/src/stm32f4xx_rcc.c.obj
 .ARM.attributes
                0x00000147       0x34 cmake/stm32cubemx/CMakeFiles/STM32_StdPeriph.dir/__/__/Drivers/STM32F4xx_StdPeriph_Driver/src/stm32f4xx_gpio.c.obj
 .ARM.attributes
                0x0000017b       0x34 cmake/stm32cubemx/CMakeFiles/STM32_StdPeriph.dir/__/__/Drivers/STM32F4xx_StdPeriph_Driver/src/stm32f4xx_usart.c.obj
 .ARM.attributes
                0x000001af       0x34 cmake/stm32cubemx/CMakeFiles/FreeRTOS_lib.dir/__/__/OS/port/port.c.obj
 .ARM.attributes
                0x000001e3       0x34 cmake/stm32cubemx/CMakeFiles/FreeRTOS_lib.dir/__/__/OS/src/tasks.c.obj
 .ARM.attributes
                0x00000217       0x34 CMakeFiles/watch.dir/Middlewares/RTT/SEGGER_RTT.c.obj
 .ARM.attributes
                0x0000024b       0x34 CMakeFiles/watch.dir/Middlewares/RTT/SEGGER_RTT_printf.c.obj
 .ARM.attributes
                0x0000027f       0x34 CMakeFiles/watch.dir/Middlewares/easylogger/src/elog.c.obj
 .ARM.attributes
                0x000002b3       0x34 CMakeFiles/watch.dir/Middlewares/easylogger/src/elog_utils.c.obj
 .ARM.attributes
                0x000002e7       0x34 CMakeFiles/watch.dir/Middlewares/easylogger/port/elog_port.c.obj
 .ARM.attributes
                0x0000031b       0x34 CMakeFiles/watch.dir/Core/Src/main.c.obj
 .ARM.attributes
                0x0000034f       0x34 CMakeFiles/watch.dir/Core/Src/syscalls.c.obj
 .ARM.attributes
                0x00000383       0x34 CMakeFiles/watch.dir/Core/Src/sysmem.c.obj
 .ARM.attributes
                0x000003b7       0x34 CMakeFiles/watch.dir/Core/Src/usart.c.obj
 .ARM.attributes
                0x000003eb       0x22 /opt/ST/STM32CubeCLT_1.21.0/GNU-tools-for-STM32/bin/../lib/gcc/arm-none-eabi/14.3.1/thumb/v7e-m+fp/hard/libgcc.a(_arm_truncdfsf2.o)
 .ARM.attributes
                0x0000040d       0x34 /opt/ST/STM32CubeCLT_1.21.0/GNU-tools-for-STM32/bin/../lib/gcc/arm-none-eabi/14.3.1/../../../../arm-none-eabi/lib/thumb/v7e-m+fp/hard/libg_nano.a(libc_a-snprintf.o)
 .ARM.attributes
                0x00000441       0x34 /opt/ST/STM32CubeCLT_1.21.0/GNU-tools-for-STM32/bin/../lib/gcc/arm-none-eabi/14.3.1/../../../../arm-none-eabi/lib/thumb/v7e-m+fp/hard/libg_nano.a(libc_a-findfp.o)
 .ARM.attributes
                0x00000475       0x34 /opt/ST/STM32CubeCLT_1.21.0/GNU-tools-for-STM32/bin/../lib/gcc/arm-none-eabi/14.3.1/../../../../arm-none-eabi/lib/thumb/v7e-m+fp/hard/libg_nano.a(libc_a-vsnprintf.o)
 .ARM.attributes
                0x000004a9       0x34 /opt/ST/STM32CubeCLT_1.21.0/GNU-tools-for-STM32/bin/../lib/gcc/arm-none-eabi/14.3.1/../../../../arm-none-eabi/lib/thumb/v7e-m+fp/hard/libg_nano.a(libc_a-fwalk.o)
 .ARM.attributes
                0x000004dd       0x34 /opt/ST/STM32CubeCLT_1.21.0/GNU-tools-for-STM32/bin/../lib/gcc/arm-none-eabi/14.3.1/../../../../arm-none-eabi/lib/thumb/v7e-m+fp/hard/libg_nano.a(libc_a-printf.o)
 .ARM.attributes
                0x00000511       0x34 /opt/ST/STM32CubeCLT_1.21.0/GNU-tools-for-STM32/bin/../lib/gcc/arm-none-eabi/14.3.1/../../../../arm-none-eabi/lib/thumb/v7e-m+fp/hard/libg_nano.a(libc_a-puts.o)
 .ARM.attributes
                0x00000545       0x34 /opt/ST/STM32CubeCLT_1.21.0/GNU-tools-for-STM32/bin/../lib/gcc/arm-none-eabi/14.3.1/../../../../arm-none-eabi/lib/thumb/v7e-m+fp/hard/libg_nano.a(libc_a-memset.o)
 .ARM.attributes
                0x00000579       0x34 /opt/ST/STM32CubeCLT_1.21.0/GNU-tools-for-STM32/bin/../lib/gcc/arm-none-eabi/14.3.1/../../../../arm-none-eabi/lib/thumb/v7e-m+fp/hard/libg_nano.a(libc_a-strncmp.o)
 .ARM.attributes
                0x000005ad       0x34 /opt/ST/STM32CubeCLT_1.21.0/GNU-tools-for-STM32/bin/../lib/gcc/arm-none-eabi/14.3.1/../../../../arm-none-eabi/lib/thumb/v7e-m+fp/hard/libg_nano.a(libc_a-strstr.o)
 .ARM.attributes
                0x000005e1       0x34 /opt/ST/STM32CubeCLT_1.21.0/GNU-tools-for-STM32/bin/../lib/gcc/arm-none-eabi/14.3.1/../../../../arm-none-eabi/lib/thumb/v7e-m+fp/hard/libg_nano.a(libc_a-errno.o)
 .ARM.attributes
                0x00000615       0x34 /opt/ST/STM32CubeCLT_1.21.0/GNU-tools-for-STM32/bin/../lib/gcc/arm-none-eabi/14.3.1/../../../../arm-none-eabi/lib/thumb/v7e-m+fp/hard/libg_nano.a(libc_a-init.o)
 .ARM.attributes
                0x00000649       0x34 /opt/ST/STM32CubeCLT_1.21.0/GNU-tools-for-STM32/bin/../lib/gcc/arm-none-eabi/14.3.1/../../../../arm-none-eabi/lib/thumb/v7e-m+fp/hard/libg_nano.a(libc_a-lock.o)
 .ARM.attributes
                0x0000067d       0x34 /opt/ST/STM32CubeCLT_1.21.0/GNU-tools-for-STM32/bin/../lib/gcc/arm-none-eabi/14.3.1/../../../../arm-none-eabi/lib/thumb/v7e-m+fp/hard/libg_nano.a(libc_a-impure.o)
 .ARM.attributes
                0x000006b1       0x1c /opt/ST/STM32CubeCLT_1.21.0/GNU-tools-for-STM32/bin/../lib/gcc/arm-none-eabi/14.3.1/../../../../arm-none-eabi/lib/thumb/v7e-m+fp/hard/libg_nano.a(libc_a-memchr.o)
 .ARM.attributes
                0x000006cd       0x34 /opt/ST/STM32CubeCLT_1.21.0/GNU-tools-for-STM32/bin/../lib/gcc/arm-none-eabi/14.3.1/../../../../arm-none-eabi/lib/thumb/v7e-m+fp/hard/libg_nano.a(libc_a-memcpy-stub.o)
 .ARM.attributes
                0x00000701       0x17 /opt/ST/STM32CubeCLT_1.21.0/GNU-tools-for-STM32/bin/../lib/gcc/arm-none-eabi/14.3.1/../../../../arm-none-eabi/lib/thumb/v7e-m+fp/hard/libg_nano.a(libc_a-strlen.o)
 .ARM.attributes
                0x00000718       0x34 /opt/ST/STM32CubeCLT_1.21.0/GNU-tools-for-STM32/bin/../lib/gcc/arm-none-eabi/14.3.1/../../../../arm-none-eabi/lib/thumb/v7e-m+fp/hard/libg_nano.a(libc_a-nano-svfprintf.o)
 .ARM.attributes
                0x0000074c       0x34 /opt/ST/STM32CubeCLT_1.21.0/GNU-tools-for-STM32/bin/../lib/gcc/arm-none-eabi/14.3.1/../../../../arm-none-eabi/lib/thumb/v7e-m+fp/hard/libg_nano.a(libc_a-nano-vfprintf.o)
 .ARM.attributes
                0x00000780       0x34 /opt/ST/STM32CubeCLT_1.21.0/GNU-tools-for-STM32/bin/../lib/gcc/arm-none-eabi/14.3.1/../../../../arm-none-eabi/lib/thumb/v7e-m+fp/hard/libg_nano.a(libc_a-mallocr.o)
 .ARM.attributes
                0x000007b4       0x34 /opt/ST/STM32CubeCLT_1.21.0/GNU-tools-for-STM32/bin/../lib/gcc/arm-none-eabi/14.3.1/../../../../arm-none-eabi/lib/thumb/v7e-m+fp/hard/libg_nano.a(libc_a-nano-vfprintf_i.o)
 .ARM.attributes
                0x000007e8       0x34 /opt/ST/STM32CubeCLT_1.21.0/GNU-tools-for-STM32/bin/../lib/gcc/arm-none-eabi/14.3.1/../../../../arm-none-eabi/lib/thumb/v7e-m+fp/hard/libg_nano.a(libc_a-fflush.o)
 .ARM.attributes
                0x0000081c       0x34 /opt/ST/STM32CubeCLT_1.21.0/GNU-tools-for-STM32/bin/../lib/gcc/arm-none-eabi/14.3.1/../../../../arm-none-eabi/lib/thumb/v7e-m+fp/hard/libg_nano.a(libc_a-mlock.o)
 .ARM.attributes
                0x00000850       0x34 /opt/ST/STM32CubeCLT_1.21.0/GNU-tools-for-STM32/bin/../lib/gcc/arm-none-eabi/14.3.1/../../../../arm-none-eabi/lib/thumb/v7e-m+fp/hard/libg_nano.a(libc_a-stdio.o)
 .ARM.attributes
                0x00000884       0x34 /opt/ST/STM32CubeCLT_1.21.0/GNU-tools-for-STM32/bin/../lib/gcc/arm-none-eabi/14.3.1/../../../../arm-none-eabi/lib/thumb/v7e-m+fp/hard/libg_nano.a(libc_a-reallocr.o)
 .ARM.attributes
                0x000008b8       0x34 /opt/ST/STM32CubeCLT_1.21.0/GNU-tools-for-STM32/bin/../lib/gcc/arm-none-eabi/14.3.1/../../../../arm-none-eabi/lib/thumb/v7e-m+fp/hard/libg_nano.a(libc_a-wbuf.o)
 .ARM.attributes
                0x000008ec       0x34 /opt/ST/STM32CubeCLT_1.21.0/GNU-tools-for-STM32/bin/../lib/gcc/arm-none-eabi/14.3.1/../../../../arm-none-eabi/lib/thumb/v7e-m+fp/hard/libg_nano.a(libc_a-wsetup.o)
 .ARM.attributes
                0x00000920       0x34 /opt/ST/STM32CubeCLT_1.21.0/GNU-tools-for-STM32/bin/../lib/gcc/arm-none-eabi/14.3.1/../../../../arm-none-eabi/lib/thumb/v7e-m+fp/hard/libg_nano.a(libc_a-makebuf.o)
 .ARM.attributes
                0x00000954       0x34 /opt/ST/STM32CubeCLT_1.21.0/GNU-tools-for-STM32/bin/../lib/gcc/arm-none-eabi/14.3.1/../../../../arm-none-eabi/lib/thumb/v7e-m+fp/hard/libg_nano.a(libc_a-memmove.o)
 .ARM.attributes
                0x00000988       0x34 /opt/ST/STM32CubeCLT_1.21.0/GNU-tools-for-STM32/bin/../lib/gcc/arm-none-eabi/14.3.1/../../../../arm-none-eabi/lib/thumb/v7e-m+fp/hard/libg_nano.a(libc_a-isattyr.o)
 .ARM.attributes
                0x000009bc       0x34 /opt/ST/STM32CubeCLT_1.21.0/GNU-tools-for-STM32/bin/../lib/gcc/arm-none-eabi/14.3.1/../../../../arm-none-eabi/lib/thumb/v7e-m+fp/hard/libg_nano.a(libc_a-lseekr.o)
 .ARM.attributes
                0x000009f0       0x34 /opt/ST/STM32CubeCLT_1.21.0/GNU-tools-for-STM32/bin/../lib/gcc/arm-none-eabi/14.3.1/../../../../arm-none-eabi/lib/thumb/v7e-m+fp/hard/libg_nano.a(libc_a-readr.o)
 .ARM.attributes
                0x00000a24       0x34 /opt/ST/STM32CubeCLT_1.21.0/GNU-tools-for-STM32/bin/../lib/gcc/arm-none-eabi/14.3.1/../../../../arm-none-eabi/lib/thumb/v7e-m+fp/hard/libg_nano.a(libc_a-sbrkr.o)
 .ARM.attributes
                0x00000a58       0x34 /opt/ST/STM32CubeCLT_1.21.0/GNU-tools-for-STM32/bin/../lib/gcc/arm-none-eabi/14.3.1/../../../../arm-none-eabi/lib/thumb/v7e-m+fp/hard/libg_nano.a(libc_a-writer.o)
 .ARM.attributes
                0x00000a8c       0x34 /opt/ST/STM32CubeCLT_1.21.0/GNU-tools-for-STM32/bin/../lib/gcc/arm-none-eabi/14.3.1/../../../../arm-none-eabi/lib/thumb/v7e-m+fp/hard/libg_nano.a(libc_a-closer.o)
 .ARM.attributes
                0x00000ac0       0x34 /opt/ST/STM32CubeCLT_1.21.0/GNU-tools-for-STM32/bin/../lib/gcc/arm-none-eabi/14.3.1/../../../../arm-none-eabi/lib/thumb/v7e-m+fp/hard/libg_nano.a(libc_a-reent.o)
 .ARM.attributes
                0x00000af4       0x34 /opt/ST/STM32CubeCLT_1.21.0/GNU-tools-for-STM32/bin/../lib/gcc/arm-none-eabi/14.3.1/../../../../arm-none-eabi/lib/thumb/v7e-m+fp/hard/libg_nano.a(libc_a-fstatr.o)
 .ARM.attributes
                0x00000b28       0x34 /opt/ST/STM32CubeCLT_1.21.0/GNU-tools-for-STM32/bin/../lib/gcc/arm-none-eabi/14.3.1/../../../../arm-none-eabi/lib/thumb/v7e-m+fp/hard/libg_nano.a(libc_a-freer.o)
 .ARM.attributes
                0x00000b5c       0x34 /opt/ST/STM32CubeCLT_1.21.0/GNU-tools-for-STM32/bin/../lib/gcc/arm-none-eabi/14.3.1/../../../../arm-none-eabi/lib/thumb/v7e-m+fp/hard/libg_nano.a(libc_a-msizer.o)
 .ARM.attributes
                0x00000b90       0x22 /opt/ST/STM32CubeCLT_1.21.0/GNU-tools-for-STM32/bin/../lib/gcc/arm-none-eabi/14.3.1/thumb/v7e-m+fp/hard/crtn.o

.comment        0x00000000       0x43
 .comment       0x00000000       0x43 cmake/stm32cubemx/CMakeFiles/STM32_StdPeriph.dir/__/__/Drivers/stm32f4xx_it.c.obj
                                 0x44 (size before relaxing)
 .comment       0x00000043       0x44 cmake/stm32cubemx/CMakeFiles/STM32_StdPeriph.dir/__/__/Drivers/system_stm32f4xx.c.obj
 .comment       0x00000043       0x44 cmake/stm32cubemx/CMakeFiles/STM32_StdPeriph.dir/__/__/Drivers/STM32F4xx_StdPeriph_Driver/src/misc.c.obj
 .comment       0x00000043       0x44 cmake/stm32cubemx/CMakeFiles/STM32_StdPeriph.dir/__/__/Drivers/STM32F4xx_StdPeriph_Driver/src/stm32f4xx_rcc.c.obj
 .comment       0x00000043       0x44 cmake/stm32cubemx/CMakeFiles/STM32_StdPeriph.dir/__/__/Drivers/STM32F4xx_StdPeriph_Driver/src/stm32f4xx_gpio.c.obj
 .comment       0x00000043       0x44 cmake/stm32cubemx/CMakeFiles/STM32_StdPeriph.dir/__/__/Drivers/STM32F4xx_StdPeriph_Driver/src/stm32f4xx_usart.c.obj
 .comment       0x00000043       0x44 cmake/stm32cubemx/CMakeFiles/FreeRTOS_lib.dir/__/__/OS/port/port.c.obj
 .comment       0x00000043       0x44 cmake/stm32cubemx/CMakeFiles/FreeRTOS_lib.dir/__/__/OS/src/tasks.c.obj
 .comment       0x00000043       0x44 CMakeFiles/watch.dir/Middlewares/RTT/SEGGER_RTT.c.obj
 .comment       0x00000043       0x44 CMakeFiles/watch.dir/Middlewares/RTT/SEGGER_RTT_printf.c.obj
 .comment       0x00000043       0x44 CMakeFiles/watch.dir/Middlewares/easylogger/src/elog.c.obj
 .comment       0x00000043       0x44 CMakeFiles/watch.dir/Middlewares/easylogger/src/elog_utils.c.obj
 .comment       0x00000043       0x44 CMakeFiles/watch.dir/Middlewares/easylogger/port/elog_port.c.obj
 .comment       0x00000043       0x44 CMakeFiles/watch.dir/Core/Src/main.c.obj
 .comment       0x00000043       0x44 CMakeFiles/watch.dir/Core/Src/syscalls.c.obj
 .comment       0x00000043       0x44 CMakeFiles/watch.dir/Core/Src/sysmem.c.obj
 .comment       0x00000043       0x44 CMakeFiles/watch.dir/Core/Src/usart.c.obj
 .comment       0x00000043       0x44 /opt/ST/STM32CubeCLT_1.21.0/GNU-tools-for-STM32/bin/../lib/gcc/arm-none-eabi/14.3.1/../../../../arm-none-eabi/lib/thumb/v7e-m+fp/hard/libg_nano.a(libc_a-snprintf.o)
 .comment       0x00000043       0x44 /opt/ST/STM32CubeCLT_1.21.0/GNU-tools-for-STM32/bin/../lib/gcc/arm-none-eabi/14.3.1/../../../../arm-none-eabi/lib/thumb/v7e-m+fp/hard/libg_nano.a(libc_a-findfp.o)
 .comment       0x00000043       0x44 /opt/ST/STM32CubeCLT_1.21.0/GNU-tools-for-STM32/bin/../lib/gcc/arm-none-eabi/14.3.1/../../../../arm-none-eabi/lib/thumb/v7e-m+fp/hard/libg_nano.a(libc_a-vsnprintf.o)
 .comment       0x00000043       0x44 /opt/ST/STM32CubeCLT_1.21.0/GNU-tools-for-STM32/bin/../lib/gcc/arm-none-eabi/14.3.1/../../../../arm-none-eabi/lib/thumb/v7e-m+fp/hard/libg_nano.a(libc_a-fwalk.o)
 .comment       0x00000043       0x44 /opt/ST/STM32CubeCLT_1.21.0/GNU-tools-for-STM32/bin/../lib/gcc/arm-none-eabi/14.3.1/../../../../arm-none-eabi/lib/thumb/v7e-m+fp/hard/libg_nano.a(libc_a-printf.o)
 .comment       0x00000043       0x44 /opt/ST/STM32CubeCLT_1.21.0/GNU-tools-for-STM32/bin/../lib/gcc/arm-none-eabi/14.3.1/../../../../arm-none-eabi/lib/thumb/v7e-m+fp/hard/libg_nano.a(libc_a-puts.o)
 .comment       0x00000043       0x44 /opt/ST/STM32CubeCLT_1.21.0/GNU-tools-for-STM32/bin/../lib/gcc/arm-none-eabi/14.3.1/../../../../arm-none-eabi/lib/thumb/v7e-m+fp/hard/libg_nano.a(libc_a-memset.o)
 .comment       0x00000043       0x44 /opt/ST/STM32CubeCLT_1.21.0/GNU-tools-for-STM32/bin/../lib/gcc/arm-none-eabi/14.3.1/../../../../arm-none-eabi/lib/thumb/v7e-m+fp/hard/libg_nano.a(libc_a-strncmp.o)
 .comment       0x00000043       0x44 /opt/ST/STM32CubeCLT_1.21.0/GNU-tools-for-STM32/bin/../lib/gcc/arm-none-eabi/14.3.1/../../../../arm-none-eabi/lib/thumb/v7e-m+fp/hard/libg_nano.a(libc_a-strstr.o)
 .comment       0x00000043       0x44 /opt/ST/STM32CubeCLT_1.21.0/GNU-tools-for-STM32/bin/../lib/gcc/arm-none-eabi/14.3.1/../../../../arm-none-eabi/lib/thumb/v7e-m+fp/hard/libg_nano.a(libc_a-errno.o)
 .comment       0x00000043       0x44 /opt/ST/STM32CubeCLT_1.21.0/GNU-tools-for-STM32/bin/../lib/gcc/arm-none-eabi/14.3.1/../../../../arm-none-eabi/lib/thumb/v7e-m+fp/hard/libg_nano.a(libc_a-init.o)
 .comment       0x00000043       0x44 /opt/ST/STM32CubeCLT_1.21.0/GNU-tools-for-STM32/bin/../lib/gcc/arm-none-eabi/14.3.1/../../../../arm-none-eabi/lib/thumb/v7e-m+fp/hard/libg_nano.a(libc_a-lock.o)
 .comment       0x00000043       0x44 /opt/ST/STM32CubeCLT_1.21.0/GNU-tools-for-STM32/bin/../lib/gcc/arm-none-eabi/14.3.1/../../../../arm-none-eabi/lib/thumb/v7e-m+fp/hard/libg_nano.a(libc_a-impure.o)
 .comment       0x00000043       0x44 /opt/ST/STM32CubeCLT_1.21.0/GNU-tools-for-STM32/bin/../lib/gcc/arm-none-eabi/14.3.1/../../../../arm-none-eabi/lib/thumb/v7e-m+fp/hard/libg_nano.a(libc_a-memcpy-stub.o)
 .comment       0x00000043       0x44 /opt/ST/STM32CubeCLT_1.21.0/GNU-tools-for-STM32/bin/../lib/gcc/arm-none-eabi/14.3.1/../../../../arm-none-eabi/lib/thumb/v7e-m+fp/hard/libg_nano.a(libc_a-nano-svfprintf.o)
 .comment       0x00000043       0x44 /opt/ST/STM32CubeCLT_1.21.0/GNU-tools-for-STM32/bin/../lib/gcc/arm-none-eabi/14.3.1/../../../../arm-none-eabi/lib/thumb/v7e-m+fp/hard/libg_nano.a(libc_a-nano-vfprintf.o)
 .comment       0x00000043       0x44 /opt/ST/STM32CubeCLT_1.21.0/GNU-tools-for-STM32/bin/../lib/gcc/arm-none-eabi/14.3.1/../../../../arm-none-eabi/lib/thumb/v7e-m+fp/hard/libg_nano.a(libc_a-mallocr.o)
 .comment       0x00000043       0x44 /opt/ST/STM32CubeCLT_1.21.0/GNU-tools-for-STM32/bin/../lib/gcc/arm-none-eabi/14.3.1/../../../../arm-none-eabi/lib/thumb/v7e-m+fp/hard/libg_nano.a(libc_a-nano-vfprintf_i.o)
 .comment       0x00000043       0x44 /opt/ST/STM32CubeCLT_1.21.0/GNU-tools-for-STM32/bin/../lib/gcc/arm-none-eabi/14.3.1/../../../../arm-none-eabi/lib/thumb/v7e-m+fp/hard/libg_nano.a(libc_a-fflush.o)
 .comment       0x00000043       0x44 /opt/ST/STM32CubeCLT_1.21.0/GNU-tools-for-STM32/bin/../lib/gcc/arm-none-eabi/14.3.1/../../../../arm-none-eabi/lib/thumb/v7e-m+fp/hard/libg_nano.a(libc_a-mlock.o)
 .comment       0x00000043       0x44 /opt/ST/STM32CubeCLT_1.21.0/GNU-tools-for-STM32/bin/../lib/gcc/arm-none-eabi/14.3.1/../../../../arm-none-eabi/lib/thumb/v7e-m+fp/hard/libg_nano.a(libc_a-stdio.o)
 .comment       0x00000043       0x44 /opt/ST/STM32CubeCLT_1.21.0/GNU-tools-for-STM32/bin/../lib/gcc/arm-none-eabi/14.3.1/../../../../arm-none-eabi/lib/thumb/v7e-m+fp/hard/libg_nano.a(libc_a-reallocr.o)
 .comment       0x00000043       0x44 /opt/ST/STM32CubeCLT_1.21.0/GNU-tools-for-STM32/bin/../lib/gcc/arm-none-eabi/14.3.1/../../../../arm-none-eabi/lib/thumb/v7e-m+fp/hard/libg_nano.a(libc_a-wbuf.o)
 .comment       0x00000043       0x44 /opt/ST/STM32CubeCLT_1.21.0/GNU-tools-for-STM32/bin/../lib/gcc/arm-none-eabi/14.3.1/../../../../arm-none-eabi/lib/thumb/v7e-m+fp/hard/libg_nano.a(libc_a-wsetup.o)
 .comment       0x00000043       0x44 /opt/ST/STM32CubeCLT_1.21.0/GNU-tools-for-STM32/bin/../lib/gcc/arm-none-eabi/14.3.1/../../../../arm-none-eabi/lib/thumb/v7e-m+fp/hard/libg_nano.a(libc_a-makebuf.o)
 .comment       0x00000043       0x44 /opt/ST/STM32CubeCLT_1.21.0/GNU-tools-for-STM32/bin/../lib/gcc/arm-none-eabi/14.3.1/../../../../arm-none-eabi/lib/thumb/v7e-m+fp/hard/libg_nano.a(libc_a-memmove.o)
 .comment       0x00000043       0x44 /opt/ST/STM32CubeCLT_1.21.0/GNU-tools-for-STM32/bin/../lib/gcc/arm-none-eabi/14.3.1/../../../../arm-none-eabi/lib/thumb/v7e-m+fp/hard/libg_nano.a(libc_a-isattyr.o)
 .comment       0x00000043       0x44 /opt/ST/STM32CubeCLT_1.21.0/GNU-tools-for-STM32/bin/../lib/gcc/arm-none-eabi/14.3.1/../../../../arm-none-eabi/lib/thumb/v7e-m+fp/hard/libg_nano.a(libc_a-lseekr.o)
 .comment       0x00000043       0x44 /opt/ST/STM32CubeCLT_1.21.0/GNU-tools-for-STM32/bin/../lib/gcc/arm-none-eabi/14.3.1/../../../../arm-none-eabi/lib/thumb/v7e-m+fp/hard/libg_nano.a(libc_a-readr.o)
 .comment       0x00000043       0x44 /opt/ST/STM32CubeCLT_1.21.0/GNU-tools-for-STM32/bin/../lib/gcc/arm-none-eabi/14.3.1/../../../../arm-none-eabi/lib/thumb/v7e-m+fp/hard/libg_nano.a(libc_a-sbrkr.o)
 .comment       0x00000043       0x44 /opt/ST/STM32CubeCLT_1.21.0/GNU-tools-for-STM32/bin/../lib/gcc/arm-none-eabi/14.3.1/../../../../arm-none-eabi/lib/thumb/v7e-m+fp/hard/libg_nano.a(libc_a-writer.o)
 .comment       0x00000043       0x44 /opt/ST/STM32CubeCLT_1.21.0/GNU-tools-for-STM32/bin/../lib/gcc/arm-none-eabi/14.3.1/../../../../arm-none-eabi/lib/thumb/v7e-m+fp/hard/libg_nano.a(libc_a-closer.o)
 .comment       0x00000043       0x44 /opt/ST/STM32CubeCLT_1.21.0/GNU-tools-for-STM32/bin/../lib/gcc/arm-none-eabi/14.3.1/../../../../arm-none-eabi/lib/thumb/v7e-m+fp/hard/libg_nano.a(libc_a-reent.o)
 .comment       0x00000043       0x44 /opt/ST/STM32CubeCLT_1.21.0/GNU-tools-for-STM32/bin/../lib/gcc/arm-none-eabi/14.3.1/../../../../arm-none-eabi/lib/thumb/v7e-m+fp/hard/libg_nano.a(libc_a-fstatr.o)
 .comment       0x00000043       0x44 /opt/ST/STM32CubeCLT_1.21.0/GNU-tools-for-STM32/bin/../lib/gcc/arm-none-eabi/14.3.1/../../../../arm-none-eabi/lib/thumb/v7e-m+fp/hard/libg_nano.a(libc_a-freer.o)
 .comment       0x00000043       0x44 /opt/ST/STM32CubeCLT_1.21.0/GNU-tools-for-STM32/bin/../lib/gcc/arm-none-eabi/14.3.1/../../../../arm-none-eabi/lib/thumb/v7e-m+fp/hard/libg_nano.a(libc_a-msizer.o)

.debug_line     0x00000000    0x10add
 .debug_line    0x00000000       0x7a cmake/stm32cubemx/CMakeFiles/STM32_StdPeriph.dir/__/__/startup_stm32f411xe.s.obj
 .debug_line    0x0000007a      0x65a cmake/stm32cubemx/CMakeFiles/STM32_StdPeriph.dir/__/__/Drivers/stm32f4xx_it.c.obj
 .debug_line    0x000006d4      0x69e cmake/stm32cubemx/CMakeFiles/STM32_StdPeriph.dir/__/__/Drivers/system_stm32f4xx.c.obj
 .debug_line    0x00000d72      0x682 cmake/stm32cubemx/CMakeFiles/STM32_StdPeriph.dir/__/__/Drivers/STM32F4xx_StdPeriph_Driver/src/misc.c.obj
 .debug_line    0x000013f4      0xdd1 cmake/stm32cubemx/CMakeFiles/STM32_StdPeriph.dir/__/__/Drivers/STM32F4xx_StdPeriph_Driver/src/stm32f4xx_rcc.c.obj
 .debug_line    0x000021c5      0x899 cmake/stm32cubemx/CMakeFiles/STM32_StdPeriph.dir/__/__/Drivers/STM32F4xx_StdPeriph_Driver/src/stm32f4xx_gpio.c.obj
 .debug_line    0x00002a5e      0xb22 cmake/stm32cubemx/CMakeFiles/STM32_StdPeriph.dir/__/__/Drivers/STM32F4xx_StdPeriph_Driver/src/stm32f4xx_usart.c.obj
 .debug_line    0x00003580      0xaba cmake/stm32cubemx/CMakeFiles/FreeRTOS_lib.dir/__/__/OS/port/port.c.obj
 .debug_line    0x0000403a     0x1d64 cmake/stm32cubemx/CMakeFiles/FreeRTOS_lib.dir/__/__/OS/src/tasks.c.obj
 .debug_line    0x00005d9e      0xc62 CMakeFiles/watch.dir/Middlewares/RTT/SEGGER_RTT.c.obj
 .debug_line    0x00006a00      0x6d0 CMakeFiles/watch.dir/Middlewares/RTT/SEGGER_RTT_printf.c.obj
 .debug_line    0x000070d0      0xcc1 CMakeFiles/watch.dir/Middlewares/easylogger/src/elog.c.obj
 .debug_line    0x00007d91      0x489 CMakeFiles/watch.dir/Middlewares/easylogger/src/elog_utils.c.obj
 .debug_line    0x0000821a      0x48c CMakeFiles/watch.dir/Middlewares/easylogger/port/elog_port.c.obj
 .debug_line    0x000086a6      0xa68 CMakeFiles/watch.dir/Core/Src/main.c.obj
 .debug_line    0x0000910e      0x5f9 CMakeFiles/watch.dir/Core/Src/syscalls.c.obj
 .debug_line    0x00009707      0x2d5 CMakeFiles/watch.dir/Core/Src/sysmem.c.obj
 .debug_line    0x000099dc      0x683 CMakeFiles/watch.dir/Core/Src/usart.c.obj
 .debug_line    0x0000a05f      0x357 /opt/ST/STM32CubeCLT_1.21.0/GNU-tools-for-STM32/bin/../lib/gcc/arm-none-eabi/14.3.1/../../../../arm-none-eabi/lib/thumb/v7e-m+fp/hard/libg_nano.a(libc_a-snprintf.o)
 .debug_line    0x0000a3b6      0x5d1 /opt/ST/STM32CubeCLT_1.21.0/GNU-tools-for-STM32/bin/../lib/gcc/arm-none-eabi/14.3.1/../../../../arm-none-eabi/lib/thumb/v7e-m+fp/hard/libg_nano.a(libc_a-findfp.o)
 .debug_line    0x0000a987      0x2ab /opt/ST/STM32CubeCLT_1.21.0/GNU-tools-for-STM32/bin/../lib/gcc/arm-none-eabi/14.3.1/../../../../arm-none-eabi/lib/thumb/v7e-m+fp/hard/libg_nano.a(libc_a-vsnprintf.o)
 .debug_line    0x0000ac32      0x23d /opt/ST/STM32CubeCLT_1.21.0/GNU-tools-for-STM32/bin/../lib/gcc/arm-none-eabi/14.3.1/../../../../arm-none-eabi/lib/thumb/v7e-m+fp/hard/libg_nano.a(libc_a-fwalk.o)
 .debug_line    0x0000ae6f      0x259 /opt/ST/STM32CubeCLT_1.21.0/GNU-tools-for-STM32/bin/../lib/gcc/arm-none-eabi/14.3.1/../../../../arm-none-eabi/lib/thumb/v7e-m+fp/hard/libg_nano.a(libc_a-printf.o)
 .debug_line    0x0000b0c8      0x34c /opt/ST/STM32CubeCLT_1.21.0/GNU-tools-for-STM32/bin/../lib/gcc/arm-none-eabi/14.3.1/../../../../arm-none-eabi/lib/thumb/v7e-m+fp/hard/libg_nano.a(libc_a-puts.o)
 .debug_line    0x0000b414      0x17e /opt/ST/STM32CubeCLT_1.21.0/GNU-tools-for-STM32/bin/../lib/gcc/arm-none-eabi/14.3.1/../../../../arm-none-eabi/lib/thumb/v7e-m+fp/hard/libg_nano.a(libc_a-memset.o)
 .debug_line    0x0000b592      0x1a4 /opt/ST/STM32CubeCLT_1.21.0/GNU-tools-for-STM32/bin/../lib/gcc/arm-none-eabi/14.3.1/../../../../arm-none-eabi/lib/thumb/v7e-m+fp/hard/libg_nano.a(libc_a-strncmp.o)
 .debug_line    0x0000b736      0x1be /opt/ST/STM32CubeCLT_1.21.0/GNU-tools-for-STM32/bin/../lib/gcc/arm-none-eabi/14.3.1/../../../../arm-none-eabi/lib/thumb/v7e-m+fp/hard/libg_nano.a(libc_a-strstr.o)
 .debug_line    0x0000b8f4      0x185 /opt/ST/STM32CubeCLT_1.21.0/GNU-tools-for-STM32/bin/../lib/gcc/arm-none-eabi/14.3.1/../../../../arm-none-eabi/lib/thumb/v7e-m+fp/hard/libg_nano.a(libc_a-errno.o)
 .debug_line    0x0000ba79      0x168 /opt/ST/STM32CubeCLT_1.21.0/GNU-tools-for-STM32/bin/../lib/gcc/arm-none-eabi/14.3.1/../../../../arm-none-eabi/lib/thumb/v7e-m+fp/hard/libg_nano.a(libc_a-init.o)
 .debug_line    0x0000bbe1      0x19b /opt/ST/STM32CubeCLT_1.21.0/GNU-tools-for-STM32/bin/../lib/gcc/arm-none-eabi/14.3.1/../../../../arm-none-eabi/lib/thumb/v7e-m+fp/hard/libg_nano.a(libc_a-lock.o)
 .debug_line    0x0000bd7c      0x163 /opt/ST/STM32CubeCLT_1.21.0/GNU-tools-for-STM32/bin/../lib/gcc/arm-none-eabi/14.3.1/../../../../arm-none-eabi/lib/thumb/v7e-m+fp/hard/libg_nano.a(libc_a-impure.o)
 .debug_line    0x0000bedf       0x84 /opt/ST/STM32CubeCLT_1.21.0/GNU-tools-for-STM32/bin/../lib/gcc/arm-none-eabi/14.3.1/../../../../arm-none-eabi/lib/thumb/v7e-m+fp/hard/libg_nano.a(libc_a-memchr.o)
 .debug_line    0x0000bf63      0x202 /opt/ST/STM32CubeCLT_1.21.0/GNU-tools-for-STM32/bin/../lib/gcc/arm-none-eabi/14.3.1/../../../../arm-none-eabi/lib/thumb/v7e-m+fp/hard/libg_nano.a(libc_a-memcpy-stub.o)
 .debug_line    0x0000c165       0x4f /opt/ST/STM32CubeCLT_1.21.0/GNU-tools-for-STM32/bin/../lib/gcc/arm-none-eabi/14.3.1/../../../../arm-none-eabi/lib/thumb/v7e-m+fp/hard/libg_nano.a(libc_a-strlen.o)
 .debug_line    0x0000c1b4      0x877 /opt/ST/STM32CubeCLT_1.21.0/GNU-tools-for-STM32/bin/../lib/gcc/arm-none-eabi/14.3.1/../../../../arm-none-eabi/lib/thumb/v7e-m+fp/hard/libg_nano.a(libc_a-nano-svfprintf.o)
 .debug_line    0x0000ca2b      0x6a3 /opt/ST/STM32CubeCLT_1.21.0/GNU-tools-for-STM32/bin/../lib/gcc/arm-none-eabi/14.3.1/../../../../arm-none-eabi/lib/thumb/v7e-m+fp/hard/libg_nano.a(libc_a-nano-vfprintf.o)
 .debug_line    0x0000d0ce      0x4e5 /opt/ST/STM32CubeCLT_1.21.0/GNU-tools-for-STM32/bin/../lib/gcc/arm-none-eabi/14.3.1/../../../../arm-none-eabi/lib/thumb/v7e-m+fp/hard/libg_nano.a(libc_a-mallocr.o)
 .debug_line    0x0000d5b3      0x70e /opt/ST/STM32CubeCLT_1.21.0/GNU-tools-for-STM32/bin/../lib/gcc/arm-none-eabi/14.3.1/../../../../arm-none-eabi/lib/thumb/v7e-m+fp/hard/libg_nano.a(libc_a-nano-vfprintf_i.o)
 .debug_line    0x0000dcc1      0x453 /opt/ST/STM32CubeCLT_1.21.0/GNU-tools-for-STM32/bin/../lib/gcc/arm-none-eabi/14.3.1/../../../../arm-none-eabi/lib/thumb/v7e-m+fp/hard/libg_nano.a(libc_a-fflush.o)
 .debug_line    0x0000e114      0x1ed /opt/ST/STM32CubeCLT_1.21.0/GNU-tools-for-STM32/bin/../lib/gcc/arm-none-eabi/14.3.1/../../../../arm-none-eabi/lib/thumb/v7e-m+fp/hard/libg_nano.a(libc_a-mlock.o)
 .debug_line    0x0000e301      0x2ee /opt/ST/STM32CubeCLT_1.21.0/GNU-tools-for-STM32/bin/../lib/gcc/arm-none-eabi/14.3.1/../../../../arm-none-eabi/lib/thumb/v7e-m+fp/hard/libg_nano.a(libc_a-stdio.o)
 .debug_line    0x0000e5ef      0x272 /opt/ST/STM32CubeCLT_1.21.0/GNU-tools-for-STM32/bin/../lib/gcc/arm-none-eabi/14.3.1/../../../../arm-none-eabi/lib/thumb/v7e-m+fp/hard/libg_nano.a(libc_a-reallocr.o)
 .debug_line    0x0000e861      0x2cb /opt/ST/STM32CubeCLT_1.21.0/GNU-tools-for-STM32/bin/../lib/gcc/arm-none-eabi/14.3.1/../../../../arm-none-eabi/lib/thumb/v7e-m+fp/hard/libg_nano.a(libc_a-wbuf.o)
 .debug_line    0x0000eb2c      0x2e3 /opt/ST/STM32CubeCLT_1.21.0/GNU-tools-for-STM32/bin/../lib/gcc/arm-none-eabi/14.3.1/../../../../arm-none-eabi/lib/thumb/v7e-m+fp/hard/libg_nano.a(libc_a-wsetup.o)
 .debug_line    0x0000ee0f      0x3a2 /opt/ST/STM32CubeCLT_1.21.0/GNU-tools-for-STM32/bin/../lib/gcc/arm-none-eabi/14.3.1/../../../../arm-none-eabi/lib/thumb/v7e-m+fp/hard/libg_nano.a(libc_a-makebuf.o)
 .debug_line    0x0000f1b1      0x1bb /opt/ST/STM32CubeCLT_1.21.0/GNU-tools-for-STM32/bin/../lib/gcc/arm-none-eabi/14.3.1/../../../../arm-none-eabi/lib/thumb/v7e-m+fp/hard/libg_nano.a(libc_a-memmove.o)
 .debug_line    0x0000f36c      0x220 /opt/ST/STM32CubeCLT_1.21.0/GNU-tools-for-STM32/bin/../lib/gcc/arm-none-eabi/14.3.1/../../../../arm-none-eabi/lib/thumb/v7e-m+fp/hard/libg_nano.a(libc_a-isattyr.o)
 .debug_line    0x0000f58c      0x21e /opt/ST/STM32CubeCLT_1.21.0/GNU-tools-for-STM32/bin/../lib/gcc/arm-none-eabi/14.3.1/../../../../arm-none-eabi/lib/thumb/v7e-m+fp/hard/libg_nano.a(libc_a-lseekr.o)
 .debug_line    0x0000f7aa      0x21d /opt/ST/STM32CubeCLT_1.21.0/GNU-tools-for-STM32/bin/../lib/gcc/arm-none-eabi/14.3.1/../../../../arm-none-eabi/lib/thumb/v7e-m+fp/hard/libg_nano.a(libc_a-readr.o)
 .debug_line    0x0000f9c7      0x21f /opt/ST/STM32CubeCLT_1.21.0/GNU-tools-for-STM32/bin/../lib/gcc/arm-none-eabi/14.3.1/../../../../arm-none-eabi/lib/thumb/v7e-m+fp/hard/libg_nano.a(libc_a-sbrkr.o)
 .debug_line    0x0000fbe6      0x21e /opt/ST/STM32CubeCLT_1.21.0/GNU-tools-for-STM32/bin/../lib/gcc/arm-none-eabi/14.3.1/../../../../arm-none-eabi/lib/thumb/v7e-m+fp/hard/libg_nano.a(libc_a-writer.o)
 .debug_line    0x0000fe04      0x21f /opt/ST/STM32CubeCLT_1.21.0/GNU-tools-for-STM32/bin/../lib/gcc/arm-none-eabi/14.3.1/../../../../arm-none-eabi/lib/thumb/v7e-m+fp/hard/libg_nano.a(libc_a-closer.o)
 .debug_line    0x00010023      0x2f5 /opt/ST/STM32CubeCLT_1.21.0/GNU-tools-for-STM32/bin/../lib/gcc/arm-none-eabi/14.3.1/../../../../arm-none-eabi/lib/thumb/v7e-m+fp/hard/libg_nano.a(libc_a-reent.o)
 .debug_line    0x00010318      0x2b3 /opt/ST/STM32CubeCLT_1.21.0/GNU-tools-for-STM32/bin/../lib/gcc/arm-none-eabi/14.3.1/../../../../arm-none-eabi/lib/thumb/v7e-m+fp/hard/libg_nano.a(libc_a-fstatr.o)
 .debug_line    0x000105cb      0x30d /opt/ST/STM32CubeCLT_1.21.0/GNU-tools-for-STM32/bin/../lib/gcc/arm-none-eabi/14.3.1/../../../../arm-none-eabi/lib/thumb/v7e-m+fp/hard/libg_nano.a(libc_a-freer.o)
 .debug_line    0x000108d8      0x205 /opt/ST/STM32CubeCLT_1.21.0/GNU-tools-for-STM32/bin/../lib/gcc/arm-none-eabi/14.3.1/../../../../arm-none-eabi/lib/thumb/v7e-m+fp/hard/libg_nano.a(libc_a-msizer.o)

.debug_line_str
                0x00000000      0x17f
 .debug_line_str
                0x00000000      0x17f cmake/stm32cubemx/CMakeFiles/STM32_StdPeriph.dir/__/__/startup_stm32f411xe.s.obj
                                 0x98 (size before relaxing)
 .debug_line_str
                0x0000017f       0xd4 /opt/ST/STM32CubeCLT_1.21.0/GNU-tools-for-STM32/bin/../lib/gcc/arm-none-eabi/14.3.1/../../../../arm-none-eabi/lib/thumb/v7e-m+fp/hard/libg_nano.a(libc_a-memchr.o)
 .debug_line_str
                0x0000017f       0xde /opt/ST/STM32CubeCLT_1.21.0/GNU-tools-for-STM32/bin/../lib/gcc/arm-none-eabi/14.3.1/../../../../arm-none-eabi/lib/thumb/v7e-m+fp/hard/libg_nano.a(libc_a-strlen.o)

.debug_info     0x00000000    0x1af49
 .debug_info    0x00000000       0x30 cmake/stm32cubemx/CMakeFiles/STM32_StdPeriph.dir/__/__/startup_stm32f411xe.s.obj
 .debug_info    0x00000030      0x129 cmake/stm32cubemx/CMakeFiles/STM32_StdPeriph.dir/__/__/Drivers/stm32f4xx_it.c.obj
 .debug_info    0x00000159      0x596 cmake/stm32cubemx/CMakeFiles/STM32_StdPeriph.dir/__/__/Drivers/system_stm32f4xx.c.obj
 .debug_info    0x000006ef      0x4fa cmake/stm32cubemx/CMakeFiles/STM32_StdPeriph.dir/__/__/Drivers/STM32F4xx_StdPeriph_Driver/src/misc.c.obj
 .debug_info    0x00000be9      0xcef cmake/stm32cubemx/CMakeFiles/STM32_StdPeriph.dir/__/__/Drivers/STM32F4xx_StdPeriph_Driver/src/stm32f4xx_rcc.c.obj
 .debug_info    0x000018d8      0x5fb cmake/stm32cubemx/CMakeFiles/STM32_StdPeriph.dir/__/__/Drivers/STM32F4xx_StdPeriph_Driver/src/stm32f4xx_gpio.c.obj
 .debug_info    0x00001ed3      0x9c2 cmake/stm32cubemx/CMakeFiles/STM32_StdPeriph.dir/__/__/Drivers/STM32F4xx_StdPeriph_Driver/src/stm32f4xx_usart.c.obj
 .debug_info    0x00002895      0x57c cmake/stm32cubemx/CMakeFiles/FreeRTOS_lib.dir/__/__/OS/port/port.c.obj
 .debug_info    0x00002e11     0x274c cmake/stm32cubemx/CMakeFiles/FreeRTOS_lib.dir/__/__/OS/src/tasks.c.obj
 .debug_info    0x0000555d     0x14d5 CMakeFiles/watch.dir/Middlewares/RTT/SEGGER_RTT.c.obj
 .debug_info    0x00006a32      0x442 CMakeFiles/watch.dir/Middlewares/RTT/SEGGER_RTT_printf.c.obj
 .debug_info    0x00006e74      0xbaa CMakeFiles/watch.dir/Middlewares/easylogger/src/elog.c.obj
 .debug_info    0x00007a1e      0x29c CMakeFiles/watch.dir/Middlewares/easylogger/src/elog_utils.c.obj
 .debug_info    0x00007cba      0x18c CMakeFiles/watch.dir/Middlewares/easylogger/port/elog_port.c.obj
 .debug_info    0x00007e46      0x80b CMakeFiles/watch.dir/Core/Src/main.c.obj
 .debug_info    0x00008651      0x6b4 CMakeFiles/watch.dir/Core/Src/syscalls.c.obj
 .debug_info    0x00008d05      0x168 CMakeFiles/watch.dir/Core/Src/sysmem.c.obj
 .debug_info    0x00008e6d      0x7ba CMakeFiles/watch.dir/Core/Src/usart.c.obj
 .debug_info    0x00009627      0x8b9 /opt/ST/STM32CubeCLT_1.21.0/GNU-tools-for-STM32/bin/../lib/gcc/arm-none-eabi/14.3.1/../../../../arm-none-eabi/lib/thumb/v7e-m+fp/hard/libg_nano.a(libc_a-snprintf.o)
 .debug_info    0x00009ee0      0xfb8 /opt/ST/STM32CubeCLT_1.21.0/GNU-tools-for-STM32/bin/../lib/gcc/arm-none-eabi/14.3.1/../../../../arm-none-eabi/lib/thumb/v7e-m+fp/hard/libg_nano.a(libc_a-findfp.o)
 .debug_info    0x0000ae98      0x89c /opt/ST/STM32CubeCLT_1.21.0/GNU-tools-for-STM32/bin/../lib/gcc/arm-none-eabi/14.3.1/../../../../arm-none-eabi/lib/thumb/v7e-m+fp/hard/libg_nano.a(libc_a-vsnprintf.o)
 .debug_info    0x0000b734      0x7d2 /opt/ST/STM32CubeCLT_1.21.0/GNU-tools-for-STM32/bin/../lib/gcc/arm-none-eabi/14.3.1/../../../../arm-none-eabi/lib/thumb/v7e-m+fp/hard/libg_nano.a(libc_a-fwalk.o)
 .debug_info    0x0000bf06      0x841 /opt/ST/STM32CubeCLT_1.21.0/GNU-tools-for-STM32/bin/../lib/gcc/arm-none-eabi/14.3.1/../../../../arm-none-eabi/lib/thumb/v7e-m+fp/hard/libg_nano.a(libc_a-printf.o)
 .debug_info    0x0000c747      0x950 /opt/ST/STM32CubeCLT_1.21.0/GNU-tools-for-STM32/bin/../lib/gcc/arm-none-eabi/14.3.1/../../../../arm-none-eabi/lib/thumb/v7e-m+fp/hard/libg_nano.a(libc_a-puts.o)
 .debug_info    0x0000d097       0xe0 /opt/ST/STM32CubeCLT_1.21.0/GNU-tools-for-STM32/bin/../lib/gcc/arm-none-eabi/14.3.1/../../../../arm-none-eabi/lib/thumb/v7e-m+fp/hard/libg_nano.a(libc_a-memset.o)
 .debug_info    0x0000d177       0xde /opt/ST/STM32CubeCLT_1.21.0/GNU-tools-for-STM32/bin/../lib/gcc/arm-none-eabi/14.3.1/../../../../arm-none-eabi/lib/thumb/v7e-m+fp/hard/libg_nano.a(libc_a-strncmp.o)
 .debug_info    0x0000d255       0xe9 /opt/ST/STM32CubeCLT_1.21.0/GNU-tools-for-STM32/bin/../lib/gcc/arm-none-eabi/14.3.1/../../../../arm-none-eabi/lib/thumb/v7e-m+fp/hard/libg_nano.a(libc_a-strstr.o)
 .debug_info    0x0000d33e      0x6fb /opt/ST/STM32CubeCLT_1.21.0/GNU-tools-for-STM32/bin/../lib/gcc/arm-none-eabi/14.3.1/../../../../arm-none-eabi/lib/thumb/v7e-m+fp/hard/libg_nano.a(libc_a-errno.o)
 .debug_info    0x0000da39      0x10b /opt/ST/STM32CubeCLT_1.21.0/GNU-tools-for-STM32/bin/../lib/gcc/arm-none-eabi/14.3.1/../../../../arm-none-eabi/lib/thumb/v7e-m+fp/hard/libg_nano.a(libc_a-init.o)
 .debug_info    0x0000db44      0x218 /opt/ST/STM32CubeCLT_1.21.0/GNU-tools-for-STM32/bin/../lib/gcc/arm-none-eabi/14.3.1/../../../../arm-none-eabi/lib/thumb/v7e-m+fp/hard/libg_nano.a(libc_a-lock.o)
 .debug_info    0x0000dd5c      0x715 /opt/ST/STM32CubeCLT_1.21.0/GNU-tools-for-STM32/bin/../lib/gcc/arm-none-eabi/14.3.1/../../../../arm-none-eabi/lib/thumb/v7e-m+fp/hard/libg_nano.a(libc_a-impure.o)
 .debug_info    0x0000e471       0x25 /opt/ST/STM32CubeCLT_1.21.0/GNU-tools-for-STM32/bin/../lib/gcc/arm-none-eabi/14.3.1/../../../../arm-none-eabi/lib/thumb/v7e-m+fp/hard/libg_nano.a(libc_a-memchr.o)
 .debug_info    0x0000e496      0x121 /opt/ST/STM32CubeCLT_1.21.0/GNU-tools-for-STM32/bin/../lib/gcc/arm-none-eabi/14.3.1/../../../../arm-none-eabi/lib/thumb/v7e-m+fp/hard/libg_nano.a(libc_a-memcpy-stub.o)
 .debug_info    0x0000e5b7       0x31 /opt/ST/STM32CubeCLT_1.21.0/GNU-tools-for-STM32/bin/../lib/gcc/arm-none-eabi/14.3.1/../../../../arm-none-eabi/lib/thumb/v7e-m+fp/hard/libg_nano.a(libc_a-strlen.o)
 .debug_info    0x0000e5e8     0x10b3 /opt/ST/STM32CubeCLT_1.21.0/GNU-tools-for-STM32/bin/../lib/gcc/arm-none-eabi/14.3.1/../../../../arm-none-eabi/lib/thumb/v7e-m+fp/hard/libg_nano.a(libc_a-nano-svfprintf.o)
 .debug_info    0x0000f69b     0x1094 /opt/ST/STM32CubeCLT_1.21.0/GNU-tools-for-STM32/bin/../lib/gcc/arm-none-eabi/14.3.1/../../../../arm-none-eabi/lib/thumb/v7e-m+fp/hard/libg_nano.a(libc_a-nano-vfprintf.o)
 .debug_info    0x0001072f      0x9bc /opt/ST/STM32CubeCLT_1.21.0/GNU-tools-for-STM32/bin/../lib/gcc/arm-none-eabi/14.3.1/../../../../arm-none-eabi/lib/thumb/v7e-m+fp/hard/libg_nano.a(libc_a-mallocr.o)
 .debug_info    0x000110eb      0xde2 /opt/ST/STM32CubeCLT_1.21.0/GNU-tools-for-STM32/bin/../lib/gcc/arm-none-eabi/14.3.1/../../../../arm-none-eabi/lib/thumb/v7e-m+fp/hard/libg_nano.a(libc_a-nano-vfprintf_i.o)
 .debug_info    0x00011ecd      0x9f2 /opt/ST/STM32CubeCLT_1.21.0/GNU-tools-for-STM32/bin/../lib/gcc/arm-none-eabi/14.3.1/../../../../arm-none-eabi/lib/thumb/v7e-m+fp/hard/libg_nano.a(libc_a-fflush.o)
 .debug_info    0x000128bf      0x76b /opt/ST/STM32CubeCLT_1.21.0/GNU-tools-for-STM32/bin/../lib/gcc/arm-none-eabi/14.3.1/../../../../arm-none-eabi/lib/thumb/v7e-m+fp/hard/libg_nano.a(libc_a-mlock.o)
 .debug_info    0x0001302a      0xa90 /opt/ST/STM32CubeCLT_1.21.0/GNU-tools-for-STM32/bin/../lib/gcc/arm-none-eabi/14.3.1/../../../../arm-none-eabi/lib/thumb/v7e-m+fp/hard/libg_nano.a(libc_a-stdio.o)