/Users/wenwu/CLionProjects/Stm32Cube_Projects/watch_xiaowu_app/Core/Src/FreeRTOS_tasks.c:17:6:key_led_handle_task	24	static
/Users/wenwu/CLionProjects/Stm32Cube_Projects/watch_xiaowu_app/Core/Src/FreeRTOS_tasks.c:55:6:dma_handler	32	static
/Users/wenwu/CLionProjects/Stm32Cube_Projects/watch_xiaowu_app/Core/Src/FreeRTOS_tasks.c:117:6:adc_app	32	static
/Users/wenwu/CLionProjects/Stm32Cube_Projects/watch_xiaowu_app/Core/Src/FreeRTOS_tasks.c:150:6:DMA2_Stream0_IRQHandler	24	static,ignoring_inline_asm
/Users/wenwu/CLionProjects/Stm32Cube_Projects/watch_xiaowu_app/Core/Src/FreeRTOS_tasks.c:166:6:adc_and_dma_init	16	static
/Users/wenwu/CLionProjects/Stm32Cube_Projects/watch_xiaowu_app/Core/Src/FreeRTOS_tasks.c:192:6:usart_dma_init	16	static
/Users/wenwu/CLionProjects/Stm32Cube_Projects/watch_xiaowu_app/Core/Src/FreeRTOS_tasks.c:210:6:app_task_create	8	static
