/Users/wenwu/CLionProjects/Stm32Cube_Projects/watch_xiaowu_app/Middlewares/easylogger/src/elog.c:158:13:elog_init	16	static
/Users/wenwu/CLionProjects/Stm32Cube_Projects/watch_xiaowu_app/Middlewares/easylogger/src/elog.c:206:6:elog_start	24	static
/Users/wenwu/CLionProjects/Stm32Cube_Projects/watch_xiaowu_app/Middlewares/easylogger/src/elog.c:225:6:elog_set_output_enabled	40	static
/Users/wenwu/CLionProjects/Stm32Cube_Projects/watch_xiaowu_app/Middlewares/easylogger/src/elog.c:237:6:elog_set_text_color_enabled	16	static
/Users/wenwu/CLionProjects/Stm32Cube_Projects/watch_xiaowu_app/Middlewares/easylogger/src/elog.c:246:6:elog_get_text_color_enabled	4	static
/Users/wenwu/CLionProjects/Stm32Cube_Projects/watch_xiaowu_app/Middlewares/easylogger/src/elog.c:256:6:elog_get_output_enabled	4	static
/Users/wenwu/CLionProjects/Stm32Cube_Projects/watch_xiaowu_app/Middlewares/easylogger/src/elog.c:266:6:elog_set_fmt	40	static
/Users/wenwu/CLionProjects/Stm32Cube_Projects/watch_xiaowu_app/Middlewares/easylogger/src/elog.c:279:6:elog_set_filter	48	static
/Users/wenwu/CLionProjects/Stm32Cube_Projects/watch_xiaowu_app/Middlewares/easylogger/src/elog.c:292:6:elog_set_filter_lvl	40	static
/Users/wenwu/CLionProjects/Stm32Cube_Projects/watch_xiaowu_app/Middlewares/easylogger/src/elog.c:303:6:elog_set_filter_tag	16	static
/Users/wenwu/CLionProjects/Stm32Cube_Projects/watch_xiaowu_app/Middlewares/easylogger/src/elog.c:312:6:elog_set_filter_kw	16	static
/Users/wenwu/CLionProjects/Stm32Cube_Projects/watch_xiaowu_app/Middlewares/easylogger/src/elog.c:319:6:elog_output_lock	8	static
/Users/wenwu/CLionProjects/Stm32Cube_Projects/watch_xiaowu_app/Middlewares/easylogger/src/elog.c:331:6:elog_output_unlock	8	static
/Users/wenwu/CLionProjects/Stm32Cube_Projects/watch_xiaowu_app/Middlewares/easylogger/src/elog.c:343:13:elog_set_filter_tag_lvl_default	16	static
/Users/wenwu/CLionProjects/Stm32Cube_Projects/watch_xiaowu_app/Middlewares/easylogger/src/elog.c:372:6:elog_set_filter_tag_lvl	48	static
/Users/wenwu/CLionProjects/Stm32Cube_Projects/watch_xiaowu_app/Middlewares/easylogger/src/elog.c:425:9:elog_get_filter_tag_lvl	48	static
/Users/wenwu/CLionProjects/Stm32Cube_Projects/watch_xiaowu_app/Middlewares/easylogger/src/elog.c:455:6:elog_raw	24	static
/Users/wenwu/CLionProjects/Stm32Cube_Projects/watch_xiaowu_app/Middlewares/easylogger/src/elog.c:509:6:elog_output	104	static
/Users/wenwu/CLionProjects/Stm32Cube_Projects/watch_xiaowu_app/Middlewares/easylogger/src/elog.c:678:13:get_fmt_enabled	40	static
/Users/wenwu/CLionProjects/Stm32Cube_Projects/watch_xiaowu_app/Middlewares/easylogger/src/elog.c:694:6:elog_output_lock_enabled	16	static
/Users/wenwu/CLionProjects/Stm32Cube_Projects/watch_xiaowu_app/Middlewares/easylogger/src/elog.c:713:6:elog_assert_set_hook	16	static
/Users/wenwu/CLionProjects/Stm32Cube_Projects/watch_xiaowu_app/Middlewares/easylogger/src/elog.c:725:8:elog_find_lvl	56	static
/Users/wenwu/CLionProjects/Stm32Cube_Projects/watch_xiaowu_app/Middlewares/easylogger/src/elog.c:769:13:elog_find_tag	64	static
/Users/wenwu/CLionProjects/Stm32Cube_Projects/watch_xiaowu_app/Middlewares/easylogger/src/elog.c:801:6:elog_hexdump	56	static
