/Users/wenwu/CLionProjects/Stm32Cube_Projects/watch_xiaowu_app/Drivers/STM32F4xx_StdPeriph_Driver/src/stm32f4xx_syscfg.c:98:6:SYSCFG_DeInit	8	static
/Users/wenwu/CLionProjects/Stm32Cube_Projects/watch_xiaowu_app/Drivers/STM32F4xx_StdPeriph_Driver/src/stm32f4xx_syscfg.c:117:6:SYSCFG_MemoryRemapConfig	16	static
/Users/wenwu/CLionProjects/Stm32Cube_Projects/watch_xiaowu_app/Drivers/STM32F4xx_StdPeriph_Driver/src/stm32f4xx_syscfg.c:138:6:SYSCFG_MemorySwappingBank	16	static
/Users/wenwu/CLionProjects/Stm32Cube_Projects/watch_xiaowu_app/Drivers/STM32F4xx_StdPeriph_Driver/src/stm32f4xx_syscfg.c:161:6:SYSCFG_EXTILineConfig	24	static
/Users/wenwu/CLionProjects/Stm32Cube_Projects/watch_xiaowu_app/Drivers/STM32F4xx_StdPeriph_Driver/src/stm32f4xx_syscfg.c:182:6:SYSCFG_ETH_MediaInterfaceConfig	16	static
/Users/wenwu/CLionProjects/Stm32Cube_Projects/watch_xiaowu_app/Drivers/STM32F4xx_StdPeriph_Driver/src/stm32f4xx_syscfg.c:199:6:SYSCFG_CompensationCellCmd	16	static
/Users/wenwu/CLionProjects/Stm32Cube_Projects/watch_xiaowu_app/Drivers/STM32F4xx_StdPeriph_Driver/src/stm32f4xx_syscfg.c:212:12:SYSCFG_GetCompensationCellStatus	16	static
