/Users/wenwu/CLionProjects/Stm32Cube_Projects/watch_xiaowu_bootloader/Drivers/STM32F4xx_StdPeriph_Driver/src/stm32f4xx_adc.c:206:6:ADC_DeInit	8	static
/Users/wenwu/CLionProjects/Stm32Cube_Projects/watch_xiaowu_bootloader/Drivers/STM32F4xx_StdPeriph_Driver/src/stm32f4xx_adc.c:228:6:ADC_Init	24	static
/Users/wenwu/CLionProjects/Stm32Cube_Projects/watch_xiaowu_bootloader/Drivers/STM32F4xx_StdPeriph_Driver/src/stm32f4xx_adc.c:303:6:ADC_StructInit	16	static
/Users/wenwu/CLionProjects/Stm32Cube_Projects/watch_xiaowu_bootloader/Drivers/STM32F4xx_StdPeriph_Driver/src/stm32f4xx_adc.c:334:6:ADC_CommonInit	24	static
/Users/wenwu/CLionProjects/Stm32Cube_Projects/watch_xiaowu_bootloader/Drivers/STM32F4xx_StdPeriph_Driver/src/stm32f4xx_adc.c:370:6:ADC_CommonStructInit	16	static
/Users/wenwu/CLionProjects/Stm32Cube_Projects/watch_xiaowu_bootloader/Drivers/STM32F4xx_StdPeriph_Driver/src/stm32f4xx_adc.c:392:6:ADC_Cmd	16	static
/Users/wenwu/CLionProjects/Stm32Cube_Projects/watch_xiaowu_bootloader/Drivers/STM32F4xx_StdPeriph_Driver/src/stm32f4xx_adc.c:448:6:ADC_AnalogWatchdogCmd	24	static
/Users/wenwu/CLionProjects/Stm32Cube_Projects/watch_xiaowu_bootloader/Drivers/STM32F4xx_StdPeriph_Driver/src/stm32f4xx_adc.c:477:6:ADC_AnalogWatchdogThresholdsConfig	16	static
/Users/wenwu/CLionProjects/Stm32Cube_Projects/watch_xiaowu_bootloader/Drivers/STM32F4xx_StdPeriph_Driver/src/stm32f4xx_adc.c:518:6:ADC_AnalogWatchdogSingleChannelConfig	24	static
/Users/wenwu/CLionProjects/Stm32Cube_Projects/watch_xiaowu_bootloader/Drivers/STM32F4xx_StdPeriph_Driver/src/stm32f4xx_adc.c:582:6:ADC_TempSensorVrefintCmd	16	static
/Users/wenwu/CLionProjects/Stm32Cube_Projects/watch_xiaowu_bootloader/Drivers/STM32F4xx_StdPeriph_Driver/src/stm32f4xx_adc.c:608:6:ADC_VBATCmd	16	static
/Users/wenwu/CLionProjects/Stm32Cube_Projects/watch_xiaowu_bootloader/Drivers/STM32F4xx_StdPeriph_Driver/src/stm32f4xx_adc.c:708:6:ADC_RegularChannelConfig	24	static
/Users/wenwu/CLionProjects/Stm32Cube_Projects/watch_xiaowu_bootloader/Drivers/STM32F4xx_StdPeriph_Driver/src/stm32f4xx_adc.c:828:6:ADC_SoftwareStartConv	16	static
/Users/wenwu/CLionProjects/Stm32Cube_Projects/watch_xiaowu_bootloader/Drivers/STM32F4xx_StdPeriph_Driver/src/stm32f4xx_adc.c:842:12:ADC_GetSoftwareStartConvStatus	24	static
/Users/wenwu/CLionProjects/Stm32Cube_Projects/watch_xiaowu_bootloader/Drivers/STM32F4xx_StdPeriph_Driver/src/stm32f4xx_adc.c:872:6:ADC_EOCOnEachRegularChannelCmd	16	static
/Users/wenwu/CLionProjects/Stm32Cube_Projects/watch_xiaowu_bootloader/Drivers/STM32F4xx_StdPeriph_Driver/src/stm32f4xx_adc.c:897:6:ADC_ContinuousModeCmd	16	static
/Users/wenwu/CLionProjects/Stm32Cube_Projects/watch_xiaowu_bootloader/Drivers/STM32F4xx_StdPeriph_Driver/src/stm32f4xx_adc.c:923:6:ADC_DiscModeChannelCountConfig	24	static
/Users/wenwu/CLionProjects/Stm32Cube_Projects/watch_xiaowu_bootloader/Drivers/STM32F4xx_StdPeriph_Driver/src/stm32f4xx_adc.c:955:6:ADC_DiscModeCmd	16	static
/Users/wenwu/CLionProjects/Stm32Cube_Projects/watch_xiaowu_bootloader/Drivers/STM32F4xx_StdPeriph_Driver/src/stm32f4xx_adc.c:978:10:ADC_GetConversionValue	16	static
/Users/wenwu/CLionProjects/Stm32Cube_Projects/watch_xiaowu_bootloader/Drivers/STM32F4xx_StdPeriph_Driver/src/stm32f4xx_adc.c:999:10:ADC_GetMultiModeConversionValue	4	static
/Users/wenwu/CLionProjects/Stm32Cube_Projects/watch_xiaowu_bootloader/Drivers/STM32F4xx_StdPeriph_Driver/src/stm32f4xx_adc.c:1045:6:ADC_DMACmd	16	static
/Users/wenwu/CLionProjects/Stm32Cube_Projects/watch_xiaowu_bootloader/Drivers/STM32F4xx_StdPeriph_Driver/src/stm32f4xx_adc.c:1069:6:ADC_DMARequestAfterLastTransferCmd	16	static
/Users/wenwu/CLionProjects/Stm32Cube_Projects/watch_xiaowu_bootloader/Drivers/STM32F4xx_StdPeriph_Driver/src/stm32f4xx_adc.c:1096:6:ADC_MultiModeDMARequestAfterLastTransferCmd	16	static
/Users/wenwu/CLionProjects/Stm32Cube_Projects/watch_xiaowu_bootloader/Drivers/STM32F4xx_StdPeriph_Driver/src/stm32f4xx_adc.c:1183:6:ADC_InjectedChannelConfig	32	static
/Users/wenwu/CLionProjects/Stm32Cube_Projects/watch_xiaowu_bootloader/Drivers/STM32F4xx_StdPeriph_Driver/src/stm32f4xx_adc.c:1246:6:ADC_InjectedSequencerLengthConfig	24	static
/Users/wenwu/CLionProjects/Stm32Cube_Projects/watch_xiaowu_bootloader/Drivers/STM32F4xx_StdPeriph_Driver/src/stm32f4xx_adc.c:1281:6:ADC_SetInjectedOffset	24	static
/Users/wenwu/CLionProjects/Stm32Cube_Projects/watch_xiaowu_bootloader/Drivers/STM32F4xx_StdPeriph_Driver/src/stm32f4xx_adc.c:1319:6:ADC_ExternalTrigInjectedConvConfig	24	static
/Users/wenwu/CLionProjects/Stm32Cube_Projects/watch_xiaowu_bootloader/Drivers/STM32F4xx_StdPeriph_Driver/src/stm32f4xx_adc.c:1353:6:ADC_ExternalTrigInjectedConvEdgeConfig	24	static
/Users/wenwu/CLionProjects/Stm32Cube_Projects/watch_xiaowu_bootloader/Drivers/STM32F4xx_StdPeriph_Driver/src/stm32f4xx_adc.c:1374:6:ADC_SoftwareStartInjectedConv	16	static
/Users/wenwu/CLionProjects/Stm32Cube_Projects/watch_xiaowu_bootloader/Drivers/STM32F4xx_StdPeriph_Driver/src/stm32f4xx_adc.c:1387:12:ADC_GetSoftwareStartInjectedConvCmdStatus	24	static
/Users/wenwu/CLionProjects/Stm32Cube_Projects/watch_xiaowu_bootloader/Drivers/STM32F4xx_StdPeriph_Driver/src/stm32f4xx_adc.c:1416:6:ADC_AutoInjectedConvCmd	16	static
/Users/wenwu/CLionProjects/Stm32Cube_Projects/watch_xiaowu_bootloader/Drivers/STM32F4xx_StdPeriph_Driver/src/stm32f4xx_adc.c:1442:6:ADC_InjectedDiscModeCmd	16	static
/Users/wenwu/CLionProjects/Stm32Cube_Projects/watch_xiaowu_bootloader/Drivers/STM32F4xx_StdPeriph_Driver/src/stm32f4xx_adc.c:1470:10:ADC_GetInjectedConversionValue	24	static
/Users/wenwu/CLionProjects/Stm32Cube_Projects/watch_xiaowu_bootloader/Drivers/STM32F4xx_StdPeriph_Driver/src/stm32f4xx_adc.c:1577:6:ADC_ITConfig	24	static
/Users/wenwu/CLionProjects/Stm32Cube_Projects/watch_xiaowu_bootloader/Drivers/STM32F4xx_StdPeriph_Driver/src/stm32f4xx_adc.c:1614:12:ADC_GetFlagStatus	24	static
/Users/wenwu/CLionProjects/Stm32Cube_Projects/watch_xiaowu_bootloader/Drivers/STM32F4xx_StdPeriph_Driver/src/stm32f4xx_adc.c:1649:6:ADC_ClearFlag	16	static
/Users/wenwu/CLionProjects/Stm32Cube_Projects/watch_xiaowu_bootloader/Drivers/STM32F4xx_StdPeriph_Driver/src/stm32f4xx_adc.c:1670:10:ADC_GetITStatus	32	static
/Users/wenwu/CLionProjects/Stm32Cube_Projects/watch_xiaowu_bootloader/Drivers/STM32F4xx_StdPeriph_Driver/src/stm32f4xx_adc.c:1711:6:ADC_ClearITPendingBit	24	static
