/Users/wenwu/CLionProjects/Stm32Cube_Projects/watch_xiaowu_app/Drivers/STM32F4xx_StdPeriph_Driver/src/stm32f4xx_pwr.c:161:6:PWR_DeInit	8	static
/Users/wenwu/CLionProjects/Stm32Cube_Projects/watch_xiaowu_app/Drivers/STM32F4xx_StdPeriph_Driver/src/stm32f4xx_pwr.c:176:6:PWR_BackupAccessCmd	16	static
/Users/wenwu/CLionProjects/Stm32Cube_Projects/watch_xiaowu_app/Drivers/STM32F4xx_StdPeriph_Driver/src/stm32f4xx_pwr.c:224:6:PWR_PVDLevelConfig	24	static
/Users/wenwu/CLionProjects/Stm32Cube_Projects/watch_xiaowu_app/Drivers/STM32F4xx_StdPeriph_Driver/src/stm32f4xx_pwr.c:249:6:PWR_PVDCmd	16	static
/Users/wenwu/CLionProjects/Stm32Cube_Projects/watch_xiaowu_app/Drivers/STM32F4xx_StdPeriph_Driver/src/stm32f4xx_pwr.c:284:6:PWR_WakeUpPinCmd	16	static
/Users/wenwu/CLionProjects/Stm32Cube_Projects/watch_xiaowu_app/Drivers/STM32F4xx_StdPeriph_Driver/src/stm32f4xx_pwr.c:416:6:PWR_BackupRegulatorCmd	16	static
/Users/wenwu/CLionProjects/Stm32Cube_Projects/watch_xiaowu_app/Drivers/STM32F4xx_StdPeriph_Driver/src/stm32f4xx_pwr.c:438:6:PWR_MainRegulatorModeConfig	24	static
/Users/wenwu/CLionProjects/Stm32Cube_Projects/watch_xiaowu_app/Drivers/STM32F4xx_StdPeriph_Driver/src/stm32f4xx_pwr.c:473:6:PWR_OverDriveCmd	16	static
/Users/wenwu/CLionProjects/Stm32Cube_Projects/watch_xiaowu_app/Drivers/STM32F4xx_StdPeriph_Driver/src/stm32f4xx_pwr.c:491:6:PWR_OverDriveSWCmd	16	static
/Users/wenwu/CLionProjects/Stm32Cube_Projects/watch_xiaowu_app/Drivers/STM32F4xx_StdPeriph_Driver/src/stm32f4xx_pwr.c:518:6:PWR_UnderDriveCmd	16	static
/Users/wenwu/CLionProjects/Stm32Cube_Projects/watch_xiaowu_app/Drivers/STM32F4xx_StdPeriph_Driver/src/stm32f4xx_pwr.c:595:6:PWR_MainRegulatorLowVoltageCmd	16	static
/Users/wenwu/CLionProjects/Stm32Cube_Projects/watch_xiaowu_app/Drivers/STM32F4xx_StdPeriph_Driver/src/stm32f4xx_pwr.c:619:6:PWR_LowRegulatorLowVoltageCmd	16	static
/Users/wenwu/CLionProjects/Stm32Cube_Projects/watch_xiaowu_app/Drivers/STM32F4xx_StdPeriph_Driver/src/stm32f4xx_pwr.c:662:6:PWR_FlashPowerDownCmd	16	static
/Users/wenwu/CLionProjects/Stm32Cube_Projects/watch_xiaowu_app/Drivers/STM32F4xx_StdPeriph_Driver/src/stm32f4xx_pwr.c:808:6:PWR_EnterSTOPMode	24	static,ignoring_inline_asm
/Users/wenwu/CLionProjects/Stm32Cube_Projects/watch_xiaowu_app/Drivers/STM32F4xx_StdPeriph_Driver/src/stm32f4xx_pwr.c:872:6:PWR_EnterUnderDriveSTOPMode	24	static,ignoring_inline_asm
/Users/wenwu/CLionProjects/Stm32Cube_Projects/watch_xiaowu_app/Drivers/STM32F4xx_StdPeriph_Driver/src/stm32f4xx_pwr.c:921:6:PWR_EnterSTANDBYMode	4	static,ignoring_inline_asm
/Users/wenwu/CLionProjects/Stm32Cube_Projects/watch_xiaowu_app/Drivers/STM32F4xx_StdPeriph_Driver/src/stm32f4xx_pwr.c:981:12:PWR_GetFlagStatus	24	static
/Users/wenwu/CLionProjects/Stm32Cube_Projects/watch_xiaowu_app/Drivers/STM32F4xx_StdPeriph_Driver/src/stm32f4xx_pwr.c:1009:6:PWR_ClearFlag	16	static
